<?xml version="1.0" encoding="ISO-8859-1" ?>
<link_info>
   <banner>TI ARM Linker PC v18.1.3.LTS</banner>
   <copyright>Copyright (c) 1996-2017 Texas Instruments Incorporated</copyright>
   <link_time>0x5b9aaa1a</link_time>
   <link_errors>0x0</link_errors>
   <output_file>A3DPDemo_SNK.out</output_file>
   <entry_point>
      <name>_c_int00_noargs</name>
      <address>0x282b5</address>
   </entry_point>
   <input_file_list>
      <input_file id="fl-2">
         <path>.\Application\</path>
         <kind>object</kind>
         <file>A3DPDemo_SNK.obj</file>
         <name>A3DPDemo_SNK.obj</name>
      </input_file>
      <input_file id="fl-3">
         <path>.\Application\</path>
         <kind>object</kind>
         <file>Main.obj</file>
         <name>Main.obj</name>
      </input_file>
      <input_file id="fl-4">
         <path>.\Bluetopia\btpskrnl\</path>
         <kind>object</kind>
         <file>BTPSKRNL.obj</file>
         <name>BTPSKRNL.obj</name>
      </input_file>
      <input_file id="fl-5">
         <path>.\Bluetopia\btpsvend\</path>
         <kind>object</kind>
         <file>BTPSVEND.obj</file>
         <name>BTPSVEND.obj</name>
      </input_file>
      <input_file id="fl-6">
         <path>.\Bluetopia\btvs\</path>
         <kind>object</kind>
         <file>BTVS.obj</file>
         <name>BTVS.obj</name>
      </input_file>
      <input_file id="fl-7">
         <path>.\Bluetopia\hcitrans\</path>
         <kind>object</kind>
         <file>HCITRANS.obj</file>
         <name>HCITRANS.obj</name>
      </input_file>
      <input_file id="fl-8">
         <path>.\Platforms\MSP-EXP432P401R\</path>
         <kind>object</kind>
         <file>CC3200AUDBOOST.obj</file>
         <name>CC3200AUDBOOST.obj</name>
      </input_file>
      <input_file id="fl-9">
         <path>.\Platforms\MSP-EXP432P401R\</path>
         <kind>object</kind>
         <file>HAL.obj</file>
         <name>HAL.obj</name>
      </input_file>
      <input_file id="fl-a">
         <path>.\Platforms\MSP-EXP432P401R\ccs\</path>
         <kind>object</kind>
         <file>msp432_startup_ccs.obj</file>
         <name>msp432_startup_ccs.obj</name>
      </input_file>
      <input_file id="fl-b">
         <path>.\Platforms\driverlib\</path>
         <kind>object</kind>
         <file>cpu.obj</file>
         <name>cpu.obj</name>
      </input_file>
      <input_file id="fl-c">
         <path>.\Platforms\driverlib\</path>
         <kind>object</kind>
         <file>cs.obj</file>
         <name>cs.obj</name>
      </input_file>
      <input_file id="fl-d">
         <path>.\Platforms\driverlib\</path>
         <kind>object</kind>
         <file>flash.obj</file>
         <name>flash.obj</name>
      </input_file>
      <input_file id="fl-e">
         <path>.\Platforms\driverlib\</path>
         <kind>object</kind>
         <file>gpio.obj</file>
         <name>gpio.obj</name>
      </input_file>
      <input_file id="fl-f">
         <path>.\Platforms\driverlib\</path>
         <kind>object</kind>
         <file>i2c.obj</file>
         <name>i2c.obj</name>
      </input_file>
      <input_file id="fl-10">
         <path>.\Platforms\driverlib\</path>
         <kind>object</kind>
         <file>interrupt.obj</file>
         <name>interrupt.obj</name>
      </input_file>
      <input_file id="fl-11">
         <path>.\Platforms\driverlib\</path>
         <kind>object</kind>
         <file>pcm.obj</file>
         <name>pcm.obj</name>
      </input_file>
      <input_file id="fl-12">
         <path>.\Platforms\driverlib\</path>
         <kind>object</kind>
         <file>rtc_c.obj</file>
         <name>rtc_c.obj</name>
      </input_file>
      <input_file id="fl-13">
         <path>.\Platforms\driverlib\</path>
         <kind>object</kind>
         <file>sysctl.obj</file>
         <name>sysctl.obj</name>
      </input_file>
      <input_file id="fl-14">
         <path>.\Platforms\driverlib\</path>
         <kind>object</kind>
         <file>systick.obj</file>
         <name>systick.obj</name>
      </input_file>
      <input_file id="fl-15">
         <path>.\Platforms\driverlib\</path>
         <kind>object</kind>
         <file>uart.obj</file>
         <name>uart.obj</name>
      </input_file>
      <input_file id="fl-16">
         <path>.\Platforms\driverlib\</path>
         <kind>object</kind>
         <file>wdt_a.obj</file>
         <name>wdt_a.obj</name>
      </input_file>
      <input_file id="fl-1f">
         <kind>object</kind>
         <file>&lt;internal&gt;</file>
         <name>&lt;internal&gt;</name>
      </input_file>
      <input_file id="fl-d5">
         <path>C:\ti\ccsv8\tools\compiler\ti-cgt-arm_18.1.3.LTS\lib\</path>
         <kind>archive</kind>
         <file>rtsv7M4_T_le_v4SPD16_eabi.lib</file>
         <name>memset_t2.asm.obj</name>
      </input_file>
      <input_file id="fl-d6">
         <path>C:\ti\ccsv8\tools\compiler\ti-cgt-arm_18.1.3.LTS\lib\</path>
         <kind>archive</kind>
         <file>rtsv7M4_T_le_v4SPD16_eabi.lib</file>
         <name>memcpy_t2.asm.obj</name>
      </input_file>
      <input_file id="fl-d7">
         <path>C:\ti\ccsv8\tools\compiler\ti-cgt-arm_18.1.3.LTS\lib\</path>
         <kind>archive</kind>
         <file>rtsv7M4_T_le_v4SPD16_eabi.lib</file>
         <name>copy_zero_init.c.obj</name>
      </input_file>
      <input_file id="fl-d8">
         <path>C:\ti\ccsv8\tools\compiler\ti-cgt-arm_18.1.3.LTS\lib\</path>
         <kind>archive</kind>
         <file>rtsv7M4_T_le_v4SPD16_eabi.lib</file>
         <name>copy_decompress_none.c.obj</name>
      </input_file>
      <input_file id="fl-d9">
         <path>C:\ti\ccsv8\tools\compiler\ti-cgt-arm_18.1.3.LTS\lib\</path>
         <kind>archive</kind>
         <file>rtsv7M4_T_le_v4SPD16_eabi.lib</file>
         <name>copy_decompress_lzss.c.obj</name>
      </input_file>
      <input_file id="fl-da">
         <path>C:\ti\ccsv8\tools\compiler\ti-cgt-arm_18.1.3.LTS\lib\</path>
         <kind>archive</kind>
         <file>rtsv7M4_T_le_v4SPD16_eabi.lib</file>
         <name>memcmp.c.obj</name>
      </input_file>
      <input_file id="fl-db">
         <path>C:\ti\ccsv8\tools\compiler\ti-cgt-arm_18.1.3.LTS\lib\</path>
         <kind>archive</kind>
         <file>rtsv7M4_T_le_v4SPD16_eabi.lib</file>
         <name>memmov.c.obj</name>
      </input_file>
      <input_file id="fl-dc">
         <path>C:\ti\ccsv8\tools\compiler\ti-cgt-arm_18.1.3.LTS\lib\</path>
         <kind>archive</kind>
         <file>rtsv7M4_T_le_v4SPD16_eabi.lib</file>
         <name>strcpy.c.obj</name>
      </input_file>
      <input_file id="fl-dd">
         <path>C:\ti\ccsv8\tools\compiler\ti-cgt-arm_18.1.3.LTS\lib\</path>
         <kind>archive</kind>
         <file>rtsv7M4_T_le_v4SPD16_eabi.lib</file>
         <name>strlen.c.obj</name>
      </input_file>
      <input_file id="fl-de">
         <path>C:\ti\ccsv8\tools\compiler\ti-cgt-arm_18.1.3.LTS\lib\</path>
         <kind>archive</kind>
         <file>rtsv7M4_T_le_v4SPD16_eabi.lib</file>
         <name>vsnprintf.c.obj</name>
      </input_file>
      <input_file id="fl-df">
         <path>C:\ti\ccsv8\tools\compiler\ti-cgt-arm_18.1.3.LTS\lib\</path>
         <kind>archive</kind>
         <file>rtsv7M4_T_le_v4SPD16_eabi.lib</file>
         <name>vsprintf.c.obj</name>
      </input_file>
      <input_file id="fl-e0">
         <path>C:\ti\ccsv8\tools\compiler\ti-cgt-arm_18.1.3.LTS\lib\</path>
         <kind>archive</kind>
         <file>rtsv7M4_T_le_v4SPD16_eabi.lib</file>
         <name>boot_cortex_m.c.obj</name>
      </input_file>
      <input_file id="fl-e1">
         <path>C:\ti\ccsv8\tools\compiler\ti-cgt-arm_18.1.3.LTS\lib\</path>
         <kind>archive</kind>
         <file>rtsv7M4_T_le_v4SPD16_eabi.lib</file>
         <name>autoinit.c.obj</name>
      </input_file>
      <input_file id="fl-e2">
         <path>C:\ti\ccsv8\tools\compiler\ti-cgt-arm_18.1.3.LTS\lib\</path>
         <kind>archive</kind>
         <file>rtsv7M4_T_le_v4SPD16_eabi.lib</file>
         <name>pre_init.c.obj</name>
      </input_file>
      <input_file id="fl-e3">
         <path>C:\ti\ccsv8\tools\compiler\ti-cgt-arm_18.1.3.LTS\lib\</path>
         <kind>archive</kind>
         <file>rtsv7M4_T_le_v4SPD16_eabi.lib</file>
         <name>cpy_tbl.c.obj</name>
      </input_file>
      <input_file id="fl-e4">
         <path>C:\ti\ccsv8\tools\compiler\ti-cgt-arm_18.1.3.LTS\lib\</path>
         <kind>archive</kind>
         <file>rtsv7M4_T_le_v4SPD16_eabi.lib</file>
         <name>exit.c.obj</name>
      </input_file>
      <input_file id="fl-e5">
         <path>C:\ti\ccsv8\tools\compiler\ti-cgt-arm_18.1.3.LTS\lib\</path>
         <kind>archive</kind>
         <file>rtsv7M4_T_le_v4SPD16_eabi.lib</file>
         <name>_lock.c.obj</name>
      </input_file>
      <input_file id="fl-e6">
         <path>C:\ti\ccsv8\tools\compiler\ti-cgt-arm_18.1.3.LTS\lib\</path>
         <kind>archive</kind>
         <file>rtsv7M4_T_le_v4SPD16_eabi.lib</file>
         <name>_printfi.c.obj</name>
      </input_file>
      <input_file id="fl-e7">
         <path>C:\ti\ccsv8\tools\compiler\ti-cgt-arm_18.1.3.LTS\lib\</path>
         <kind>archive</kind>
         <file>rtsv7M4_T_le_v4SPD16_eabi.lib</file>
         <name>args_main.c.obj</name>
      </input_file>
      <input_file id="fl-e8">
         <path>C:\ti\ccsv8\tools\compiler\ti-cgt-arm_18.1.3.LTS\lib\</path>
         <kind>archive</kind>
         <file>rtsv7M4_T_le_v4SPD16_eabi.lib</file>
         <name>atoi.c.obj</name>
      </input_file>
      <input_file id="fl-e9">
         <path>C:\ti\ccsv8\tools\compiler\ti-cgt-arm_18.1.3.LTS\lib\</path>
         <kind>archive</kind>
         <file>rtsv7M4_T_le_v4SPD16_eabi.lib</file>
         <name>ctype.c.obj</name>
      </input_file>
      <input_file id="fl-ea">
         <path>C:\ti\ccsv8\tools\compiler\ti-cgt-arm_18.1.3.LTS\lib\</path>
         <kind>archive</kind>
         <file>rtsv7M4_T_le_v4SPD16_eabi.lib</file>
         <name>ltoa.c.obj</name>
      </input_file>
      <input_file id="fl-eb">
         <path>C:\ti\ccsv8\tools\compiler\ti-cgt-arm_18.1.3.LTS\lib\</path>
         <kind>archive</kind>
         <file>rtsv7M4_T_le_v4SPD16_eabi.lib</file>
         <name>memccpy.c.obj</name>
      </input_file>
      <input_file id="fl-ec">
         <path>C:\ti\ccsv8\tools\compiler\ti-cgt-arm_18.1.3.LTS\lib\</path>
         <kind>archive</kind>
         <file>rtsv7M4_T_le_v4SPD16_eabi.lib</file>
         <name>strchr.c.obj</name>
      </input_file>
      <input_file id="fl-ed">
         <path>C:\ti\ccsv8\tools\compiler\ti-cgt-arm_18.1.3.LTS\lib\</path>
         <kind>archive</kind>
         <file>rtsv7M4_T_le_v4SPD16_eabi.lib</file>
         <name>errno.c.obj</name>
      </input_file>
      <input_file id="fl-ee">
         <path>C:\ti\ccsv8\tools\compiler\ti-cgt-arm_18.1.3.LTS\lib\</path>
         <kind>archive</kind>
         <file>rtsv7M4_T_le_v4SPD16_eabi.lib</file>
         <name>s_frexp.c.obj</name>
      </input_file>
      <input_file id="fl-ef">
         <path>C:\ti\ccsv8\tools\compiler\ti-cgt-arm_18.1.3.LTS\lib\</path>
         <kind>archive</kind>
         <file>rtsv7M4_T_le_v4SPD16_eabi.lib</file>
         <name>s_scalbn.c.obj</name>
      </input_file>
      <input_file id="fl-f0">
         <path>C:\ti\ccsv8\tools\compiler\ti-cgt-arm_18.1.3.LTS\lib\</path>
         <kind>archive</kind>
         <file>rtsv7M4_T_le_v4SPD16_eabi.lib</file>
         <name>wcslen.c.obj</name>
      </input_file>
      <input_file id="fl-f1">
         <path>C:\ti\ccsv8\tools\compiler\ti-cgt-arm_18.1.3.LTS\lib\</path>
         <kind>archive</kind>
         <file>rtsv7M4_T_le_v4SPD16_eabi.lib</file>
         <name>s_copysign.c.obj</name>
      </input_file>
      <input_file id="fl-f2">
         <path>C:\ti\ccsv8\tools\compiler\ti-cgt-arm_18.1.3.LTS\lib\</path>
         <kind>archive</kind>
         <file>rtsv7M4_T_le_v4SPD16_eabi.lib</file>
         <name>ull_div_t2.asm.obj</name>
      </input_file>
      <input_file id="fl-f3">
         <path>C:\ti\ccsv8\tools\compiler\ti-cgt-arm_18.1.3.LTS\lib\</path>
         <kind>archive</kind>
         <file>rtsv7M4_T_le_v4SPD16_eabi.lib</file>
         <name>fd_add_t2.asm.obj</name>
      </input_file>
      <input_file id="fl-f4">
         <path>C:\ti\ccsv8\tools\compiler\ti-cgt-arm_18.1.3.LTS\lib\</path>
         <kind>archive</kind>
         <file>rtsv7M4_T_le_v4SPD16_eabi.lib</file>
         <name>fd_cmp_t2.asm.obj</name>
      </input_file>
      <input_file id="fl-f5">
         <path>C:\ti\ccsv8\tools\compiler\ti-cgt-arm_18.1.3.LTS\lib\</path>
         <kind>archive</kind>
         <file>rtsv7M4_T_le_v4SPD16_eabi.lib</file>
         <name>fd_div_t2.asm.obj</name>
      </input_file>
      <input_file id="fl-f6">
         <path>C:\ti\ccsv8\tools\compiler\ti-cgt-arm_18.1.3.LTS\lib\</path>
         <kind>archive</kind>
         <file>rtsv7M4_T_le_v4SPD16_eabi.lib</file>
         <name>fd_mul_t2.asm.obj</name>
      </input_file>
      <input_file id="fl-f7">
         <path>C:\ti\ccsv8\tools\compiler\ti-cgt-arm_18.1.3.LTS\lib\</path>
         <kind>archive</kind>
         <file>rtsv7M4_T_le_v4SPD16_eabi.lib</file>
         <name>fd_toi_t2.asm.obj</name>
      </input_file>
      <input_file id="fl-f8">
         <path>C:\ti\ccsv8\tools\compiler\ti-cgt-arm_18.1.3.LTS\lib\</path>
         <kind>archive</kind>
         <file>rtsv7M4_T_le_v4SPD16_eabi.lib</file>
         <name>i_tofd_t2.asm.obj</name>
      </input_file>
      <input_file id="fl-f9">
         <path>C:\ti\ccsv8\tools\compiler\ti-cgt-arm_18.1.3.LTS\lib\</path>
         <kind>archive</kind>
         <file>rtsv7M4_T_le_v4SPD16_eabi.lib</file>
         <name>div0.asm.obj</name>
      </input_file>
      <input_file id="fl-fa">
         <path>C:\Users\ghost\OneDrive\School-Master\EEL4924C\A3DPDemo_SNK\Bluetopia\lib\ccs\</path>
         <kind>archive</kind>
         <file>Bluetopia_BR_EDR.lib</file>
         <name>BSC.o</name>
      </input_file>
      <input_file id="fl-fb">
         <path>C:\Users\ghost\OneDrive\School-Master\EEL4924C\A3DPDemo_SNK\Bluetopia\lib\ccs\</path>
         <kind>archive</kind>
         <file>Bluetopia_BR_EDR.lib</file>
         <name>BTPSTMR.o</name>
      </input_file>
      <input_file id="fl-fc">
         <path>C:\Users\ghost\OneDrive\School-Master\EEL4924C\A3DPDemo_SNK\Bluetopia\lib\ccs\</path>
         <kind>archive</kind>
         <file>Bluetopia_BR_EDR.lib</file>
         <name>GOEP_Client_y_Server_y.o</name>
      </input_file>
      <input_file id="fl-fd">
         <path>C:\Users\ghost\OneDrive\School-Master\EEL4924C\A3DPDemo_SNK\Bluetopia\lib\ccs\</path>
         <kind>archive</kind>
         <file>Bluetopia_BR_EDR.lib</file>
         <name>GAP_LE_n.o</name>
      </input_file>
      <input_file id="fl-fe">
         <path>C:\Users\ghost\OneDrive\School-Master\EEL4924C\A3DPDemo_SNK\Bluetopia\lib\ccs\</path>
         <kind>archive</kind>
         <file>Bluetopia_BR_EDR.lib</file>
         <name>GAPLE_LEMaster_n_LESlave_n.o</name>
      </input_file>
      <input_file id="fl-ff">
         <path>C:\Users\ghost\OneDrive\School-Master\EEL4924C\A3DPDemo_SNK\Bluetopia\lib\ccs\</path>
         <kind>archive</kind>
         <file>Bluetopia_BR_EDR.lib</file>
         <name>HCI_LEMaster_n_LESlave_n_SCO_y.o</name>
      </input_file>
      <input_file id="fl-100">
         <path>C:\Users\ghost\OneDrive\School-Master\EEL4924C\A3DPDemo_SNK\Bluetopia\lib\ccs\</path>
         <kind>archive</kind>
         <file>Bluetopia_BR_EDR.lib</file>
         <name>L2CAP_LE_n.o</name>
      </input_file>
      <input_file id="fl-101">
         <path>C:\Users\ghost\OneDrive\School-Master\EEL4924C\A3DPDemo_SNK\Bluetopia\lib\ccs\</path>
         <kind>archive</kind>
         <file>Bluetopia_BR_EDR.lib</file>
         <name>RFCOMM_Client_y_Server_y.o</name>
      </input_file>
      <input_file id="fl-102">
         <path>C:\Users\ghost\OneDrive\School-Master\EEL4924C\A3DPDemo_SNK\Bluetopia\lib\ccs\</path>
         <kind>archive</kind>
         <file>Bluetopia_BR_EDR.lib</file>
         <name>SCO_Supported_y.o</name>
      </input_file>
      <input_file id="fl-103">
         <path>C:\Users\ghost\OneDrive\School-Master\EEL4924C\A3DPDemo_SNK\Bluetopia\lib\ccs\</path>
         <kind>archive</kind>
         <file>Bluetopia_BR_EDR.lib</file>
         <name>SDP_Client_y_Server_y.o</name>
      </input_file>
      <input_file id="fl-104">
         <path>C:\Users\ghost\OneDrive\School-Master\EEL4924C\A3DPDemo_SNK\Bluetopia\lib\ccs\</path>
         <kind>archive</kind>
         <file>Bluetopia_BR_EDR.lib</file>
         <name>SPP_Client_y_Server_y.o</name>
      </input_file>
      <input_file id="fl-105">
         <path>C:\Users\ghost\OneDrive\School-Master\EEL4924C\A3DPDemo_SNK\Bluetopia\lib\ccs\</path>
         <kind>archive</kind>
         <file>Bluetopia_BR_EDR.lib</file>
         <name>OTP.o</name>
      </input_file>
      <input_file id="fl-106">
         <path>C:\Users\ghost\OneDrive\School-Master\EEL4924C\A3DPDemo_SNK\Bluetopia\lib\ccs\</path>
         <kind>archive</kind>
         <file>Bluetopia_BR_EDR.lib</file>
         <name>BTPSC.o</name>
      </input_file>
      <input_file id="fl-107">
         <path>C:\Users\ghost\OneDrive\School-Master\EEL4924C\A3DPDemo_SNK\Bluetopia\lib\ccs\</path>
         <kind>archive</kind>
         <file>Bluetopia_BR_EDR.lib</file>
         <name>HCIDRV.o</name>
      </input_file>
      <input_file id="fl-108">
         <path>C:\Users\ghost\OneDrive\School-Master\EEL4924C\A3DPDemo_SNK\Bluetopia\lib\ccs\</path>
         <kind>archive</kind>
         <file>Bluetopia_BR_EDR.lib</file>
         <name>HCIComm.o</name>
      </input_file>
      <input_file id="fl-109">
         <path>C:\Users\ghost\OneDrive\School-Master\EEL4924C\A3DPDemo_SNK\Bluetopia\lib\ccs\</path>
         <kind>archive</kind>
         <file>Bluetopia_BR_EDR.lib</file>
         <name>HCILL.o</name>
      </input_file>
      <input_file id="fl-10a">
         <path>C:\Users\ghost\OneDrive\School-Master\EEL4924C\A3DPDemo_SNK\Bluetopia\lib\ccs\</path>
         <kind>archive</kind>
         <file>Bluetopia_BR_EDR.lib</file>
         <name>TWUART.o</name>
      </input_file>
      <input_file id="fl-10b">
         <path>C:\Users\ghost\OneDrive\School-Master\EEL4924C\A3DPDemo_SNK\Bluetopia\profiles\audio\lib\ccs\</path>
         <kind>archive</kind>
         <file>SS1BTAUD.lib</file>
         <name>SS1BTAUD_VendorDep_n.o</name>
      </input_file>
      <input_file id="fl-10c">
         <path>C:\Users\ghost\OneDrive\School-Master\EEL4924C\A3DPDemo_SNK\Bluetopia\profiles\avctp\lib\ccs\</path>
         <kind>archive</kind>
         <file>SS1BTAVC.lib</file>
         <name>SS1BTAVC.o</name>
      </input_file>
      <input_file id="fl-10d">
         <path>C:\Users\ghost\OneDrive\School-Master\EEL4924C\A3DPDemo_SNK\Bluetopia\profiles\avrcp\lib\ccs\</path>
         <kind>archive</kind>
         <file>SS1BTAVR.lib</file>
         <name>SS1BTAVR_VendorDep_n.o</name>
      </input_file>
      <input_file id="fl-10e">
         <path>C:\Users\ghost\OneDrive\School-Master\EEL4924C\A3DPDemo_SNK\Bluetopia\profiles\gavd\lib\ccs\</path>
         <kind>archive</kind>
         <file>SS1BTGAV.lib</file>
         <name>SS1BTGAV.o</name>
      </input_file>
   </input_file_list>
   <object_component_list>
      <object_component id="oc-21">
         <name>.intvecs:retain</name>
         <load_address>0x0</load_address>
         <run_address>0x0</run_address>
         <size>0x144</size>
         <input_file_ref idref="fl-a"/>
      </object_component>
      <object_component id="oc-154">
         <name>.text</name>
         <load_address>0x18e94</load_address>
         <run_address>0x18e94</run_address>
         <size>0x5378</size>
         <input_file_ref idref="fl-2"/>
      </object_component>
      <object_component id="oc-b9">
         <name>.text</name>
         <load_address>0x1e20c</load_address>
         <run_address>0x1e20c</run_address>
         <size>0x1a9e</size>
         <input_file_ref idref="fl-6"/>
      </object_component>
      <object_component id="oc-8b5">
         <name>.text</name>
         <load_address>0x1fcaa</load_address>
         <run_address>0x1fcaa</run_address>
         <size>0x2</size>
         <input_file_ref idref="fl-f9"/>
      </object_component>
      <object_component id="oc-d1">
         <name>.text</name>
         <load_address>0x1fcac</load_address>
         <run_address>0x1fcac</run_address>
         <size>0x159c</size>
         <input_file_ref idref="fl-d"/>
      </object_component>
      <object_component id="oc-c5">
         <name>.text</name>
         <load_address>0x21248</load_address>
         <run_address>0x21248</run_address>
         <size>0xd80</size>
         <input_file_ref idref="fl-c"/>
      </object_component>
      <object_component id="oc-b3">
         <name>.text</name>
         <load_address>0x21fc8</load_address>
         <run_address>0x21fc8</run_address>
         <size>0xb1c</size>
         <input_file_ref idref="fl-4"/>
      </object_component>
      <object_component id="oc-366">
         <name>.text:__TI_printfi</name>
         <load_address>0x22ae4</load_address>
         <run_address>0x22ae4</run_address>
         <size>0xa5e</size>
         <input_file_ref idref="fl-e6"/>
      </object_component>
      <object_component id="oc-cb">
         <name>.text</name>
         <load_address>0x23544</load_address>
         <run_address>0x23544</run_address>
         <size>0x838</size>
         <input_file_ref idref="fl-11"/>
      </object_component>
      <object_component id="oc-ef">
         <name>.text</name>
         <load_address>0x23d7c</load_address>
         <run_address>0x23d7c</run_address>
         <size>0x7a8</size>
         <input_file_ref idref="fl-f"/>
      </object_component>
      <object_component id="oc-68">
         <name>.text</name>
         <load_address>0x24524</load_address>
         <run_address>0x24524</run_address>
         <size>0x6f8</size>
         <input_file_ref idref="fl-9"/>
      </object_component>
      <object_component id="oc-6e">
         <name>.text</name>
         <load_address>0x24c1c</load_address>
         <run_address>0x24c1c</run_address>
         <size>0x550</size>
         <input_file_ref idref="fl-7"/>
      </object_component>
      <object_component id="oc-221">
         <name>.text</name>
         <load_address>0x2516c</load_address>
         <run_address>0x2516c</run_address>
         <size>0x508</size>
         <input_file_ref idref="fl-12"/>
      </object_component>
      <object_component id="oc-bf">
         <name>.text</name>
         <load_address>0x25674</load_address>
         <run_address>0x25674</run_address>
         <size>0x480</size>
         <input_file_ref idref="fl-e"/>
      </object_component>
      <object_component id="oc-e3">
         <name>.text</name>
         <load_address>0x25af4</load_address>
         <run_address>0x25af4</run_address>
         <size>0x41c</size>
         <input_file_ref idref="fl-15"/>
      </object_component>
      <object_component id="oc-3fd">
         <name>.text</name>
         <load_address>0x25f10</load_address>
         <run_address>0x25f10</run_address>
         <size>0x400</size>
         <input_file_ref idref="fl-5"/>
      </object_component>
      <object_component id="oc-d7">
         <name>.text</name>
         <load_address>0x26310</load_address>
         <run_address>0x26310</run_address>
         <size>0x3f0</size>
         <input_file_ref idref="fl-10"/>
      </object_component>
      <object_component id="oc-9a">
         <name>.text</name>
         <load_address>0x26700</load_address>
         <run_address>0x26700</run_address>
         <size>0x2d0</size>
         <input_file_ref idref="fl-3"/>
      </object_component>
      <object_component id="oc-f5">
         <name>.text</name>
         <load_address>0x269d0</load_address>
         <run_address>0x269d0</run_address>
         <size>0x284</size>
         <input_file_ref idref="fl-8"/>
      </object_component>
      <object_component id="oc-563">
         <name>.text:_pconv_a</name>
         <load_address>0x26c54</load_address>
         <run_address>0x26c54</run_address>
         <size>0x270</size>
         <input_file_ref idref="fl-e6"/>
      </object_component>
      <object_component id="oc-1b3">
         <name>.text</name>
         <load_address>0x26ec4</load_address>
         <run_address>0x26ec4</run_address>
         <size>0x244</size>
         <input_file_ref idref="fl-13"/>
      </object_component>
      <object_component id="oc-551">
         <name>.text:_pconv_g</name>
         <load_address>0x27108</load_address>
         <run_address>0x27108</run_address>
         <size>0x1d0</size>
         <input_file_ref idref="fl-e6"/>
      </object_component>
      <object_component id="oc-717">
         <name>.text</name>
         <load_address>0x272d8</load_address>
         <run_address>0x272d8</run_address>
         <size>0x1b6</size>
         <input_file_ref idref="fl-f3"/>
      </object_component>
      <object_component id="oc-55d">
         <name>.text:_pconv_e</name>
         <load_address>0x27490</load_address>
         <run_address>0x27490</run_address>
         <size>0x13c</size>
         <input_file_ref idref="fl-e6"/>
      </object_component>
      <object_component id="oc-6fd">
         <name>.text</name>
         <load_address>0x275cc</load_address>
         <run_address>0x275cc</run_address>
         <size>0x136</size>
         <input_file_ref idref="fl-f5"/>
      </object_component>
      <object_component id="oc-729">
         <name>.text:fcvt</name>
         <load_address>0x27704</load_address>
         <run_address>0x27704</run_address>
         <size>0x120</size>
         <input_file_ref idref="fl-e6"/>
      </object_component>
      <object_component id="oc-73d">
         <name>.text:scalbn</name>
         <load_address>0x27824</load_address>
         <run_address>0x27824</run_address>
         <size>0x110</size>
         <input_file_ref idref="fl-ef"/>
      </object_component>
      <object_component id="oc-6f8">
         <name>.text</name>
         <load_address>0x27934</load_address>
         <run_address>0x27934</run_address>
         <size>0xfc</size>
         <input_file_ref idref="fl-f6"/>
      </object_component>
      <object_component id="oc-ac">
         <name>.text</name>
         <load_address>0x27a30</load_address>
         <run_address>0x27a30</run_address>
         <size>0xd8</size>
         <input_file_ref idref="fl-16"/>
      </object_component>
      <object_component id="oc-546">
         <name>.text:_ltostr</name>
         <load_address>0x27b08</load_address>
         <run_address>0x27b08</run_address>
         <size>0xb1</size>
         <input_file_ref idref="fl-e6"/>
      </object_component>
      <object_component id="oc-32">
         <name>.text</name>
         <load_address>0x27bba</load_address>
         <run_address>0x27bba</run_address>
         <size>0x9c</size>
         <input_file_ref idref="fl-d6"/>
      </object_component>
      <object_component id="oc-6f1">
         <name>.text</name>
         <load_address>0x27c56</load_address>
         <run_address>0x27c56</run_address>
         <size>0x96</size>
         <input_file_ref idref="fl-f2"/>
      </object_component>
      <object_component id="oc-54c">
         <name>.text:__aeabi_cdcmple</name>
         <load_address>0x27cec</load_address>
         <run_address>0x27cec</run_address>
         <size>0x86</size>
         <input_file_ref idref="fl-f4"/>
      </object_component>
      <object_component id="oc-702">
         <name>.text:__aeabi_cdrcmple</name>
         <load_address>0x27d72</load_address>
         <run_address>0x27d72</run_address>
         <size>0x86</size>
         <input_file_ref idref="fl-f4"/>
      </object_component>
      <object_component id="oc-8e">
         <name>.text</name>
         <load_address>0x27df8</load_address>
         <run_address>0x27df8</run_address>
         <size>0x7a</size>
         <input_file_ref idref="fl-d5"/>
      </object_component>
      <object_component id="oc-dd">
         <name>.text</name>
         <load_address>0x27e74</load_address>
         <run_address>0x27e74</run_address>
         <size>0x74</size>
         <input_file_ref idref="fl-14"/>
      </object_component>
      <object_component id="oc-722">
         <name>.text:_mcpy</name>
         <load_address>0x27ee8</load_address>
         <run_address>0x27ee8</run_address>
         <size>0x6e</size>
         <input_file_ref idref="fl-e6"/>
      </object_component>
      <object_component id="oc-12">
         <name>.text:decompress:lzss:__TI_decompress_lzss</name>
         <load_address>0x27f56</load_address>
         <run_address>0x27f56</run_address>
         <size>0x68</size>
         <input_file_ref idref="fl-d9"/>
      </object_component>
      <object_component id="oc-737">
         <name>.text:frexp</name>
         <load_address>0x27fc0</load_address>
         <run_address>0x27fc0</run_address>
         <size>0x64</size>
         <input_file_ref idref="fl-ee"/>
      </object_component>
      <object_component id="oc-557">
         <name>.text:_pconv_f</name>
         <load_address>0x28024</load_address>
         <run_address>0x28024</run_address>
         <size>0x56</size>
         <input_file_ref idref="fl-e6"/>
      </object_component>
      <object_component id="oc-70c">
         <name>.text:ltoa</name>
         <load_address>0x2807a</load_address>
         <run_address>0x2807a</run_address>
         <size>0x54</size>
         <input_file_ref idref="fl-ea"/>
      </object_component>
      <object_component id="oc-71c">
         <name>.text:_ecpy</name>
         <load_address>0x280ce</load_address>
         <run_address>0x280ce</run_address>
         <size>0x52</size>
         <input_file_ref idref="fl-e6"/>
      </object_component>
      <object_component id="oc-540">
         <name>.text:atoi</name>
         <load_address>0x28120</load_address>
         <run_address>0x28120</run_address>
         <size>0x4c</size>
         <input_file_ref idref="fl-e8"/>
      </object_component>
      <object_component id="oc-707">
         <name>.text</name>
         <load_address>0x2816c</load_address>
         <run_address>0x2816c</run_address>
         <size>0x48</size>
         <input_file_ref idref="fl-f7"/>
      </object_component>
      <object_component id="oc-181">
         <name>.text:__TI_auto_init_nobinit_nopinit:__TI_auto_init_nobinit_nopinit</name>
         <load_address>0x281b4</load_address>
         <run_address>0x281b4</run_address>
         <size>0x44</size>
         <input_file_ref idref="fl-e1"/>
      </object_component>
      <object_component id="oc-1e7">
         <name>.text:vsnprintf</name>
         <load_address>0x281f8</load_address>
         <run_address>0x281f8</run_address>
         <size>0x40</size>
         <input_file_ref idref="fl-de"/>
      </object_component>
      <object_component id="oc-72f">
         <name>.text:_fcpy</name>
         <load_address>0x28238</load_address>
         <run_address>0x28238</run_address>
         <size>0x3e</size>
         <input_file_ref idref="fl-e6"/>
      </object_component>
      <object_component id="oc-21b">
         <name>.text</name>
         <load_address>0x28276</load_address>
         <run_address>0x28276</run_address>
         <size>0x3e</size>
         <input_file_ref idref="fl-b"/>
      </object_component>
      <object_component id="oc-50">
         <name>.text:_c_int00_noargs:_c_int00_noargs</name>
         <load_address>0x282b4</load_address>
         <run_address>0x282b4</run_address>
         <size>0x38</size>
         <input_file_ref idref="fl-e0"/>
      </object_component>
      <object_component id="oc-37a">
         <name>.text:_outs</name>
         <load_address>0x282ec</load_address>
         <run_address>0x282ec</run_address>
         <size>0x30</size>
         <input_file_ref idref="fl-de"/>
      </object_component>
      <object_component id="oc-712">
         <name>.text</name>
         <load_address>0x2831c</load_address>
         <run_address>0x2831c</run_address>
         <size>0x2e</size>
         <input_file_ref idref="fl-f8"/>
      </object_component>
      <object_component id="oc-1e1">
         <name>.text:vsprintf</name>
         <load_address>0x2834c</load_address>
         <run_address>0x2834c</run_address>
         <size>0x28</size>
         <input_file_ref idref="fl-df"/>
      </object_component>
      <object_component id="oc-1c9">
         <name>.text:memcmp</name>
         <load_address>0x28374</load_address>
         <run_address>0x28374</run_address>
         <size>0x24</size>
         <input_file_ref idref="fl-da"/>
      </object_component>
      <object_component id="oc-1c3">
         <name>.text:memmove</name>
         <load_address>0x28398</load_address>
         <run_address>0x28398</run_address>
         <size>0x24</size>
         <input_file_ref idref="fl-db"/>
      </object_component>
      <object_component id="oc-569">
         <name>.text:memccpy</name>
         <load_address>0x283bc</load_address>
         <run_address>0x283bc</run_address>
         <size>0x1c</size>
         <input_file_ref idref="fl-eb"/>
      </object_component>
      <object_component id="oc-380">
         <name>.text:_outc</name>
         <load_address>0x283d8</load_address>
         <run_address>0x283d8</run_address>
         <size>0x18</size>
         <input_file_ref idref="fl-de"/>
      </object_component>
      <object_component id="oc-36c">
         <name>.text:_outs</name>
         <load_address>0x283f0</load_address>
         <run_address>0x283f0</run_address>
         <size>0x18</size>
         <input_file_ref idref="fl-df"/>
      </object_component>
      <object_component id="oc-743">
         <name>.text:strchr</name>
         <load_address>0x28408</load_address>
         <run_address>0x28408</run_address>
         <size>0x16</size>
         <input_file_ref idref="fl-ec"/>
      </object_component>
      <object_component id="oc-8ce">
         <name>.text:copysign</name>
         <load_address>0x2841e</load_address>
         <run_address>0x2841e</run_address>
         <size>0x14</size>
         <input_file_ref idref="fl-f1"/>
      </object_component>
      <object_component id="oc-1d5">
         <name>.text:strcpy</name>
         <load_address>0x28432</load_address>
         <run_address>0x28432</run_address>
         <size>0x14</size>
         <input_file_ref idref="fl-dc"/>
      </object_component>
      <object_component id="oc-1db">
         <name>.text:strlen</name>
         <load_address>0x28446</load_address>
         <run_address>0x28446</run_address>
         <size>0x14</size>
         <input_file_ref idref="fl-dd"/>
      </object_component>
      <object_component id="oc-62">
         <name>.text</name>
         <load_address>0x2845a</load_address>
         <run_address>0x2845a</run_address>
         <size>0x12</size>
         <input_file_ref idref="fl-a"/>
      </object_component>
      <object_component id="oc-56f">
         <name>.text:wcslen</name>
         <load_address>0x2846c</load_address>
         <run_address>0x2846c</run_address>
         <size>0x12</size>
         <input_file_ref idref="fl-f0"/>
      </object_component>
      <object_component id="oc-18">
         <name>.text:decompress:none:__TI_decompress_none</name>
         <load_address>0x2847e</load_address>
         <run_address>0x2847e</run_address>
         <size>0xe</size>
         <input_file_ref idref="fl-d8"/>
      </object_component>
      <object_component id="oc-44">
         <name>.text:decompress:ZI:__TI_zero_init</name>
         <load_address>0x2848c</load_address>
         <run_address>0x2848c</run_address>
         <size>0xc</size>
         <input_file_ref idref="fl-d7"/>
      </object_component>
      <object_component id="oc-372">
         <name>.text:_outc</name>
         <load_address>0x28498</load_address>
         <run_address>0x28498</run_address>
         <size>0xa</size>
         <input_file_ref idref="fl-df"/>
      </object_component>
      <object_component id="oc-575">
         <name>.text:__aeabi_errno_addr</name>
         <load_address>0x284a4</load_address>
         <run_address>0x284a4</run_address>
         <size>0x8</size>
         <input_file_ref idref="fl-ed"/>
      </object_component>
      <object_component id="oc-94">
         <name>.text:_system_pre_init</name>
         <load_address>0x284ac</load_address>
         <run_address>0x284ac</run_address>
         <size>0x4</size>
         <input_file_ref idref="fl-e2"/>
      </object_component>
      <object_component id="oc-175">
         <name>.text:abort:abort</name>
         <load_address>0x284b0</load_address>
         <run_address>0x284b0</run_address>
         <size>0x4</size>
         <input_file_ref idref="fl-e4"/>
      </object_component>
      <object_component id="oc-5a8">
         <name>.const:.string:AvprPatch</name>
         <load_address>0x284b4</load_address>
         <run_address>0x284b4</run_address>
         <size>0x852b</size>
         <input_file_ref idref="fl-5"/>
      </object_component>
      <object_component id="oc-5a5">
         <name>.const:.string:BasePatch</name>
         <load_address>0x309df</load_address>
         <run_address>0x309df</run_address>
         <size>0x185f</size>
         <input_file_ref idref="fl-5"/>
      </object_component>
      <object_component id="oc-6ec">
         <name>.const:.string:_ctypes_</name>
         <load_address>0x3223e</load_address>
         <run_address>0x3223e</run_address>
         <size>0x101</size>
         <input_file_ref idref="fl-e9"/>
      </object_component>
      <object_component id="oc-3f6">
         <name>.const:.string</name>
         <load_address>0x32340</load_address>
         <run_address>0x32340</run_address>
         <size>0x7c</size>
         <input_file_ref idref="fl-2"/>
      </object_component>
      <object_component id="oc-234">
         <name>.const:g_pulRegs</name>
         <load_address>0x323bc</load_address>
         <run_address>0x323bc</run_address>
         <size>0x50</size>
         <input_file_ref idref="fl-10"/>
      </object_component>
      <object_component id="oc-2cb">
         <name>.const:AudioSNKSupportedFormats</name>
         <load_address>0x3240c</load_address>
         <run_address>0x3240c</run_address>
         <size>0x30</size>
         <input_file_ref idref="fl-2"/>
      </object_component>
      <object_component id="oc-1ff">
         <name>.const:.string:RF_Calibration_Info</name>
         <load_address>0x3243c</load_address>
         <run_address>0x3243c</run_address>
         <size>0x2e</size>
         <input_file_ref idref="fl-6"/>
      </object_component>
      <object_component id="oc-ec">
         <name>.const:$P$T0$1</name>
         <load_address>0x3246c</load_address>
         <run_address>0x3246c</run_address>
         <size>0x24</size>
         <input_file_ref idref="fl-9"/>
      </object_component>
      <object_component id="oc-231">
         <name>.const:g_pulPriority</name>
         <load_address>0x32490</load_address>
         <run_address>0x32490</run_address>
         <size>0x20</size>
         <input_file_ref idref="fl-10"/>
      </object_component>
      <object_component id="oc-211">
         <name>.const:GPIO_PORT_TO_INT</name>
         <load_address>0x324b0</load_address>
         <run_address>0x324b0</run_address>
         <size>0x1c</size>
         <input_file_ref idref="fl-e"/>
      </object_component>
      <object_component id="oc-104">
         <name>.const:$P$T1$2</name>
         <load_address>0x324cc</load_address>
         <run_address>0x324cc</run_address>
         <size>0x14</size>
         <input_file_ref idref="fl-9"/>
      </object_component>
      <object_component id="oc-1f6">
         <name>.const:.string:$P$T0$1</name>
         <load_address>0x324e0</load_address>
         <run_address>0x324e0</run_address>
         <size>0x9</size>
         <input_file_ref idref="fl-6"/>
      </object_component>
      <object_component id="oc-23a">
         <name>.const:g_pulDisRegs</name>
         <load_address>0x324ec</load_address>
         <run_address>0x324ec</run_address>
         <size>0x8</size>
         <input_file_ref idref="fl-10"/>
      </object_component>
      <object_component id="oc-237">
         <name>.const:g_pulEnRegs</name>
         <load_address>0x324f4</load_address>
         <run_address>0x324f4</run_address>
         <size>0x8</size>
         <input_file_ref idref="fl-10"/>
      </object_component>
      <object_component id="oc-23d">
         <name>.const:g_pulPendRegs</name>
         <load_address>0x324fc</load_address>
         <run_address>0x324fc</run_address>
         <size>0x8</size>
         <input_file_ref idref="fl-10"/>
      </object_component>
      <object_component id="oc-240">
         <name>.const:g_pulUnpendRegs</name>
         <load_address>0x32504</load_address>
         <run_address>0x32504</run_address>
         <size>0x8</size>
         <input_file_ref idref="fl-10"/>
      </object_component>
      <object_component id="oc-8ec">
         <name>.constdata</name>
         <load_address>0x3250c</load_address>
         <run_address>0x3250c</run_address>
         <size>0x3c</size>
         <input_file_ref idref="fl-fa"/>
      </object_component>
      <object_component id="oc-92a">
         <name>.constdata</name>
         <load_address>0x32548</load_address>
         <run_address>0x32548</run_address>
         <size>0x34</size>
         <input_file_ref idref="fl-103"/>
      </object_component>
      <object_component id="oc-8af">
         <name>.constdata</name>
         <load_address>0x3257c</load_address>
         <run_address>0x3257c</run_address>
         <size>0x30</size>
         <input_file_ref idref="fl-108"/>
      </object_component>
      <object_component id="oc-9ac">
         <name>.constdata</name>
         <load_address>0x325ac</load_address>
         <run_address>0x325ac</run_address>
         <size>0x28</size>
         <input_file_ref idref="fl-10a"/>
      </object_component>
      <object_component id="oc-502">
         <name>.constdata</name>
         <load_address>0x325d4</load_address>
         <run_address>0x325d4</run_address>
         <size>0x1e</size>
         <input_file_ref idref="fl-fd"/>
      </object_component>
      <object_component id="oc-a37">
         <name>.constdata</name>
         <load_address>0x325f4</load_address>
         <run_address>0x325f4</run_address>
         <size>0x18</size>
         <input_file_ref idref="fl-100"/>
      </object_component>
      <object_component id="oc-4a1">
         <name>.constdata</name>
         <load_address>0x3260c</load_address>
         <run_address>0x3260c</run_address>
         <size>0x18</size>
         <input_file_ref idref="fl-10b"/>
      </object_component>
      <object_component id="oc-9f3">
         <name>.constdata</name>
         <load_address>0x32624</load_address>
         <run_address>0x32624</run_address>
         <size>0x8</size>
         <input_file_ref idref="fl-10e"/>
      </object_component>
      <object_component id="oc-9e6">
         <name>.constdata</name>
         <load_address>0x3262c</load_address>
         <run_address>0x3262c</run_address>
         <size>0x5</size>
         <input_file_ref idref="fl-103"/>
      </object_component>
      <object_component id="oc-9e7">
         <name>.constdata</name>
         <load_address>0x32631</load_address>
         <run_address>0x32631</run_address>
         <size>0x5</size>
         <input_file_ref idref="fl-103"/>
      </object_component>
      <object_component id="oc-9e8">
         <name>.constdata</name>
         <load_address>0x32636</load_address>
         <run_address>0x32636</run_address>
         <size>0x5</size>
         <input_file_ref idref="fl-103"/>
      </object_component>
      <object_component id="oc-a22">
         <name>.constdata</name>
         <load_address>0x3263b</load_address>
         <run_address>0x3263b</run_address>
         <size>0x4</size>
         <input_file_ref idref="fl-109"/>
      </object_component>
      <object_component id="oc-a97">
         <name>.cinit..data.load</name>
         <load_address>0x32640</load_address>
         <run_address>0x32640</run_address>
         <size>0xa4</size>
      </object_component>
      <object_component id="oc-a94">
         <name>__TI_handler_table</name>
         <load_address>0x326e4</load_address>
         <run_address>0x326e4</run_address>
         <size>0xc</size>
      </object_component>
      <object_component id="oc-a98">
         <name>.cinit..bss.load</name>
         <load_address>0x326f0</load_address>
         <run_address>0x326f0</run_address>
         <size>0x8</size>
      </object_component>
      <object_component id="oc-a96">
         <name>.cinit..vtable.load</name>
         <load_address>0x326f8</load_address>
         <run_address>0x326f8</run_address>
         <size>0x8</size>
      </object_component>
      <object_component id="oc-a95">
         <name>__TI_cinit_table</name>
         <load_address>0x32700</load_address>
         <run_address>0x32700</run_address>
         <size>0x18</size>
      </object_component>
      <object_component id="oc-811">
         <name>i.L2CA_Event_Callback</name>
         <load_address>0x144</load_address>
         <run_address>0x144</run_address>
         <size>0xa0e</size>
         <input_file_ref idref="fl-10e"/>
      </object_component>
      <object_component id="oc-5ec">
         <name>i.L2CA_Event_Callback</name>
         <load_address>0xb52</load_address>
         <run_address>0xb52</run_address>
         <size>0x6f0</size>
         <input_file_ref idref="fl-103"/>
      </object_component>
      <object_component id="oc-47a">
         <name>i.BSC_ReleaseListLock</name>
         <load_address>0x1242</load_address>
         <run_address>0x1242</run_address>
         <size>0x2</size>
         <input_file_ref idref="fl-fa"/>
      </object_component>
      <object_component id="oc-5f2">
         <name>i.HCI_Event_Callback</name>
         <load_address>0x1244</load_address>
         <run_address>0x1244</run_address>
         <size>0x6b0</size>
         <input_file_ref idref="fl-fd"/>
      </object_component>
      <object_component id="oc-5ca">
         <name>i.AsynchronousHCIEventCallback</name>
         <load_address>0x18f4</load_address>
         <run_address>0x18f4</run_address>
         <size>0x5c0</size>
         <input_file_ref idref="fl-ff"/>
      </object_component>
      <object_component id="oc-646">
         <name>i.L2CA_Event_Callback_Control_Channel</name>
         <load_address>0x1eb4</load_address>
         <run_address>0x1eb4</run_address>
         <size>0x4b0</size>
         <input_file_ref idref="fl-10c"/>
      </object_component>
      <object_component id="oc-5e4">
         <name>i.HCI_Event_Callback</name>
         <load_address>0x2364</load_address>
         <run_address>0x2364</run_address>
         <size>0x464</size>
         <input_file_ref idref="fl-100"/>
      </object_component>
      <object_component id="oc-2dd">
         <name>i.AUD_Initialize</name>
         <load_address>0x27c8</load_address>
         <run_address>0x27c8</run_address>
         <size>0x43a</size>
         <input_file_ref idref="fl-10b"/>
      </object_component>
      <object_component id="oc-951">
         <name>i.ReportingDataEvent</name>
         <load_address>0x2c02</load_address>
         <run_address>0x2c02</run_address>
         <size>0x3ca</size>
         <input_file_ref idref="fl-10e"/>
      </object_component>
      <object_component id="oc-a0c">
         <name>i.BuildAACConfiguration</name>
         <load_address>0x2fcc</load_address>
         <run_address>0x2fcc</run_address>
         <size>0x3a6</size>
         <input_file_ref idref="fl-10b"/>
      </object_component>
      <object_component id="oc-9eb">
         <name>i.ProcessSignallingMessage</name>
         <load_address>0x3372</load_address>
         <run_address>0x3372</run_address>
         <size>0x37c</size>
         <input_file_ref idref="fl-10e"/>
      </object_component>
      <object_component id="oc-4a2">
         <name>i.BSC_UnLockBluetoothStack</name>
         <load_address>0x36ee</load_address>
         <run_address>0x36ee</run_address>
         <size>0x2</size>
         <input_file_ref idref="fl-fa"/>
      </object_component>
      <object_component id="oc-2b0">
         <name>i.BSC_Initialize</name>
         <load_address>0x36f0</load_address>
         <run_address>0x36f0</run_address>
         <size>0x310</size>
         <input_file_ref idref="fl-fa"/>
      </object_component>
      <object_component id="oc-839">
         <name>i.CleanupGAVDStreamEndPoint</name>
         <load_address>0x3a00</load_address>
         <run_address>0x3a00</run_address>
         <size>0x2fc</size>
         <input_file_ref idref="fl-10e"/>
      </object_component>
      <object_component id="oc-7c6">
         <name>i.ProcessL2CAPDataPacket</name>
         <load_address>0x3cfc</load_address>
         <run_address>0x3cfc</run_address>
         <size>0x2c6</size>
         <input_file_ref idref="fl-100"/>
      </object_component>
      <object_component id="oc-96c">
         <name>i.ParseAPIAttributes</name>
         <load_address>0x3fc2</load_address>
         <run_address>0x3fc2</run_address>
         <size>0x2a6</size>
         <input_file_ref idref="fl-103"/>
      </object_component>
      <object_component id="oc-48a">
         <name>i.InitializeAudioEndpoint</name>
         <load_address>0x4268</load_address>
         <run_address>0x4268</run_address>
         <size>0x294</size>
         <input_file_ref idref="fl-10b"/>
      </object_component>
      <object_component id="oc-68c">
         <name>i.ProcessOpenEndPointConfirmation</name>
         <load_address>0x44fc</load_address>
         <run_address>0x44fc</run_address>
         <size>0x26c</size>
         <input_file_ref idref="fl-10b"/>
      </object_component>
      <object_component id="oc-a0e">
         <name>i.BuildMP3Configuration</name>
         <load_address>0x4768</load_address>
         <run_address>0x4768</run_address>
         <size>0x25e</size>
         <input_file_ref idref="fl-10b"/>
      </object_component>
      <object_component id="oc-7f1">
         <name>i.ProcessServiceSearchAttributeRequest</name>
         <load_address>0x49c6</load_address>
         <run_address>0x49c6</run_address>
         <size>0x25a</size>
         <input_file_ref idref="fl-103"/>
      </object_component>
      <object_component id="oc-a42">
         <name>i.SetConfigurationRequestEvent</name>
         <load_address>0x4c20</load_address>
         <run_address>0x4c20</run_address>
         <size>0x258</size>
         <input_file_ref idref="fl-10e"/>
      </object_component>
      <object_component id="oc-83f">
         <name>i.SignalPacketDataWrite</name>
         <load_address>0x4e78</load_address>
         <run_address>0x4e78</run_address>
         <size>0x250</size>
         <input_file_ref idref="fl-10e"/>
      </object_component>
      <object_component id="oc-9fe">
         <name>i.OpenResponseEvent</name>
         <load_address>0x50c8</load_address>
         <run_address>0x50c8</run_address>
         <size>0x248</size>
         <input_file_ref idref="fl-10e"/>
      </object_component>
      <object_component id="oc-a0a">
         <name>i.BuildSBCConfiguration</name>
         <load_address>0x5310</load_address>
         <run_address>0x5310</run_address>
         <size>0x236</size>
         <input_file_ref idref="fl-10b"/>
      </object_component>
      <object_component id="oc-417">
         <name>i.CleanupCertificateModule</name>
         <load_address>0x5546</load_address>
         <run_address>0x5546</run_address>
         <size>0x2</size>
         <input_file_ref idref="fl-106"/>
      </object_component>
      <object_component id="oc-9a0">
         <name>i.DecodeControlChannelMessage</name>
         <load_address>0x5548</load_address>
         <run_address>0x5548</run_address>
         <size>0x234</size>
         <input_file_ref idref="fl-10d"/>
      </object_component>
      <object_component id="oc-998">
         <name>i.GAVD_Connect_Remote_End_Point</name>
         <load_address>0x577c</load_address>
         <run_address>0x577c</run_address>
         <size>0x22c</size>
         <input_file_ref idref="fl-10e"/>
      </object_component>
      <object_component id="oc-5d0">
         <name>i.UpdateHCICallbackThread</name>
         <load_address>0x59a8</load_address>
         <run_address>0x59a8</run_address>
         <size>0x21e</size>
         <input_file_ref idref="fl-ff"/>
      </object_component>
      <object_component id="oc-427">
         <name>i.OTP_Cleanup</name>
         <load_address>0x5bc6</load_address>
         <run_address>0x5bc6</run_address>
         <size>0x2</size>
         <input_file_ref idref="fl-105"/>
      </object_component>
      <object_component id="oc-83b">
         <name>i.AVCTP_Register_Profile_SDP_Record</name>
         <load_address>0x5bc8</load_address>
         <run_address>0x5bc8</run_address>
         <size>0x218</size>
         <input_file_ref idref="fl-10c"/>
      </object_component>
      <object_component id="oc-90c">
         <name>i.L2CAP_ConfigRequestEvent</name>
         <load_address>0x5de0</load_address>
         <run_address>0x5de0</run_address>
         <size>0x214</size>
         <input_file_ref idref="fl-100"/>
      </object_component>
      <object_component id="oc-8ad">
         <name>i.ProtocolEventCallback</name>
         <load_address>0x5ff4</load_address>
         <run_address>0x5ff4</run_address>
         <size>0x214</size>
         <input_file_ref idref="fl-108"/>
      </object_component>
      <object_component id="oc-2ef">
         <name>i.AUD_Send_Remote_Control_Command</name>
         <load_address>0x6208</load_address>
         <run_address>0x6208</run_address>
         <size>0x208</size>
         <input_file_ref idref="fl-10b"/>
      </object_component>
      <object_component id="oc-928">
         <name>i.CompareServiceRecordWithServiceList</name>
         <load_address>0x6410</load_address>
         <run_address>0x6410</run_address>
         <size>0x202</size>
         <input_file_ref idref="fl-103"/>
      </object_component>
      <object_component id="oc-327">
         <name>i.ReleaseBluetoothStackInformation</name>
         <load_address>0x6612</load_address>
         <run_address>0x6612</run_address>
         <size>0x2</size>
         <input_file_ref idref="fl-fa"/>
      </object_component>
      <object_component id="oc-6ac">
         <name>i.AVCTP_Send_Message</name>
         <load_address>0x6614</load_address>
         <run_address>0x6614</run_address>
         <size>0x1fc</size>
         <input_file_ref idref="fl-10c"/>
      </object_component>
      <object_component id="oc-6a0">
         <name>i.ProcessAVCTPMessageCommandIndication</name>
         <load_address>0x6810</load_address>
         <run_address>0x6810</run_address>
         <size>0x1f0</size>
         <input_file_ref idref="fl-10b"/>
      </object_component>
      <object_component id="oc-a12">
         <name>i._L2CA_Connect_Request</name>
         <load_address>0x6a00</load_address>
         <run_address>0x6a00</run_address>
         <size>0x1f0</size>
         <input_file_ref idref="fl-100"/>
      </object_component>
      <object_component id="oc-82b">
         <name>i.ProcessReceivedPacket</name>
         <load_address>0x6bf0</load_address>
         <run_address>0x6bf0</run_address>
         <size>0x1ec</size>
         <input_file_ref idref="fl-10c"/>
      </object_component>
      <object_component id="oc-676">
         <name>i.ProcessGetCapabilitiesConfirmation</name>
         <load_address>0x6ddc</load_address>
         <run_address>0x6ddc</run_address>
         <size>0x1ea</size>
         <input_file_ref idref="fl-10b"/>
      </object_component>
      <object_component id="oc-6b2">
         <name>i.BSC_Timer_Callback</name>
         <load_address>0x6fc8</load_address>
         <run_address>0x6fc8</run_address>
         <size>0x1e8</size>
         <input_file_ref idref="fl-10b"/>
      </object_component>
      <object_component id="oc-9f6">
         <name>i.GetCapabilitiesResponseEvent</name>
         <load_address>0x71b0</load_address>
         <run_address>0x71b0</run_address>
         <size>0x1e0</size>
         <input_file_ref idref="fl-10e"/>
      </object_component>
      <object_component id="oc-407">
         <name>i.HCI_Initialize</name>
         <load_address>0x7390</load_address>
         <run_address>0x7390</run_address>
         <size>0x1e0</size>
         <input_file_ref idref="fl-ff"/>
      </object_component>
      <object_component id="oc-77a">
         <name>i.HCITR_COMDataCallback_UART</name>
         <load_address>0x7570</load_address>
         <run_address>0x7570</run_address>
         <size>0x1d6</size>
         <input_file_ref idref="fl-108"/>
      </object_component>
      <object_component id="oc-4c6">
         <name>i.GAPInquiryEventHandler</name>
         <load_address>0x7746</load_address>
         <run_address>0x7746</run_address>
         <size>0x1d4</size>
         <input_file_ref idref="fl-fd"/>
      </object_component>
      <object_component id="oc-982">
         <name>i.TransactionResponseTimeout</name>
         <load_address>0x791c</load_address>
         <run_address>0x791c</run_address>
         <size>0x1d0</size>
         <input_file_ref idref="fl-10e"/>
      </object_component>
      <object_component id="oc-49d">
         <name>i.GAVD_Event_Callback</name>
         <load_address>0x7aec</load_address>
         <run_address>0x7aec</run_address>
         <size>0x1cc</size>
         <input_file_ref idref="fl-10b"/>
      </object_component>
      <object_component id="oc-5b5">
         <name>i.HCI_DriverCallback</name>
         <load_address>0x7cb8</load_address>
         <run_address>0x7cb8</run_address>
         <size>0x1c8</size>
         <input_file_ref idref="fl-107"/>
      </object_component>
      <object_component id="oc-67a">
         <name>i.ProcessSignallingDisconnectIndication</name>
         <load_address>0x7e80</load_address>
         <run_address>0x7e80</run_address>
         <size>0x1c8</size>
         <input_file_ref idref="fl-10b"/>
      </object_component>
      <object_component id="oc-674">
         <name>i.ProcessDiscoverConfirmation</name>
         <load_address>0x8048</load_address>
         <run_address>0x8048</run_address>
         <size>0x1c2</size>
         <input_file_ref idref="fl-10b"/>
      </object_component>
      <object_component id="oc-9fa">
         <name>i.GetConfigurationResponseEvent</name>
         <load_address>0x820c</load_address>
         <run_address>0x820c</run_address>
         <size>0x1bc</size>
         <input_file_ref idref="fl-10e"/>
      </object_component>
      <object_component id="oc-a44">
         <name>i.ReconfigureRequestEvent</name>
         <load_address>0x83c8</load_address>
         <run_address>0x83c8</run_address>
         <size>0x1bc</size>
         <input_file_ref idref="fl-10e"/>
      </object_component>
      <object_component id="oc-64c">
         <name>i.ParseAACStreamFormatList</name>
         <load_address>0x8584</load_address>
         <run_address>0x8584</run_address>
         <size>0x1b8</size>
         <input_file_ref idref="fl-10b"/>
      </object_component>
      <object_component id="oc-881">
         <name>i.AVRCP_Format_Subunit_Info_Response</name>
         <load_address>0x873c</load_address>
         <run_address>0x873c</run_address>
         <size>0x1b0</size>
         <input_file_ref idref="fl-10d"/>
      </object_component>
      <object_component id="oc-65a">
         <name>i.GAVD_Create_End_Point_Group</name>
         <load_address>0x88ec</load_address>
         <run_address>0x88ec</run_address>
         <size>0x1b0</size>
         <input_file_ref idref="fl-10e"/>
      </object_component>
      <object_component id="oc-654">
         <name>i.GAVD_Register_SDP_Record</name>
         <load_address>0x8a9c</load_address>
         <run_address>0x8a9c</run_address>
         <size>0x1b0</size>
         <input_file_ref idref="fl-10e"/>
      </object_component>
      <object_component id="oc-908">
         <name>i.L2CAP_ConnectRequestEvent</name>
         <load_address>0x8c4c</load_address>
         <run_address>0x8c4c</run_address>
         <size>0x1b0</size>
         <input_file_ref idref="fl-100"/>
      </object_component>
      <object_component id="oc-82d">
         <name>i.CreateStreamEndPoint</name>
         <load_address>0x8dfc</load_address>
         <run_address>0x8dfc</run_address>
         <size>0x1ae</size>
         <input_file_ref idref="fl-10e"/>
      </object_component>
      <object_component id="oc-419">
         <name>i.SCO_Initialize</name>
         <load_address>0x8fac</load_address>
         <run_address>0x8fac</run_address>
         <size>0x1ac</size>
         <input_file_ref idref="fl-102"/>
      </object_component>
      <object_component id="oc-7ed">
         <name>i.ProcessServiceAttributeRequest</name>
         <load_address>0x9158</load_address>
         <run_address>0x9158</run_address>
         <size>0x1aa</size>
         <input_file_ref idref="fl-103"/>
      </object_component>
      <object_component id="oc-41b">
         <name>i.L2CAP_Initialize</name>
         <load_address>0x9304</load_address>
         <run_address>0x9304</run_address>
         <size>0x1a0</size>
         <input_file_ref idref="fl-100"/>
      </object_component>
      <object_component id="oc-7e9">
         <name>i.ProcessServiceSearchRequest</name>
         <load_address>0x94a4</load_address>
         <run_address>0x94a4</run_address>
         <size>0x19c</size>
         <input_file_ref idref="fl-103"/>
      </object_component>
      <object_component id="oc-955">
         <name>i.MultiplexedDataEvent</name>
         <load_address>0x9640</load_address>
         <run_address>0x9640</run_address>
         <size>0x19a</size>
         <input_file_ref idref="fl-10e"/>
      </object_component>
      <object_component id="oc-656">
         <name>i.GAVD_Un_Register_End_Point</name>
         <load_address>0x97dc</load_address>
         <run_address>0x97dc</run_address>
         <size>0x194</size>
         <input_file_ref idref="fl-10e"/>
      </object_component>
      <object_component id="oc-64e">
         <name>i.ParseMP3StreamFormatList</name>
         <load_address>0x9970</load_address>
         <run_address>0x9970</run_address>
         <size>0x190</size>
         <input_file_ref idref="fl-10b"/>
      </object_component>
      <object_component id="oc-7dd">
         <name>i._L2CA_Config_Request</name>
         <load_address>0x9b00</load_address>
         <run_address>0x9b00</run_address>
         <size>0x190</size>
         <input_file_ref idref="fl-100"/>
      </object_component>
      <object_component id="oc-2c7">
         <name>i.GAP_Set_Discoverability_Mode</name>
         <load_address>0x9c90</load_address>
         <run_address>0x9c90</run_address>
         <size>0x18c</size>
         <input_file_ref idref="fl-fd"/>
      </object_component>
      <object_component id="oc-a14">
         <name>i.GAVD_Connect</name>
         <load_address>0x9e1c</load_address>
         <run_address>0x9e1c</run_address>
         <size>0x18c</size>
         <input_file_ref idref="fl-10e"/>
      </object_component>
      <object_component id="oc-88d">
         <name>i.AVCTP_Connect_Device</name>
         <load_address>0x9fa8</load_address>
         <run_address>0x9fa8</run_address>
         <size>0x184</size>
         <input_file_ref idref="fl-10c"/>
      </object_component>
      <object_component id="oc-30b">
         <name>i.GAP_Authentication_Response</name>
         <load_address>0xa12c</load_address>
         <run_address>0xa12c</run_address>
         <size>0x174</size>
         <input_file_ref idref="fl-fd"/>
      </object_component>
      <object_component id="oc-1f4">
         <name>i.HCI_Send_Raw_Command</name>
         <load_address>0xa2a0</load_address>
         <run_address>0xa2a0</run_address>
         <size>0x174</size>
         <input_file_ref idref="fl-ff"/>
      </object_component>
      <object_component id="oc-8fa">
         <name>i.ProcessSendQueueData</name>
         <load_address>0xa414</load_address>
         <run_address>0xa414</run_address>
         <size>0x174</size>
         <input_file_ref idref="fl-100"/>
      </object_component>
      <object_component id="oc-a3e">
         <name>i.GetCapabilitiesRequestEvent</name>
         <load_address>0xa588</load_address>
         <run_address>0xa588</run_address>
         <size>0x170</size>
         <input_file_ref idref="fl-10e"/>
      </object_component>
      <object_component id="oc-684">
         <name>i.ProcessReconfigureConfigurationIndication</name>
         <load_address>0xa6f8</load_address>
         <run_address>0xa6f8</run_address>
         <size>0x16e</size>
         <input_file_ref idref="fl-10b"/>
      </object_component>
      <object_component id="oc-9c1">
         <name>i.TWUART_ReceiveBytes</name>
         <load_address>0xa868</load_address>
         <run_address>0xa868</run_address>
         <size>0x16c</size>
         <input_file_ref idref="fl-10a"/>
      </object_component>
      <object_component id="oc-5e6">
         <name>i.HCI_ACL_Data_Callback</name>
         <load_address>0xa9d4</load_address>
         <run_address>0xa9d4</run_address>
         <size>0x168</size>
         <input_file_ref idref="fl-100"/>
      </object_component>
      <object_component id="oc-4bc">
         <name>i.ProcessRemoteControlCommandQueue</name>
         <load_address>0xab3c</load_address>
         <run_address>0xab3c</run_address>
         <size>0x168</size>
         <input_file_ref idref="fl-10b"/>
      </object_component>
      <object_component id="oc-9de">
         <name>i.ParseOptionsToAPI</name>
         <load_address>0xaca4</load_address>
         <run_address>0xaca4</run_address>
         <size>0x164</size>
         <input_file_ref idref="fl-100"/>
      </object_component>
      <object_component id="oc-2df">
         <name>i.AUD_Change_Media_Codec_Parameters</name>
         <load_address>0xae08</load_address>
         <run_address>0xae08</run_address>
         <size>0x160</size>
         <input_file_ref idref="fl-10b"/>
      </object_component>
      <object_component id="oc-6b6">
         <name>i.HCIInquiryEventHandler</name>
         <load_address>0xaf68</load_address>
         <run_address>0xaf68</run_address>
         <size>0x160</size>
         <input_file_ref idref="fl-ff"/>
      </object_component>
      <object_component id="oc-a48">
         <name>i.StartStreamRequestEvent</name>
         <load_address>0xb0c8</load_address>
         <run_address>0xb0c8</run_address>
         <size>0x15e</size>
         <input_file_ref idref="fl-10e"/>
      </object_component>
      <object_component id="oc-66c">
         <name>i.CleanupConnection</name>
         <load_address>0xb226</load_address>
         <run_address>0xb226</run_address>
         <size>0x15c</size>
         <input_file_ref idref="fl-10c"/>
      </object_component>
      <object_component id="oc-a33">
         <name>i.ProcessReceivedPacket</name>
         <load_address>0xb382</load_address>
         <run_address>0xb382</run_address>
         <size>0x15a</size>
         <input_file_ref idref="fl-10a"/>
      </object_component>
      <object_component id="oc-a40">
         <name>i.GetConfigurationRequestEvent</name>
         <load_address>0xb4dc</load_address>
         <run_address>0xb4dc</run_address>
         <size>0x158</size>
         <input_file_ref idref="fl-10e"/>
      </object_component>
      <object_component id="oc-82f">
         <name>i.SDP_Create_Service_Record</name>
         <load_address>0xb634</load_address>
         <run_address>0xb634</run_address>
         <size>0x158</size>
         <input_file_ref idref="fl-103"/>
      </object_component>
      <object_component id="oc-87b">
         <name>i.ProcessAVRCPResponse</name>
         <load_address>0xb78c</load_address>
         <run_address>0xb78c</run_address>
         <size>0x156</size>
         <input_file_ref idref="fl-10b"/>
      </object_component>
      <object_component id="oc-309">
         <name>i.GAP_Initiate_Bonding</name>
         <load_address>0xb8e4</load_address>
         <run_address>0xb8e4</run_address>
         <size>0x154</size>
         <input_file_ref idref="fl-fd"/>
      </object_component>
      <object_component id="oc-92f">
         <name>i.ParseRecordAttributes</name>
         <load_address>0xba38</load_address>
         <run_address>0xba38</run_address>
         <size>0x14a</size>
         <input_file_ref idref="fl-103"/>
      </object_component>
      <object_component id="oc-85d">
         <name>i.RetrieveCapabilities</name>
         <load_address>0xbb82</load_address>
         <run_address>0xbb82</run_address>
         <size>0x14a</size>
         <input_file_ref idref="fl-10b"/>
      </object_component>
      <object_component id="oc-2f3">
         <name>i.GAP_Perform_Inquiry</name>
         <load_address>0xbccc</load_address>
         <run_address>0xbccc</run_address>
         <size>0x144</size>
         <input_file_ref idref="fl-fd"/>
      </object_component>
      <object_component id="oc-949">
         <name>i.SetConfigurationRequest</name>
         <load_address>0xbe10</load_address>
         <run_address>0xbe10</run_address>
         <size>0x144</size>
         <input_file_ref idref="fl-10e"/>
      </object_component>
      <object_component id="oc-906">
         <name>i.L2CAP_RequestTimeout</name>
         <load_address>0xbf54</load_address>
         <run_address>0xbf54</run_address>
         <size>0x13a</size>
         <input_file_ref idref="fl-100"/>
      </object_component>
      <object_component id="oc-7b4">
         <name>i.LP_ConnectCfm</name>
         <load_address>0xc08e</load_address>
         <run_address>0xc08e</run_address>
         <size>0x13a</size>
         <input_file_ref idref="fl-100"/>
      </object_component>
      <object_component id="oc-692">
         <name>i.DisconnectEndpoint</name>
         <load_address>0xc1c8</load_address>
         <run_address>0xc1c8</run_address>
         <size>0x138</size>
         <input_file_ref idref="fl-10b"/>
      </object_component>
      <object_component id="oc-a46">
         <name>i.OpenRequestEvent</name>
         <load_address>0xc300</load_address>
         <run_address>0xc300</run_address>
         <size>0x134</size>
         <input_file_ref idref="fl-10e"/>
      </object_component>
      <object_component id="oc-893">
         <name>i.ConnectRemoteEndpoint</name>
         <load_address>0xc434</load_address>
         <run_address>0xc434</run_address>
         <size>0x130</size>
         <input_file_ref idref="fl-10b"/>
      </object_component>
      <object_component id="oc-94d">
         <name>i.SignallingDataEvent</name>
         <load_address>0xc564</load_address>
         <run_address>0xc564</run_address>
         <size>0x130</size>
         <input_file_ref idref="fl-10e"/>
      </object_component>
      <object_component id="oc-86f">
         <name>i.GAVD_Set_Configuration_Response</name>
         <load_address>0xc694</load_address>
         <run_address>0xc694</run_address>
         <size>0x12c</size>
         <input_file_ref idref="fl-10e"/>
      </object_component>
      <object_component id="oc-90a">
         <name>i.L2CAP_ConnectResponseEvent</name>
         <load_address>0xc7c0</load_address>
         <run_address>0xc7c0</run_address>
         <size>0x12c</size>
         <input_file_ref idref="fl-100"/>
      </object_component>
      <object_component id="oc-688">
         <name>i.ProcessOpenEndPointIndication</name>
         <load_address>0xc8ec</load_address>
         <run_address>0xc8ec</run_address>
         <size>0x12c</size>
         <input_file_ref idref="fl-10b"/>
      </object_component>
      <object_component id="oc-682">
         <name>i.ProcessSetConfigurationIndication</name>
         <load_address>0xca18</load_address>
         <run_address>0xca18</run_address>
         <size>0x128</size>
         <input_file_ref idref="fl-10b"/>
      </object_component>
      <object_component id="oc-99c">
         <name>i.MapAACConfigurationToFormat</name>
         <load_address>0xcb40</load_address>
         <run_address>0xcb40</run_address>
         <size>0x124</size>
         <input_file_ref idref="fl-10b"/>
      </object_component>
      <object_component id="oc-678">
         <name>i.ProcessSignallingConnectIndication</name>
         <load_address>0xcc64</load_address>
         <run_address>0xcc64</run_address>
         <size>0x120</size>
         <input_file_ref idref="fl-10b"/>
      </object_component>
      <object_component id="oc-a3c">
         <name>i.DiscoverRequestEvent</name>
         <load_address>0xcd84</load_address>
         <run_address>0xcd84</run_address>
         <size>0x118</size>
         <input_file_ref idref="fl-10e"/>
      </object_component>
      <object_component id="oc-a4c">
         <name>i.SuspendStreamRequestEvent</name>
         <load_address>0xce9c</load_address>
         <run_address>0xce9c</run_address>
         <size>0x116</size>
         <input_file_ref idref="fl-10e"/>
      </object_component>
      <object_component id="oc-6ce">
         <name>i.AVCTP_Close_Connection</name>
         <load_address>0xcfb4</load_address>
         <run_address>0xcfb4</run_address>
         <size>0x114</size>
         <input_file_ref idref="fl-10c"/>
      </object_component>
      <object_component id="oc-843">
         <name>i.CleanupGAVDSignallingChannel</name>
         <load_address>0xd0c8</load_address>
         <run_address>0xd0c8</run_address>
         <size>0x114</size>
         <input_file_ref idref="fl-10e"/>
      </object_component>
      <object_component id="oc-64a">
         <name>i.ParseSBCStreamFormatList</name>
         <load_address>0xd1dc</load_address>
         <run_address>0xd1dc</run_address>
         <size>0x10c</size>
         <input_file_ref idref="fl-10b"/>
      </object_component>
      <object_component id="oc-920">
         <name>i.L2CAP_ConfigRequestResponse</name>
         <load_address>0xd2e8</load_address>
         <run_address>0xd2e8</run_address>
         <size>0x10a</size>
         <input_file_ref idref="fl-100"/>
      </object_component>
      <object_component id="oc-a38">
         <name>i.CheckQueuedDataWrite</name>
         <load_address>0xd3f2</load_address>
         <run_address>0xd3f2</run_address>
         <size>0x104</size>
         <input_file_ref idref="fl-100"/>
      </object_component>
      <object_component id="oc-30d">
         <name>i.AUD_Un_Initialize</name>
         <load_address>0xd4f8</load_address>
         <run_address>0xd4f8</run_address>
         <size>0x100</size>
         <input_file_ref idref="fl-10b"/>
      </object_component>
      <object_component id="oc-4e6">
         <name>i.GAPBondingEventHandler</name>
         <load_address>0xd5f8</load_address>
         <run_address>0xd5f8</run_address>
         <size>0xfe</size>
         <input_file_ref idref="fl-fd"/>
      </object_component>
      <object_component id="oc-a35">
         <name>i.SendDataPacket</name>
         <load_address>0xd6f6</load_address>
         <run_address>0xd6f6</run_address>
         <size>0xfe</size>
         <input_file_ref idref="fl-ff"/>
      </object_component>
      <object_component id="oc-961">
         <name>i.CreateServiceCapabilitiesElement</name>
         <load_address>0xd7f4</load_address>
         <run_address>0xd7f4</run_address>
         <size>0xfc</size>
         <input_file_ref idref="fl-10e"/>
      </object_component>
      <object_component id="oc-6ca">
         <name>i.GAVD_Disconnect_Signalling_Connection</name>
         <load_address>0xd8f0</load_address>
         <run_address>0xd8f0</run_address>
         <size>0xfc</size>
         <input_file_ref idref="fl-10e"/>
      </object_component>
      <object_component id="oc-5b1">
         <name>i.OpenComm</name>
         <load_address>0xd9ec</load_address>
         <run_address>0xd9ec</run_address>
         <size>0xfc</size>
         <input_file_ref idref="fl-108"/>
      </object_component>
      <object_component id="oc-2e8">
         <name>i.AUD_Query_Stream_Configuration</name>
         <load_address>0xdae8</load_address>
         <run_address>0xdae8</run_address>
         <size>0xf8</size>
         <input_file_ref idref="fl-10b"/>
      </object_component>
      <object_component id="oc-859">
         <name>i.CheckAndDispatchFailedConnection</name>
         <load_address>0xdbe0</load_address>
         <run_address>0xdbe0</run_address>
         <size>0xf8</size>
         <input_file_ref idref="fl-10b"/>
      </object_component>
      <object_component id="oc-871">
         <name>i.GAVD_Reconfigure_Response</name>
         <load_address>0xdcd8</load_address>
         <run_address>0xdcd8</run_address>
         <size>0xf8</size>
         <input_file_ref idref="fl-10e"/>
      </object_component>
      <object_component id="oc-953">
         <name>i.RecoveryDataEvent</name>
         <load_address>0xddd0</load_address>
         <run_address>0xddd0</run_address>
         <size>0xf6</size>
         <input_file_ref idref="fl-10e"/>
      </object_component>
      <object_component id="oc-5de">
         <name>i._HCI_Event_Callback</name>
         <load_address>0xdec6</load_address>
         <run_address>0xdec6</run_address>
         <size>0xf6</size>
         <input_file_ref idref="fl-102"/>
      </object_component>
      <object_component id="oc-79e">
         <name>i.LP_ConnectCfmNeg</name>
         <load_address>0xdfbc</load_address>
         <run_address>0xdfbc</run_address>
         <size>0xf4</size>
         <input_file_ref idref="fl-100"/>
      </object_component>
      <object_component id="oc-827">
         <name>i.OpenEventCallback</name>
         <load_address>0xe0b0</load_address>
         <run_address>0xe0b0</run_address>
         <size>0xf2</size>
         <input_file_ref idref="fl-10c"/>
      </object_component>
      <object_component id="oc-4a8">
         <name>i.GAVD_Get_Channel_Information</name>
         <load_address>0xe1a4</load_address>
         <run_address>0xe1a4</run_address>
         <size>0xf0</size>
         <input_file_ref idref="fl-10e"/>
      </object_component>
      <object_component id="oc-969">
         <name>i.ParseAPIUUIDs</name>
         <load_address>0xe294</load_address>
         <run_address>0xe294</run_address>
         <size>0xf0</size>
         <input_file_ref idref="fl-103"/>
      </object_component>
      <object_component id="oc-831">
         <name>i.SDP_Add_Attribute</name>
         <load_address>0xe384</load_address>
         <run_address>0xe384</run_address>
         <size>0xf0</size>
         <input_file_ref idref="fl-103"/>
      </object_component>
      <object_component id="oc-630">
         <name>i.L2CA_Get_Link_Connection_State</name>
         <load_address>0xe474</load_address>
         <run_address>0xe474</run_address>
         <size>0xee</size>
         <input_file_ref idref="fl-100"/>
      </object_component>
      <object_component id="oc-7ac">
         <name>i.LP_DisconnectCfm</name>
         <load_address>0xe562</load_address>
         <run_address>0xe562</run_address>
         <size>0xec</size>
         <input_file_ref idref="fl-100"/>
      </object_component>
      <object_component id="oc-7eb">
         <name>i.ParseAttributeIDList</name>
         <load_address>0xe64e</load_address>
         <run_address>0xe64e</run_address>
         <size>0xea</size>
         <input_file_ref idref="fl-103"/>
      </object_component>
[...]
         <name>_L2CA_Connect_Request</name>
         <value>0x6a01</value>
         <object_component_ref idref="oc-a12"/>
      </symbol>
      <symbol id="sm-1985">
         <name>_L2CA_Connect_Response</name>
         <value>0x10e09</value>
         <object_component_ref idref="oc-7d7"/>
      </symbol>
      <symbol id="sm-1986">
         <name>_L2CA_Data_Write</name>
         <value>0x18db1</value>
         <object_component_ref idref="oc-935"/>
      </symbol>
      <symbol id="sm-1987">
         <name>_L2CA_Disconnect_Request</name>
         <value>0x125e1</value>
         <object_component_ref idref="oc-7f5"/>
      </symbol>
      <symbol id="sm-1988">
         <name>_L2CA_Disconnect_Response</name>
         <value>0x184f5</value>
         <object_component_ref idref="oc-7e3"/>
      </symbol>
      <symbol id="sm-1989">
         <name>_L2CA_Enhanced_Data_Write</name>
         <value>0x10235</value>
         <object_component_ref idref="oc-9e9"/>
      </symbol>
      <symbol id="sm-198a">
         <name>_L2CA_Flush_Channel_Data</name>
         <value>0x14717</value>
         <object_component_ref idref="oc-93d"/>
      </symbol>
      <symbol id="sm-198b">
         <name>_L2CA_Register_PSM</name>
         <value>0x14b65</value>
         <object_component_ref idref="oc-5ea"/>
      </symbol>
      <symbol id="sm-198c">
         <name>_L2CA_Un_Register_PSM</name>
         <value>0x14631</value>
         <object_component_ref idref="oc-813"/>
      </symbol>
      <symbol id="sm-19a0">
         <name>RFCOMM_Cleanup</name>
         <value>0x17a6d</value>
         <object_component_ref idref="oc-42f"/>
      </symbol>
      <symbol id="sm-19a1">
         <name>RFCOMM_Initialize</name>
         <value>0x1084d</value>
         <object_component_ref idref="oc-41f"/>
      </symbol>
      <symbol id="sm-19a2">
         <name>_RFCOMM_Set_System_Parameters</name>
         <value>0x160ed</value>
         <object_component_ref idref="oc-5f6"/>
      </symbol>
      <symbol id="sm-19b7">
         <name>SCO_Cleanup</name>
         <value>0x12f65</value>
         <object_component_ref idref="oc-433"/>
      </symbol>
      <symbol id="sm-19b8">
         <name>SCO_Initialize</name>
         <value>0x8fad</value>
         <object_component_ref idref="oc-419"/>
      </symbol>
      <symbol id="sm-1a73">
         <name>SDP_Add_Attribute</name>
         <value>0xe385</value>
         <object_component_ref idref="oc-831"/>
      </symbol>
      <symbol id="sm-1a74">
         <name>SDP_Cleanup</name>
         <value>0x163e1</value>
         <object_component_ref idref="oc-431"/>
      </symbol>
      <symbol id="sm-1a75">
         <name>SDP_Create_Service_Record</name>
         <value>0xb635</value>
         <object_component_ref idref="oc-82f"/>
      </symbol>
      <symbol id="sm-1a76">
         <name>SDP_Delete_Service_Record</name>
         <value>0x1541b</value>
         <object_component_ref idref="oc-496"/>
      </symbol>
      <symbol id="sm-1a77">
         <name>SDP_Initialize</name>
         <value>0x112bd</value>
         <object_component_ref idref="oc-41d"/>
      </symbol>
      <symbol id="sm-1a78">
         <name>WriteDataElementSequenceHeader</name>
         <value>0x15475</value>
         <object_component_ref idref="oc-931"/>
      </symbol>
      <symbol id="sm-1a88">
         <name>SPP_Cleanup</name>
         <value>0x17cf1</value>
         <object_component_ref idref="oc-42b"/>
      </symbol>
      <symbol id="sm-1a89">
         <name>SPP_Initialize</name>
         <value>0x13299</value>
         <object_component_ref idref="oc-423"/>
      </symbol>
      <symbol id="sm-1a91">
         <name>OTP_Cleanup</name>
         <value>0x5bc7</value>
         <object_component_ref idref="oc-427"/>
      </symbol>
      <symbol id="sm-1a92">
         <name>OTP_Initialize</name>
         <value>0x18e91</value>
         <object_component_ref idref="oc-439"/>
      </symbol>
      <symbol id="sm-1aa7">
         <name>CleanupCertificateModule</name>
         <value>0x5547</value>
         <object_component_ref idref="oc-417"/>
      </symbol>
      <symbol id="sm-1aa8">
         <name>GetAccess</name>
         <value>0x18331</value>
         <object_component_ref idref="oc-415"/>
      </symbol>
      <symbol id="sm-1aa9">
         <name>GetCertCurrentDate</name>
         <value>0x18e81</value>
         <object_component_ref idref="oc-413"/>
      </symbol>
      <symbol id="sm-1aaa">
         <name>GetCertLength</name>
         <value>0x18e85</value>
         <object_component_ref idref="oc-40f"/>
      </symbol>
      <symbol id="sm-1aab">
         <name>GetCertPtr</name>
         <value>0x18e11</value>
         <object_component_ref idref="oc-411"/>
      </symbol>
      <symbol id="sm-1aac">
         <name>InitializeCertificateModule</name>
         <value>0x18e8d</value>
         <object_component_ref idref="oc-40d"/>
      </symbol>
      <symbol id="sm-1b09">
         <name>HCI_CancelPacket</name>
         <value>0x15021</value>
         <object_component_ref idref="oc-595"/>
      </symbol>
      <symbol id="sm-1b0a">
         <name>HCI_ChangeSCOConfiguration</name>
         <value>0x160a5</value>
         <object_component_ref idref="oc-798"/>
      </symbol>
      <symbol id="sm-1b0b">
         <name>HCI_ChangeSCOConfigurationHandles</name>
         <value>0x1749d</value>
         <object_component_ref idref="oc-79a"/>
      </symbol>
      <symbol id="sm-1b0c">
         <name>HCI_CloseDriver</name>
         <value>0x10d59</value>
         <object_component_ref idref="oc-43d"/>
      </symbol>
      <symbol id="sm-1b0d">
         <name>HCI_OpenDriver</name>
         <value>0x1078d</value>
         <object_component_ref idref="oc-403"/>
      </symbol>
      <symbol id="sm-1b0e">
         <name>HCI_ProcessHCIDriverInformation</name>
         <value>0x16865</value>
         <object_component_ref idref="oc-591"/>
      </symbol>
      <symbol id="sm-1b0f">
         <name>HCI_ReconfigureDriver</name>
         <value>0x151f5</value>
         <object_component_ref idref="oc-325"/>
      </symbol>
      <symbol id="sm-1b10">
         <name>HCI_RegisterACLDataCallback</name>
         <value>0x18ddd</value>
         <object_component_ref idref="oc-5bd"/>
      </symbol>
      <symbol id="sm-1b11">
         <name>HCI_RegisterEventCallback</name>
         <value>0x18de7</value>
         <object_component_ref idref="oc-5bb"/>
      </symbol>
      <symbol id="sm-1b12">
         <name>HCI_RegisterSCODataCallback</name>
         <value>0x18df1</value>
         <object_component_ref idref="oc-5bf"/>
      </symbol>
      <symbol id="sm-1b13">
         <name>HCI_SendPacket</name>
         <value>0x119d1</value>
         <object_component_ref idref="oc-58f"/>
      </symbol>
      <symbol id="sm-1b14">
         <name>HCI_UnRegisterCallback</name>
         <value>0x15251</value>
         <object_component_ref idref="oc-5c7"/>
      </symbol>
      <symbol id="sm-1b63">
         <name>ChangeCommSCOConfiguration</name>
         <value>0x173ad</value>
         <object_component_ref idref="oc-8f0"/>
      </symbol>
      <symbol id="sm-1b64">
         <name>CleanupCOMMList</name>
         <value>0x1605d</value>
         <object_component_ref idref="oc-626"/>
      </symbol>
      <symbol id="sm-1b65">
         <name>CloseComm</name>
         <value>0x1628d</value>
         <object_component_ref idref="oc-5b3"/>
      </symbol>
      <symbol id="sm-1b66">
         <name>InitializeCOMMList</name>
         <value>0x187f9</value>
         <object_component_ref idref="oc-5ad"/>
      </symbol>
      <symbol id="sm-1b67">
         <name>OpenComm</name>
         <value>0xd9ed</value>
         <object_component_ref idref="oc-5b1"/>
      </symbol>
      <symbol id="sm-1b68">
         <name>ProcessComm</name>
         <value>0x18215</value>
         <object_component_ref idref="oc-76a"/>
      </symbol>
      <symbol id="sm-1b69">
         <name>ReconfigureComm</name>
         <value>0xff11</value>
         <object_component_ref idref="oc-512"/>
      </symbol>
      <symbol id="sm-1b6a">
         <name>SendCommPacket</name>
         <value>0x109c9</value>
         <object_component_ref idref="oc-8ea"/>
      </symbol>
      <symbol id="sm-1b92">
         <name>HCILL_Initialize</name>
         <value>0x17c9d</value>
         <object_component_ref idref="oc-8a9"/>
      </symbol>
      <symbol id="sm-1b93">
         <name>HCILL_ReceiveBytes</name>
         <value>0x139d9</value>
         <object_component_ref idref="oc-9b7"/>
      </symbol>
      <symbol id="sm-1b94">
         <name>HCILL_Reconfigure</name>
         <value>0x18455</value>
         <object_component_ref idref="oc-9b1"/>
      </symbol>
      <symbol id="sm-1b95">
         <name>HCILL_Resynchronize</name>
         <value>0x18dd3</value>
         <object_component_ref idref="oc-9b3"/>
      </symbol>
      <symbol id="sm-1b96">
         <name>HCILL_Shutdown</name>
         <value>0x18475</value>
         <object_component_ref idref="oc-9af"/>
      </symbol>
      <symbol id="sm-1b97">
         <name>HCILL_TransmitBytes</name>
         <value>0x13211</value>
         <object_component_ref idref="oc-9b5"/>
      </symbol>
      <symbol id="sm-1c0e">
         <name>TWUART_Initialize</name>
         <value>0x11169</value>
         <object_component_ref idref="oc-8ab"/>
      </symbol>
      <symbol id="sm-1c0f">
         <name>TWUART_ReceiveBytes</name>
         <value>0xa869</value>
         <object_component_ref idref="oc-9c1"/>
      </symbol>
      <symbol id="sm-1c10">
         <name>TWUART_Reconfigure</name>
         <value>0x12a6d</value>
         <object_component_ref idref="oc-9bb"/>
      </symbol>
      <symbol id="sm-1c11">
         <name>TWUART_Resynchronize</name>
         <value>0x15689</value>
         <object_component_ref idref="oc-9bd"/>
      </symbol>
      <symbol id="sm-1c12">
         <name>TWUART_Shutdown</name>
         <value>0x17903</value>
         <object_component_ref idref="oc-9b9"/>
      </symbol>
      <symbol id="sm-1c13">
         <name>TWUART_TransmitBytes</name>
         <value>0x11ceb</value>
         <object_component_ref idref="oc-9bf"/>
      </symbol>
      <symbol id="sm-1d9d">
         <name>AUD_Change_Media_Codec_Parameters</name>
         <value>0xae09</value>
         <object_component_ref idref="oc-2df"/>
      </symbol>
      <symbol id="sm-1d9e">
         <name>AUD_Initialize</name>
         <value>0x27c9</value>
         <object_component_ref idref="oc-2dd"/>
      </symbol>
      <symbol id="sm-1d9f">
         <name>AUD_Query_Stream_Channel_Information</name>
         <value>0xf6fd</value>
         <object_component_ref idref="oc-2e4"/>
      </symbol>
      <symbol id="sm-1da0">
         <name>AUD_Query_Stream_Configuration</name>
         <value>0xdae9</value>
         <object_component_ref idref="oc-2e8"/>
      </symbol>
      <symbol id="sm-1da1">
         <name>AUD_Send_Remote_Control_Command</name>
         <value>0x6209</value>
         <object_component_ref idref="oc-2ef"/>
      </symbol>
      <symbol id="sm-1da2">
         <name>AUD_Un_Initialize</name>
         <value>0xd4f9</value>
         <object_component_ref idref="oc-30d"/>
      </symbol>
      <symbol id="sm-1da3">
         <name>InitializeAudioModule</name>
         <value>0x187c9</value>
         <object_component_ref idref="oc-472"/>
      </symbol>
      <symbol id="sm-1e1f">
         <name>AVCTP_Cleanup</name>
         <value>0xfbe1</value>
         <object_component_ref idref="oc-49a"/>
      </symbol>
      <symbol id="sm-1e20">
         <name>AVCTP_Close_Connection</name>
         <value>0xcfb5</value>
         <object_component_ref idref="oc-6ce"/>
      </symbol>
      <symbol id="sm-1e21">
         <name>AVCTP_Connect_Device</name>
         <value>0x9fa9</value>
         <object_component_ref idref="oc-88d"/>
      </symbol>
      <symbol id="sm-1e22">
         <name>AVCTP_Connect_Request_Response</name>
         <value>0x1060d</value>
         <object_component_ref idref="oc-6cc"/>
      </symbol>
      <symbol id="sm-1e23">
         <name>AVCTP_Initialize</name>
         <value>0xffdd</value>
         <object_component_ref idref="oc-482"/>
      </symbol>
      <symbol id="sm-1e24">
         <name>AVCTP_Register_Profile</name>
         <value>0xee71</value>
         <object_component_ref idref="oc-486"/>
      </symbol>
      <symbol id="sm-1e25">
         <name>AVCTP_Register_Profile_SDP_Record</name>
         <value>0x5bc9</value>
         <object_component_ref idref="oc-83b"/>
      </symbol>
      <symbol id="sm-1e26">
         <name>AVCTP_Send_Message</name>
         <value>0x6615</value>
         <object_component_ref idref="oc-6ac"/>
      </symbol>
      <symbol id="sm-1e27">
         <name>AVCTP_Set_Profile_Server_Connection_Mode</name>
         <value>0x13f3d</value>
         <object_component_ref idref="oc-484"/>
      </symbol>
      <symbol id="sm-1e28">
         <name>AVCTP_UnRegister_Profile</name>
         <value>0x11891</value>
         <object_component_ref idref="oc-498"/>
      </symbol>
      <symbol id="sm-1e29">
         <name>InitializeAVCTPModule</name>
         <value>0x187b1</value>
         <object_component_ref idref="oc-63d"/>
      </symbol>
      <symbol id="sm-1e60">
         <name>AVRCP_Decode_Message</name>
         <value>0x16e21</value>
         <object_component_ref idref="oc-879"/>
      </symbol>
      <symbol id="sm-1e61">
         <name>AVRCP_Format_Abort_Continuing_Response_Command</name>
         <value>0x18e19</value>
         <object_component_ref idref="oc-891"/>
      </symbol>
      <symbol id="sm-1e62">
         <name>AVRCP_Format_Command_Reject_Response</name>
         <value>0x18e1f</value>
         <object_component_ref idref="oc-883"/>
      </symbol>
      <symbol id="sm-1e63">
         <name>AVRCP_Format_Group_Navigation_Command</name>
         <value>0x134b5</value>
         <object_component_ref idref="oc-4ba"/>
      </symbol>
      <symbol id="sm-1e64">
         <name>AVRCP_Format_Pass_Through_Command</name>
         <value>0x11d89</value>
         <object_component_ref idref="oc-4b8"/>
      </symbol>
      <symbol id="sm-1e65">
         <name>AVRCP_Format_Subunit_Info_Command</name>
         <value>0x12ff1</value>
         <object_component_ref idref="oc-4b6"/>
      </symbol>
      <symbol id="sm-1e66">
         <name>AVRCP_Format_Subunit_Info_Response</name>
         <value>0x873d</value>
         <object_component_ref idref="oc-881"/>
      </symbol>
      <symbol id="sm-1e67">
         <name>AVRCP_Format_Unit_Info_Command</name>
         <value>0x150e1</value>
         <object_component_ref idref="oc-4b2"/>
      </symbol>
      <symbol id="sm-1e68">
         <name>AVRCP_Format_Unit_Info_Response</name>
         <value>0x1279d</value>
         <object_component_ref idref="oc-87f"/>
      </symbol>
      <symbol id="sm-1e69">
         <name>AVRCP_Free_Decoded_Message</name>
         <value>0x1734d</value>
         <object_component_ref idref="oc-87d"/>
      </symbol>
      <symbol id="sm-1e6a">
         <name>AVRCP_Free_Fragmented_Message_List</name>
         <value>0x182ed</value>
         <object_component_ref idref="oc-88b"/>
      </symbol>
      <symbol id="sm-1e6b">
         <name>AVRCP_Register_SDP_Record_Version</name>
         <value>0x16e55</value>
         <object_component_ref idref="oc-48e"/>
      </symbol>
      <symbol id="sm-2074">
         <name>GAVD_Abort_Stream_Request</name>
         <value>0x10a85</value>
         <object_component_ref idref="oc-833"/>
      </symbol>
      <symbol id="sm-2075">
         <name>GAVD_Cleanup</name>
         <value>0x10f65</value>
         <object_component_ref idref="oc-494"/>
      </symbol>
      <symbol id="sm-2076">
         <name>GAVD_Close_End_Point</name>
         <value>0xfcad</value>
         <object_component_ref idref="oc-65e"/>
      </symbol>
      <symbol id="sm-2077">
         <name>GAVD_Connect</name>
         <value>0x9e1d</value>
         <object_component_ref idref="oc-a14"/>
      </symbol>
      <symbol id="sm-2078">
         <name>GAVD_Connect_Remote_End_Point</name>
         <value>0x577d</value>
         <object_component_ref idref="oc-998"/>
      </symbol>
      <symbol id="sm-2079">
         <name>GAVD_Connect_Request_Response</name>
         <value>0x106cd</value>
         <object_component_ref idref="oc-855"/>
      </symbol>
      <symbol id="sm-207a">
         <name>GAVD_Create_End_Point_Group</name>
         <value>0x88ed</value>
         <object_component_ref idref="oc-65a"/>
      </symbol>
      <symbol id="sm-207b">
         <name>GAVD_Disconnect</name>
         <value>0xe90d</value>
         <object_component_ref idref="oc-6c8"/>
      </symbol>
      <symbol id="sm-207c">
         <name>GAVD_Disconnect_Signalling_Connection</name>
         <value>0xd8f1</value>
         <object_component_ref idref="oc-6ca"/>
      </symbol>
      <symbol id="sm-207d">
         <name>GAVD_Discover_End_Points</name>
         <value>0x12259</value>
         <object_component_ref idref="oc-98a"/>
      </symbol>
      <symbol id="sm-207e">
         <name>GAVD_Get_Channel_Information</name>
         <value>0xe1a5</value>
         <object_component_ref idref="oc-4a8"/>
      </symbol>
      <symbol id="sm-207f">
         <name>GAVD_Get_End_Point_Capabilities</name>
         <value>0x11011</value>
         <object_component_ref idref="oc-98c"/>
      </symbol>
      <symbol id="sm-2080">
         <name>GAVD_Initialize</name>
         <value>0x14c39</value>
         <object_component_ref idref="oc-47c"/>
      </symbol>
      <symbol id="sm-2081">
         <name>GAVD_Reconfigure_Response</name>
         <value>0xdcd9</value>
         <object_component_ref idref="oc-871"/>
      </symbol>
      <symbol id="sm-2082">
         <name>GAVD_Register_End_Point</name>
         <value>0x12d35</value>
         <object_component_ref idref="oc-650"/>
      </symbol>
      <symbol id="sm-2083">
         <name>GAVD_Register_SDP_Record</name>
         <value>0x8a9d</value>
         <object_component_ref idref="oc-654"/>
      </symbol>
      <symbol id="sm-2084">
         <name>GAVD_Register_Signalling_Connection_Status</name>
         <value>0x14a21</value>
         <object_component_ref idref="oc-480"/>
      </symbol>
      <symbol id="sm-2085">
         <name>GAVD_Set_Configuration_Response</name>
         <value>0xc695</value>
         <object_component_ref idref="oc-86f"/>
      </symbol>
      <symbol id="sm-2086">
         <name>GAVD_Set_Server_Connection_Mode</name>
         <value>0x1420d</value>
         <object_component_ref idref="oc-47e"/>
      </symbol>
      <symbol id="sm-2087">
         <name>GAVD_Start_Stream_Response</name>
         <value>0x13641</value>
         <object_component_ref idref="oc-873"/>
      </symbol>
      <symbol id="sm-2088">
         <name>GAVD_Suspend_Stream_Response</name>
         <value>0x136c5</value>
         <object_component_ref idref="oc-875"/>
      </symbol>
      <symbol id="sm-2089">
         <name>GAVD_Un_Register_End_Point</name>
         <value>0x97dd</value>
         <object_component_ref idref="oc-656"/>
      </symbol>
      <symbol id="sm-208a">
         <name>GAVD_Un_Register_Signalling_Connection_Status</name>
         <value>0x15199</value>
         <object_component_ref idref="oc-492"/>
      </symbol>
      <symbol id="sm-208b">
         <name>InitializeGAVDModule</name>
         <value>0x18811</value>
         <object_component_ref idref="oc-636"/>
      </symbol>
      <symbol id="sm-208c">
         <name>__TI_static_base__</name>
         <value>0x0</value>
      </symbol>
      <symbol id="sm-208f">
         <name>__mpu_init</name>
         <value>0x0</value>
      </symbol>
      <symbol id="sm-2090">
         <name>_system_post_cinit</name>
         <value>0x0</value>
      </symbol>
   </symbol_table>
   <title>Link successful</title>
</link_info>
