<?xml version="1.0" encoding="ISO-8859-1" ?>
<link_info>
   <banner>TI ARM Linker PC v18.1.3.LTS</banner>
   <copyright>Copyright (c) 1996-2017 Texas Instruments Incorporated</copyright>
   <link_time>0x5b9b3656</link_time>
   <link_errors>0x0</link_errors>
   <output_file>Gator_Stream_Receiver.out</output_file>
   <entry_point>
      <name>_c_int00_noargs</name>
      <address>0x282c5</address>
   </entry_point>
   <input_file_list>
      <input_file id="fl-2">
         <path>.\Application\</path>
         <kind>object</kind>
         <file>Gator_Stream_Receiver.obj</file>
         <name>Gator_Stream_Receiver.obj</name>
      </input_file>
      <input_file id="fl-3">
         <path>.\Application\</path>
         <kind>object</kind>
         <file>Main.obj</file>
         <name>Main.obj</name>
      </input_file>
      <input_file id="fl-4">
         <path>.\Bluetopia\btpskrnl\</path>
         <kind>object</kind>
         <file>BTPSKRNL.obj</file>
         <name>BTPSKRNL.obj</name>
      </input_file>
      <input_file id="fl-5">
         <path>.\Bluetopia\btpsvend\</path>
         <kind>object</kind>
         <file>BTPSVEND.obj</file>
         <name>BTPSVEND.obj</name>
      </input_file>
      <input_file id="fl-6">
         <path>.\Bluetopia\btvs\</path>
         <kind>object</kind>
         <file>BTVS.obj</file>
         <name>BTVS.obj</name>
      </input_file>
      <input_file id="fl-7">
         <path>.\Bluetopia\hcitrans\</path>
         <kind>object</kind>
         <file>HCITRANS.obj</file>
         <name>HCITRANS.obj</name>
      </input_file>
      <input_file id="fl-8">
         <path>.\Platforms\MSP-EXP432P401R\</path>
         <kind>object</kind>
         <file>CC3200AUDBOOST.obj</file>
         <name>CC3200AUDBOOST.obj</name>
      </input_file>
      <input_file id="fl-9">
         <path>.\Platforms\MSP-EXP432P401R\</path>
         <kind>object</kind>
         <file>HAL.obj</file>
         <name>HAL.obj</name>
      </input_file>
      <input_file id="fl-a">
         <path>.\Platforms\MSP-EXP432P401R\ccs\</path>
         <kind>object</kind>
         <file>msp432_startup_ccs.obj</file>
         <name>msp432_startup_ccs.obj</name>
      </input_file>
      <input_file id="fl-b">
         <path>.\Platforms\driverlib\</path>
         <kind>object</kind>
         <file>cpu.obj</file>
         <name>cpu.obj</name>
      </input_file>
      <input_file id="fl-c">
         <path>.\Platforms\driverlib\</path>
         <kind>object</kind>
         <file>cs.obj</file>
         <name>cs.obj</name>
      </input_file>
      <input_file id="fl-d">
         <path>.\Platforms\driverlib\</path>
         <kind>object</kind>
         <file>flash.obj</file>
         <name>flash.obj</name>
      </input_file>
      <input_file id="fl-e">
         <path>.\Platforms\driverlib\</path>
         <kind>object</kind>
         <file>gpio.obj</file>
         <name>gpio.obj</name>
      </input_file>
      <input_file id="fl-f">
         <path>.\Platforms\driverlib\</path>
         <kind>object</kind>
         <file>i2c.obj</file>
         <name>i2c.obj</name>
      </input_file>
      <input_file id="fl-10">
         <path>.\Platforms\driverlib\</path>
         <kind>object</kind>
         <file>interrupt.obj</file>
         <name>interrupt.obj</name>
      </input_file>
      <input_file id="fl-11">
         <path>.\Platforms\driverlib\</path>
         <kind>object</kind>
         <file>pcm.obj</file>
         <name>pcm.obj</name>
      </input_file>
      <input_file id="fl-12">
         <path>.\Platforms\driverlib\</path>
         <kind>object</kind>
         <file>rtc_c.obj</file>
         <name>rtc_c.obj</name>
      </input_file>
      <input_file id="fl-13">
         <path>.\Platforms\driverlib\</path>
         <kind>object</kind>
         <file>sysctl.obj</file>
         <name>sysctl.obj</name>
      </input_file>
      <input_file id="fl-14">
         <path>.\Platforms\driverlib\</path>
         <kind>object</kind>
         <file>systick.obj</file>
         <name>systick.obj</name>
      </input_file>
      <input_file id="fl-15">
         <path>.\Platforms\driverlib\</path>
         <kind>object</kind>
         <file>uart.obj</file>
         <name>uart.obj</name>
      </input_file>
      <input_file id="fl-16">
         <path>.\Platforms\driverlib\</path>
         <kind>object</kind>
         <file>wdt_a.obj</file>
         <name>wdt_a.obj</name>
      </input_file>
      <input_file id="fl-1f">
         <kind>object</kind>
         <file>&lt;internal&gt;</file>
         <name>&lt;internal&gt;</name>
      </input_file>
      <input_file id="fl-d5">
         <path>C:\ti\ccsv8\tools\compiler\ti-cgt-arm_18.1.3.LTS\lib\</path>
         <kind>archive</kind>
         <file>rtsv7M4_T_le_v4SPD16_eabi.lib</file>
         <name>memset_t2.asm.obj</name>
      </input_file>
      <input_file id="fl-d6">
         <path>C:\ti\ccsv8\tools\compiler\ti-cgt-arm_18.1.3.LTS\lib\</path>
         <kind>archive</kind>
         <file>rtsv7M4_T_le_v4SPD16_eabi.lib</file>
         <name>memcpy_t2.asm.obj</name>
      </input_file>
      <input_file id="fl-d7">
         <path>C:\ti\ccsv8\tools\compiler\ti-cgt-arm_18.1.3.LTS\lib\</path>
         <kind>archive</kind>
         <file>rtsv7M4_T_le_v4SPD16_eabi.lib</file>
         <name>copy_zero_init.c.obj</name>
      </input_file>
      <input_file id="fl-d8">
         <path>C:\ti\ccsv8\tools\compiler\ti-cgt-arm_18.1.3.LTS\lib\</path>
         <kind>archive</kind>
         <file>rtsv7M4_T_le_v4SPD16_eabi.lib</file>
         <name>copy_decompress_none.c.obj</name>
      </input_file>
      <input_file id="fl-d9">
         <path>C:\ti\ccsv8\tools\compiler\ti-cgt-arm_18.1.3.LTS\lib\</path>
         <kind>archive</kind>
         <file>rtsv7M4_T_le_v4SPD16_eabi.lib</file>
         <name>copy_decompress_lzss.c.obj</name>
      </input_file>
      <input_file id="fl-da">
         <path>C:\ti\ccsv8\tools\compiler\ti-cgt-arm_18.1.3.LTS\lib\</path>
         <kind>archive</kind>
         <file>rtsv7M4_T_le_v4SPD16_eabi.lib</file>
         <name>memcmp.c.obj</name>
      </input_file>
      <input_file id="fl-db">
         <path>C:\ti\ccsv8\tools\compiler\ti-cgt-arm_18.1.3.LTS\lib\</path>
         <kind>archive</kind>
         <file>rtsv7M4_T_le_v4SPD16_eabi.lib</file>
         <name>memmov.c.obj</name>
      </input_file>
      <input_file id="fl-dc">
         <path>C:\ti\ccsv8\tools\compiler\ti-cgt-arm_18.1.3.LTS\lib\</path>
         <kind>archive</kind>
         <file>rtsv7M4_T_le_v4SPD16_eabi.lib</file>
         <name>strcpy.c.obj</name>
      </input_file>
      <input_file id="fl-dd">
         <path>C:\ti\ccsv8\tools\compiler\ti-cgt-arm_18.1.3.LTS\lib\</path>
         <kind>archive</kind>
         <file>rtsv7M4_T_le_v4SPD16_eabi.lib</file>
         <name>strlen.c.obj</name>
      </input_file>
      <input_file id="fl-de">
         <path>C:\ti\ccsv8\tools\compiler\ti-cgt-arm_18.1.3.LTS\lib\</path>
         <kind>archive</kind>
         <file>rtsv7M4_T_le_v4SPD16_eabi.lib</file>
         <name>vsnprintf.c.obj</name>
      </input_file>
      <input_file id="fl-df">
         <path>C:\ti\ccsv8\tools\compiler\ti-cgt-arm_18.1.3.LTS\lib\</path>
         <kind>archive</kind>
         <file>rtsv7M4_T_le_v4SPD16_eabi.lib</file>
         <name>vsprintf.c.obj</name>
      </input_file>
      <input_file id="fl-e0">
         <path>C:\ti\ccsv8\tools\compiler\ti-cgt-arm_18.1.3.LTS\lib\</path>
         <kind>archive</kind>
         <file>rtsv7M4_T_le_v4SPD16_eabi.lib</file>
         <name>boot_cortex_m.c.obj</name>
      </input_file>
      <input_file id="fl-e1">
         <path>C:\ti\ccsv8\tools\compiler\ti-cgt-arm_18.1.3.LTS\lib\</path>
         <kind>archive</kind>
         <file>rtsv7M4_T_le_v4SPD16_eabi.lib</file>
         <name>autoinit.c.obj</name>
      </input_file>
      <input_file id="fl-e2">
         <path>C:\ti\ccsv8\tools\compiler\ti-cgt-arm_18.1.3.LTS\lib\</path>
         <kind>archive</kind>
         <file>rtsv7M4_T_le_v4SPD16_eabi.lib</file>
         <name>pre_init.c.obj</name>
      </input_file>
      <input_file id="fl-e3">
         <path>C:\ti\ccsv8\tools\compiler\ti-cgt-arm_18.1.3.LTS\lib\</path>
         <kind>archive</kind>
         <file>rtsv7M4_T_le_v4SPD16_eabi.lib</file>
         <name>cpy_tbl.c.obj</name>
      </input_file>
      <input_file id="fl-e4">
         <path>C:\ti\ccsv8\tools\compiler\ti-cgt-arm_18.1.3.LTS\lib\</path>
         <kind>archive</kind>
         <file>rtsv7M4_T_le_v4SPD16_eabi.lib</file>
         <name>exit.c.obj</name>
      </input_file>
      <input_file id="fl-e5">
         <path>C:\ti\ccsv8\tools\compiler\ti-cgt-arm_18.1.3.LTS\lib\</path>
         <kind>archive</kind>
         <file>rtsv7M4_T_le_v4SPD16_eabi.lib</file>
         <name>_lock.c.obj</name>
      </input_file>
      <input_file id="fl-e6">
         <path>C:\ti\ccsv8\tools\compiler\ti-cgt-arm_18.1.3.LTS\lib\</path>
         <kind>archive</kind>
         <file>rtsv7M4_T_le_v4SPD16_eabi.lib</file>
         <name>_printfi.c.obj</name>
      </input_file>
      <input_file id="fl-e7">
         <path>C:\ti\ccsv8\tools\compiler\ti-cgt-arm_18.1.3.LTS\lib\</path>
         <kind>archive</kind>
         <file>rtsv7M4_T_le_v4SPD16_eabi.lib</file>
         <name>args_main.c.obj</name>
      </input_file>
      <input_file id="fl-e8">
         <path>C:\ti\ccsv8\tools\compiler\ti-cgt-arm_18.1.3.LTS\lib\</path>
         <kind>archive</kind>
         <file>rtsv7M4_T_le_v4SPD16_eabi.lib</file>
         <name>atoi.c.obj</name>
      </input_file>
      <input_file id="fl-e9">
         <path>C:\ti\ccsv8\tools\compiler\ti-cgt-arm_18.1.3.LTS\lib\</path>
         <kind>archive</kind>
         <file>rtsv7M4_T_le_v4SPD16_eabi.lib</file>
         <name>ctype.c.obj</name>
      </input_file>
      <input_file id="fl-ea">
         <path>C:\ti\ccsv8\tools\compiler\ti-cgt-arm_18.1.3.LTS\lib\</path>
         <kind>archive</kind>
         <file>rtsv7M4_T_le_v4SPD16_eabi.lib</file>
         <name>ltoa.c.obj</name>
      </input_file>
      <input_file id="fl-eb">
         <path>C:\ti\ccsv8\tools\compiler\ti-cgt-arm_18.1.3.LTS\lib\</path>
         <kind>archive</kind>
         <file>rtsv7M4_T_le_v4SPD16_eabi.lib</file>
         <name>memccpy.c.obj</name>
      </input_file>
      <input_file id="fl-ec">
         <path>C:\ti\ccsv8\tools\compiler\ti-cgt-arm_18.1.3.LTS\lib\</path>
         <kind>archive</kind>
         <file>rtsv7M4_T_le_v4SPD16_eabi.lib</file>
         <name>strchr.c.obj</name>
      </input_file>
      <input_file id="fl-ed">
         <path>C:\ti\ccsv8\tools\compiler\ti-cgt-arm_18.1.3.LTS\lib\</path>
         <kind>archive</kind>
         <file>rtsv7M4_T_le_v4SPD16_eabi.lib</file>
         <name>errno.c.obj</name>
      </input_file>
      <input_file id="fl-ee">
         <path>C:\ti\ccsv8\tools\compiler\ti-cgt-arm_18.1.3.LTS\lib\</path>
         <kind>archive</kind>
         <file>rtsv7M4_T_le_v4SPD16_eabi.lib</file>
         <name>s_frexp.c.obj</name>
      </input_file>
      <input_file id="fl-ef">
         <path>C:\ti\ccsv8\tools\compiler\ti-cgt-arm_18.1.3.LTS\lib\</path>
         <kind>archive</kind>
         <file>rtsv7M4_T_le_v4SPD16_eabi.lib</file>
         <name>s_scalbn.c.obj</name>
      </input_file>
      <input_file id="fl-f0">
         <path>C:\ti\ccsv8\tools\compiler\ti-cgt-arm_18.1.3.LTS\lib\</path>
         <kind>archive</kind>
         <file>rtsv7M4_T_le_v4SPD16_eabi.lib</file>
         <name>wcslen.c.obj</name>
      </input_file>
      <input_file id="fl-f1">
         <path>C:\ti\ccsv8\tools\compiler\ti-cgt-arm_18.1.3.LTS\lib\</path>
         <kind>archive</kind>
         <file>rtsv7M4_T_le_v4SPD16_eabi.lib</file>
         <name>s_copysign.c.obj</name>
      </input_file>
      <input_file id="fl-f2">
         <path>C:\ti\ccsv8\tools\compiler\ti-cgt-arm_18.1.3.LTS\lib\</path>
         <kind>archive</kind>
         <file>rtsv7M4_T_le_v4SPD16_eabi.lib</file>
         <name>ull_div_t2.asm.obj</name>
      </input_file>
      <input_file id="fl-f3">
         <path>C:\ti\ccsv8\tools\compiler\ti-cgt-arm_18.1.3.LTS\lib\</path>
         <kind>archive</kind>
         <file>rtsv7M4_T_le_v4SPD16_eabi.lib</file>
         <name>fd_add_t2.asm.obj</name>
      </input_file>
      <input_file id="fl-f4">
         <path>C:\ti\ccsv8\tools\compiler\ti-cgt-arm_18.1.3.LTS\lib\</path>
         <kind>archive</kind>
         <file>rtsv7M4_T_le_v4SPD16_eabi.lib</file>
         <name>fd_cmp_t2.asm.obj</name>
      </input_file>
      <input_file id="fl-f5">
         <path>C:\ti\ccsv8\tools\compiler\ti-cgt-arm_18.1.3.LTS\lib\</path>
         <kind>archive</kind>
         <file>rtsv7M4_T_le_v4SPD16_eabi.lib</file>
         <name>fd_div_t2.asm.obj</name>
      </input_file>
      <input_file id="fl-f6">
         <path>C:\ti\ccsv8\tools\compiler\ti-cgt-arm_18.1.3.LTS\lib\</path>
         <kind>archive</kind>
         <file>rtsv7M4_T_le_v4SPD16_eabi.lib</file>
         <name>fd_mul_t2.asm.obj</name>
      </input_file>
      <input_file id="fl-f7">
         <path>C:\ti\ccsv8\tools\compiler\ti-cgt-arm_18.1.3.LTS\lib\</path>
         <kind>archive</kind>
         <file>rtsv7M4_T_le_v4SPD16_eabi.lib</file>
         <name>fd_toi_t2.asm.obj</name>
      </input_file>
      <input_file id="fl-f8">
         <path>C:\ti\ccsv8\tools\compiler\ti-cgt-arm_18.1.3.LTS\lib\</path>
         <kind>archive</kind>
         <file>rtsv7M4_T_le_v4SPD16_eabi.lib</file>
         <name>i_tofd_t2.asm.obj</name>
      </input_file>
      <input_file id="fl-f9">
         <path>C:\ti\ccsv8\tools\compiler\ti-cgt-arm_18.1.3.LTS\lib\</path>
         <kind>archive</kind>
         <file>rtsv7M4_T_le_v4SPD16_eabi.lib</file>
         <name>div0.asm.obj</name>
      </input_file>
      <input_file id="fl-fa">
         <path>C:\Users\ghost\OneDrive\School-Master\EEL4924C\Gator_Stream_Receiver\Bluetopia\lib\ccs\</path>
         <kind>archive</kind>
         <file>Bluetopia_BR_EDR.lib</file>
         <name>BSC.o</name>
      </input_file>
      <input_file id="fl-fb">
         <path>C:\Users\ghost\OneDrive\School-Master\EEL4924C\Gator_Stream_Receiver\Bluetopia\lib\ccs\</path>
         <kind>archive</kind>
         <file>Bluetopia_BR_EDR.lib</file>
         <name>BTPSTMR.o</name>
      </input_file>
      <input_file id="fl-fc">
         <path>C:\Users\ghost\OneDrive\School-Master\EEL4924C\Gator_Stream_Receiver\Bluetopia\lib\ccs\</path>
         <kind>archive</kind>
         <file>Bluetopia_BR_EDR.lib</file>
         <name>GOEP_Client_y_Server_y.o</name>
      </input_file>
      <input_file id="fl-fd">
         <path>C:\Users\ghost\OneDrive\School-Master\EEL4924C\Gator_Stream_Receiver\Bluetopia\lib\ccs\</path>
         <kind>archive</kind>
         <file>Bluetopia_BR_EDR.lib</file>
         <name>GAP_LE_n.o</name>
      </input_file>
      <input_file id="fl-fe">
         <path>C:\Users\ghost\OneDrive\School-Master\EEL4924C\Gator_Stream_Receiver\Bluetopia\lib\ccs\</path>
         <kind>archive</kind>
         <file>Bluetopia_BR_EDR.lib</file>
         <name>GAPLE_LEMaster_n_LESlave_n.o</name>
      </input_file>
      <input_file id="fl-ff">
         <path>C:\Users\ghost\OneDrive\School-Master\EEL4924C\Gator_Stream_Receiver\Bluetopia\lib\ccs\</path>
         <kind>archive</kind>
         <file>Bluetopia_BR_EDR.lib</file>
         <name>HCI_LEMaster_n_LESlave_n_SCO_y.o</name>
      </input_file>
      <input_file id="fl-100">
         <path>C:\Users\ghost\OneDrive\School-Master\EEL4924C\Gator_Stream_Receiver\Bluetopia\lib\ccs\</path>
         <kind>archive</kind>
         <file>Bluetopia_BR_EDR.lib</file>
         <name>L2CAP_LE_n.o</name>
      </input_file>
      <input_file id="fl-101">
         <path>C:\Users\ghost\OneDrive\School-Master\EEL4924C\Gator_Stream_Receiver\Bluetopia\lib\ccs\</path>
         <kind>archive</kind>
         <file>Bluetopia_BR_EDR.lib</file>
         <name>RFCOMM_Client_y_Server_y.o</name>
      </input_file>
      <input_file id="fl-102">
         <path>C:\Users\ghost\OneDrive\School-Master\EEL4924C\Gator_Stream_Receiver\Bluetopia\lib\ccs\</path>
         <kind>archive</kind>
         <file>Bluetopia_BR_EDR.lib</file>
         <name>SCO_Supported_y.o</name>
      </input_file>
      <input_file id="fl-103">
         <path>C:\Users\ghost\OneDrive\School-Master\EEL4924C\Gator_Stream_Receiver\Bluetopia\lib\ccs\</path>
         <kind>archive</kind>
         <file>Bluetopia_BR_EDR.lib</file>
         <name>SDP_Client_y_Server_y.o</name>
      </input_file>
      <input_file id="fl-104">
         <path>C:\Users\ghost\OneDrive\School-Master\EEL4924C\Gator_Stream_Receiver\Bluetopia\lib\ccs\</path>
         <kind>archive</kind>
         <file>Bluetopia_BR_EDR.lib</file>
         <name>SPP_Client_y_Server_y.o</name>
      </input_file>
      <input_file id="fl-105">
         <path>C:\Users\ghost\OneDrive\School-Master\EEL4924C\Gator_Stream_Receiver\Bluetopia\lib\ccs\</path>
         <kind>archive</kind>
         <file>Bluetopia_BR_EDR.lib</file>
         <name>OTP.o</name>
      </input_file>
      <input_file id="fl-106">
         <path>C:\Users\ghost\OneDrive\School-Master\EEL4924C\Gator_Stream_Receiver\Bluetopia\lib\ccs\</path>
         <kind>archive</kind>
         <file>Bluetopia_BR_EDR.lib</file>
         <name>BTPSC.o</name>
      </input_file>
      <input_file id="fl-107">
         <path>C:\Users\ghost\OneDrive\School-Master\EEL4924C\Gator_Stream_Receiver\Bluetopia\lib\ccs\</path>
         <kind>archive</kind>
         <file>Bluetopia_BR_EDR.lib</file>
         <name>HCIDRV.o</name>
      </input_file>
      <input_file id="fl-108">
         <path>C:\Users\ghost\OneDrive\School-Master\EEL4924C\Gator_Stream_Receiver\Bluetopia\lib\ccs\</path>
         <kind>archive</kind>
         <file>Bluetopia_BR_EDR.lib</file>
         <name>HCIComm.o</name>
      </input_file>
      <input_file id="fl-109">
         <path>C:\Users\ghost\OneDrive\School-Master\EEL4924C\Gator_Stream_Receiver\Bluetopia\lib\ccs\</path>
         <kind>archive</kind>
         <file>Bluetopia_BR_EDR.lib</file>
         <name>HCILL.o</name>
      </input_file>
      <input_file id="fl-10a">
         <path>C:\Users\ghost\OneDrive\School-Master\EEL4924C\Gator_Stream_Receiver\Bluetopia\lib\ccs\</path>
         <kind>archive</kind>
         <file>Bluetopia_BR_EDR.lib</file>
         <name>TWUART.o</name>
      </input_file>
      <input_file id="fl-10b">
         <path>C:\Users\ghost\OneDrive\School-Master\EEL4924C\Gator_Stream_Receiver\Bluetopia\profiles\audio\lib\ccs\</path>
         <kind>archive</kind>
         <file>SS1BTAUD.lib</file>
         <name>SS1BTAUD_VendorDep_n.o</name>
      </input_file>
      <input_file id="fl-10c">
         <path>C:\Users\ghost\OneDrive\School-Master\EEL4924C\Gator_Stream_Receiver\Bluetopia\profiles\avctp\lib\ccs\</path>
         <kind>archive</kind>
         <file>SS1BTAVC.lib</file>
         <name>SS1BTAVC.o</name>
      </input_file>
      <input_file id="fl-10d">
         <path>C:\Users\ghost\OneDrive\School-Master\EEL4924C\Gator_Stream_Receiver\Bluetopia\profiles\avrcp\lib\ccs\</path>
         <kind>archive</kind>
         <file>SS1BTAVR.lib</file>
         <name>SS1BTAVR_VendorDep_n.o</name>
      </input_file>
      <input_file id="fl-10e">
         <path>C:\Users\ghost\OneDrive\School-Master\EEL4924C\Gator_Stream_Receiver\Bluetopia\profiles\gavd\lib\ccs\</path>
         <kind>archive</kind>
         <file>SS1BTGAV.lib</file>
         <name>SS1BTGAV.o</name>
      </input_file>
   </input_file_list>
   <object_component_list>
      <object_component id="oc-21">
         <name>.intvecs:retain</name>
         <load_address>0x0</load_address>
         <run_address>0x0</run_address>
         <size>0x144</size>
         <input_file_ref idref="fl-a"/>
      </object_component>
      <object_component id="oc-154">
         <name>.text</name>
         <load_address>0x18e94</load_address>
         <run_address>0x18e94</run_address>
         <size>0x535c</size>
         <input_file_ref idref="fl-2"/>
      </object_component>
      <object_component id="oc-b9">
         <name>.text</name>
         <load_address>0x1e1f0</load_address>
         <run_address>0x1e1f0</run_address>
         <size>0x1a9e</size>
         <input_file_ref idref="fl-6"/>
      </object_component>
      <object_component id="oc-8b6">
         <name>.text</name>
         <load_address>0x1fc8e</load_address>
         <run_address>0x1fc8e</run_address>
         <size>0x2</size>
         <input_file_ref idref="fl-f9"/>
      </object_component>
      <object_component id="oc-d1">
         <name>.text</name>
         <load_address>0x1fc90</load_address>
         <run_address>0x1fc90</run_address>
         <size>0x159c</size>
         <input_file_ref idref="fl-d"/>
      </object_component>
      <object_component id="oc-c5">
         <name>.text</name>
         <load_address>0x2122c</load_address>
         <run_address>0x2122c</run_address>
         <size>0xd80</size>
         <input_file_ref idref="fl-c"/>
      </object_component>
      <object_component id="oc-b3">
         <name>.text</name>
         <load_address>0x21fac</load_address>
         <run_address>0x21fac</run_address>
         <size>0xb1c</size>
         <input_file_ref idref="fl-4"/>
      </object_component>
      <object_component id="oc-367">
         <name>.text:__TI_printfi</name>
         <load_address>0x22ac8</load_address>
         <run_address>0x22ac8</run_address>
         <size>0xa5e</size>
         <input_file_ref idref="fl-e6"/>
      </object_component>
      <object_component id="oc-cb">
         <name>.text</name>
         <load_address>0x23528</load_address>
         <run_address>0x23528</run_address>
         <size>0x838</size>
         <input_file_ref idref="fl-11"/>
      </object_component>
      <object_component id="oc-ef">
         <name>.text</name>
         <load_address>0x23d60</load_address>
         <run_address>0x23d60</run_address>
         <size>0x7a8</size>
         <input_file_ref idref="fl-f"/>
      </object_component>
      <object_component id="oc-68">
         <name>.text</name>
         <load_address>0x24508</load_address>
         <run_address>0x24508</run_address>
         <size>0x6f8</size>
         <input_file_ref idref="fl-9"/>
      </object_component>
      <object_component id="oc-6e">
         <name>.text</name>
         <load_address>0x24c00</load_address>
         <run_address>0x24c00</run_address>
         <size>0x550</size>
         <input_file_ref idref="fl-7"/>
      </object_component>
      <object_component id="oc-222">
         <name>.text</name>
         <load_address>0x25150</load_address>
         <run_address>0x25150</run_address>
         <size>0x508</size>
         <input_file_ref idref="fl-12"/>
      </object_component>
      <object_component id="oc-bf">
         <name>.text</name>
         <load_address>0x25658</load_address>
         <run_address>0x25658</run_address>
         <size>0x480</size>
         <input_file_ref idref="fl-e"/>
      </object_component>
      <object_component id="oc-e3">
         <name>.text</name>
         <load_address>0x25ad8</load_address>
         <run_address>0x25ad8</run_address>
         <size>0x41c</size>
         <input_file_ref idref="fl-15"/>
      </object_component>
      <object_component id="oc-3fe">
         <name>.text</name>
         <load_address>0x25ef4</load_address>
         <run_address>0x25ef4</run_address>
         <size>0x400</size>
         <input_file_ref idref="fl-5"/>
      </object_component>
      <object_component id="oc-d7">
         <name>.text</name>
         <load_address>0x262f4</load_address>
         <run_address>0x262f4</run_address>
         <size>0x3f0</size>
         <input_file_ref idref="fl-10"/>
      </object_component>
      <object_component id="oc-9a">
         <name>.text</name>
         <load_address>0x266e4</load_address>
         <run_address>0x266e4</run_address>
         <size>0x2fc</size>
         <input_file_ref idref="fl-3"/>
      </object_component>
      <object_component id="oc-f5">
         <name>.text</name>
         <load_address>0x269e0</load_address>
         <run_address>0x269e0</run_address>
         <size>0x284</size>
         <input_file_ref idref="fl-8"/>
      </object_component>
      <object_component id="oc-564">
         <name>.text:_pconv_a</name>
         <load_address>0x26c64</load_address>
         <run_address>0x26c64</run_address>
         <size>0x270</size>
         <input_file_ref idref="fl-e6"/>
      </object_component>
      <object_component id="oc-1b4">
         <name>.text</name>
         <load_address>0x26ed4</load_address>
         <run_address>0x26ed4</run_address>
         <size>0x244</size>
         <input_file_ref idref="fl-13"/>
      </object_component>
      <object_component id="oc-552">
         <name>.text:_pconv_g</name>
         <load_address>0x27118</load_address>
         <run_address>0x27118</run_address>
         <size>0x1d0</size>
         <input_file_ref idref="fl-e6"/>
      </object_component>
      <object_component id="oc-718">
         <name>.text</name>
         <load_address>0x272e8</load_address>
         <run_address>0x272e8</run_address>
         <size>0x1b6</size>
         <input_file_ref idref="fl-f3"/>
      </object_component>
      <object_component id="oc-55e">
         <name>.text:_pconv_e</name>
         <load_address>0x274a0</load_address>
         <run_address>0x274a0</run_address>
         <size>0x13c</size>
         <input_file_ref idref="fl-e6"/>
      </object_component>
      <object_component id="oc-6fe">
         <name>.text</name>
         <load_address>0x275dc</load_address>
         <run_address>0x275dc</run_address>
         <size>0x136</size>
         <input_file_ref idref="fl-f5"/>
      </object_component>
      <object_component id="oc-72a">
         <name>.text:fcvt</name>
         <load_address>0x27714</load_address>
         <run_address>0x27714</run_address>
         <size>0x120</size>
         <input_file_ref idref="fl-e6"/>
      </object_component>
      <object_component id="oc-73e">
         <name>.text:scalbn</name>
         <load_address>0x27834</load_address>
         <run_address>0x27834</run_address>
         <size>0x110</size>
         <input_file_ref idref="fl-ef"/>
      </object_component>
      <object_component id="oc-6f9">
         <name>.text</name>
         <load_address>0x27944</load_address>
         <run_address>0x27944</run_address>
         <size>0xfc</size>
         <input_file_ref idref="fl-f6"/>
      </object_component>
      <object_component id="oc-ac">
         <name>.text</name>
         <load_address>0x27a40</load_address>
         <run_address>0x27a40</run_address>
         <size>0xd8</size>
         <input_file_ref idref="fl-16"/>
      </object_component>
      <object_component id="oc-547">
         <name>.text:_ltostr</name>
         <load_address>0x27b18</load_address>
         <run_address>0x27b18</run_address>
         <size>0xb1</size>
         <input_file_ref idref="fl-e6"/>
      </object_component>
      <object_component id="oc-32">
         <name>.text</name>
         <load_address>0x27bca</load_address>
         <run_address>0x27bca</run_address>
         <size>0x9c</size>
         <input_file_ref idref="fl-d6"/>
      </object_component>
      <object_component id="oc-6f2">
         <name>.text</name>
         <load_address>0x27c66</load_address>
         <run_address>0x27c66</run_address>
         <size>0x96</size>
         <input_file_ref idref="fl-f2"/>
      </object_component>
      <object_component id="oc-54d">
         <name>.text:__aeabi_cdcmple</name>
         <load_address>0x27cfc</load_address>
         <run_address>0x27cfc</run_address>
         <size>0x86</size>
         <input_file_ref idref="fl-f4"/>
      </object_component>
      <object_component id="oc-703">
         <name>.text:__aeabi_cdrcmple</name>
         <load_address>0x27d82</load_address>
         <run_address>0x27d82</run_address>
         <size>0x86</size>
         <input_file_ref idref="fl-f4"/>
      </object_component>
      <object_component id="oc-8e">
         <name>.text</name>
         <load_address>0x27e08</load_address>
         <run_address>0x27e08</run_address>
         <size>0x7a</size>
         <input_file_ref idref="fl-d5"/>
      </object_component>
      <object_component id="oc-dd">
         <name>.text</name>
         <load_address>0x27e84</load_address>
         <run_address>0x27e84</run_address>
         <size>0x74</size>
         <input_file_ref idref="fl-14"/>
      </object_component>
      <object_component id="oc-723">
         <name>.text:_mcpy</name>
         <load_address>0x27ef8</load_address>
         <run_address>0x27ef8</run_address>
         <size>0x6e</size>
         <input_file_ref idref="fl-e6"/>
      </object_component>
      <object_component id="oc-12">
         <name>.text:decompress:lzss:__TI_decompress_lzss</name>
         <load_address>0x27f66</load_address>
         <run_address>0x27f66</run_address>
         <size>0x68</size>
         <input_file_ref idref="fl-d9"/>
      </object_component>
      <object_component id="oc-738">
         <name>.text:frexp</name>
         <load_address>0x27fd0</load_address>
         <run_address>0x27fd0</run_address>
         <size>0x64</size>
         <input_file_ref idref="fl-ee"/>
      </object_component>
      <object_component id="oc-558">
         <name>.text:_pconv_f</name>
         <load_address>0x28034</load_address>
         <run_address>0x28034</run_address>
         <size>0x56</size>
         <input_file_ref idref="fl-e6"/>
      </object_component>
      <object_component id="oc-70d">
         <name>.text:ltoa</name>
         <load_address>0x2808a</load_address>
         <run_address>0x2808a</run_address>
         <size>0x54</size>
         <input_file_ref idref="fl-ea"/>
      </object_component>
      <object_component id="oc-71d">
         <name>.text:_ecpy</name>
         <load_address>0x280de</load_address>
         <run_address>0x280de</run_address>
         <size>0x52</size>
         <input_file_ref idref="fl-e6"/>
      </object_component>
      <object_component id="oc-541">
         <name>.text:atoi</name>
         <load_address>0x28130</load_address>
         <run_address>0x28130</run_address>
         <size>0x4c</size>
         <input_file_ref idref="fl-e8"/>
      </object_component>
      <object_component id="oc-708">
         <name>.text</name>
         <load_address>0x2817c</load_address>
         <run_address>0x2817c</run_address>
         <size>0x48</size>
         <input_file_ref idref="fl-f7"/>
      </object_component>
      <object_component id="oc-182">
         <name>.text:__TI_auto_init_nobinit_nopinit:__TI_auto_init_nobinit_nopinit</name>
         <load_address>0x281c4</load_address>
         <run_address>0x281c4</run_address>
         <size>0x44</size>
         <input_file_ref idref="fl-e1"/>
      </object_component>
      <object_component id="oc-1e8">
         <name>.text:vsnprintf</name>
         <load_address>0x28208</load_address>
         <run_address>0x28208</run_address>
         <size>0x40</size>
         <input_file_ref idref="fl-de"/>
      </object_component>
      <object_component id="oc-730">
         <name>.text:_fcpy</name>
         <load_address>0x28248</load_address>
         <run_address>0x28248</run_address>
         <size>0x3e</size>
         <input_file_ref idref="fl-e6"/>
      </object_component>
      <object_component id="oc-21c">
         <name>.text</name>
         <load_address>0x28286</load_address>
         <run_address>0x28286</run_address>
         <size>0x3e</size>
         <input_file_ref idref="fl-b"/>
      </object_component>
      <object_component id="oc-50">
         <name>.text:_c_int00_noargs:_c_int00_noargs</name>
         <load_address>0x282c4</load_address>
         <run_address>0x282c4</run_address>
         <size>0x38</size>
         <input_file_ref idref="fl-e0"/>
      </object_component>
      <object_component id="oc-37b">
         <name>.text:_outs</name>
         <load_address>0x282fc</load_address>
         <run_address>0x282fc</run_address>
         <size>0x30</size>
         <input_file_ref idref="fl-de"/>
      </object_component>
      <object_component id="oc-713">
         <name>.text</name>
         <load_address>0x2832c</load_address>
         <run_address>0x2832c</run_address>
         <size>0x2e</size>
         <input_file_ref idref="fl-f8"/>
      </object_component>
      <object_component id="oc-1e2">
         <name>.text:vsprintf</name>
         <load_address>0x2835c</load_address>
         <run_address>0x2835c</run_address>
         <size>0x28</size>
         <input_file_ref idref="fl-df"/>
      </object_component>
      <object_component id="oc-1ca">
         <name>.text:memcmp</name>
         <load_address>0x28384</load_address>
         <run_address>0x28384</run_address>
         <size>0x24</size>
         <input_file_ref idref="fl-da"/>
      </object_component>
      <object_component id="oc-1c4">
         <name>.text:memmove</name>
         <load_address>0x283a8</load_address>
         <run_address>0x283a8</run_address>
         <size>0x24</size>
         <input_file_ref idref="fl-db"/>
      </object_component>
      <object_component id="oc-56a">
         <name>.text:memccpy</name>
         <load_address>0x283cc</load_address>
         <run_address>0x283cc</run_address>
         <size>0x1c</size>
         <input_file_ref idref="fl-eb"/>
      </object_component>
      <object_component id="oc-381">
         <name>.text:_outc</name>
         <load_address>0x283e8</load_address>
         <run_address>0x283e8</run_address>
         <size>0x18</size>
         <input_file_ref idref="fl-de"/>
      </object_component>
      <object_component id="oc-36d">
         <name>.text:_outs</name>
         <load_address>0x28400</load_address>
         <run_address>0x28400</run_address>
         <size>0x18</size>
         <input_file_ref idref="fl-df"/>
      </object_component>
      <object_component id="oc-744">
         <name>.text:strchr</name>
         <load_address>0x28418</load_address>
         <run_address>0x28418</run_address>
         <size>0x16</size>
         <input_file_ref idref="fl-ec"/>
      </object_component>
      <object_component id="oc-8cf">
         <name>.text:copysign</name>
         <load_address>0x2842e</load_address>
         <run_address>0x2842e</run_address>
         <size>0x14</size>
         <input_file_ref idref="fl-f1"/>
      </object_component>
      <object_component id="oc-1d6">
         <name>.text:strcpy</name>
         <load_address>0x28442</load_address>
         <run_address>0x28442</run_address>
         <size>0x14</size>
         <input_file_ref idref="fl-dc"/>
      </object_component>
      <object_component id="oc-1dc">
         <name>.text:strlen</name>
         <load_address>0x28456</load_address>
         <run_address>0x28456</run_address>
         <size>0x14</size>
         <input_file_ref idref="fl-dd"/>
      </object_component>
      <object_component id="oc-62">
         <name>.text</name>
         <load_address>0x2846a</load_address>
         <run_address>0x2846a</run_address>
         <size>0x12</size>
         <input_file_ref idref="fl-a"/>
      </object_component>
      <object_component id="oc-570">
         <name>.text:wcslen</name>
         <load_address>0x2847c</load_address>
         <run_address>0x2847c</run_address>
         <size>0x12</size>
         <input_file_ref idref="fl-f0"/>
      </object_component>
      <object_component id="oc-18">
         <name>.text:decompress:none:__TI_decompress_none</name>
         <load_address>0x2848e</load_address>
         <run_address>0x2848e</run_address>
         <size>0xe</size>
         <input_file_ref idref="fl-d8"/>
      </object_component>
      <object_component id="oc-44">
         <name>.text:decompress:ZI:__TI_zero_init</name>
         <load_address>0x2849c</load_address>
         <run_address>0x2849c</run_address>
         <size>0xc</size>
         <input_file_ref idref="fl-d7"/>
      </object_component>
      <object_component id="oc-373">
         <name>.text:_outc</name>
         <load_address>0x284a8</load_address>
         <run_address>0x284a8</run_address>
         <size>0xa</size>
         <input_file_ref idref="fl-df"/>
      </object_component>
      <object_component id="oc-576">
         <name>.text:__aeabi_errno_addr</name>
         <load_address>0x284b4</load_address>
         <run_address>0x284b4</run_address>
         <size>0x8</size>
         <input_file_ref idref="fl-ed"/>
      </object_component>
      <object_component id="oc-94">
         <name>.text:_system_pre_init</name>
         <load_address>0x284bc</load_address>
         <run_address>0x284bc</run_address>
         <size>0x4</size>
         <input_file_ref idref="fl-e2"/>
      </object_component>
      <object_component id="oc-176">
         <name>.text:abort:abort</name>
         <load_address>0x284c0</load_address>
         <run_address>0x284c0</run_address>
         <size>0x4</size>
         <input_file_ref idref="fl-e4"/>
      </object_component>
      <object_component id="oc-5a9">
         <name>.const:.string:AvprPatch</name>
         <load_address>0x284c4</load_address>
         <run_address>0x284c4</run_address>
         <size>0x852b</size>
         <input_file_ref idref="fl-5"/>
      </object_component>
      <object_component id="oc-5a6">
         <name>.const:.string:BasePatch</name>
         <load_address>0x309ef</load_address>
         <run_address>0x309ef</run_address>
         <size>0x185f</size>
         <input_file_ref idref="fl-5"/>
      </object_component>
      <object_component id="oc-6ed">
         <name>.const:.string:_ctypes_</name>
         <load_address>0x3224e</load_address>
         <run_address>0x3224e</run_address>
         <size>0x101</size>
         <input_file_ref idref="fl-e9"/>
      </object_component>
      <object_component id="oc-3f7">
         <name>.const:.string</name>
         <load_address>0x32350</load_address>
         <run_address>0x32350</run_address>
         <size>0x7c</size>
         <input_file_ref idref="fl-2"/>
      </object_component>
      <object_component id="oc-235">
         <name>.const:g_pulRegs</name>
         <load_address>0x323cc</load_address>
         <run_address>0x323cc</run_address>
         <size>0x50</size>
         <input_file_ref idref="fl-10"/>
      </object_component>
      <object_component id="oc-2cc">
         <name>.const:AudioSNKSupportedFormats</name>
         <load_address>0x3241c</load_address>
         <run_address>0x3241c</run_address>
         <size>0x30</size>
         <input_file_ref idref="fl-2"/>
      </object_component>
      <object_component id="oc-200">
         <name>.const:.string:RF_Calibration_Info</name>
         <load_address>0x3244c</load_address>
         <run_address>0x3244c</run_address>
         <size>0x2e</size>
         <input_file_ref idref="fl-6"/>
      </object_component>
      <object_component id="oc-ec">
         <name>.const:$P$T0$1</name>
         <load_address>0x3247c</load_address>
         <run_address>0x3247c</run_address>
         <size>0x24</size>
         <input_file_ref idref="fl-9"/>
      </object_component>
      <object_component id="oc-232">
         <name>.const:g_pulPriority</name>
         <load_address>0x324a0</load_address>
         <run_address>0x324a0</run_address>
         <size>0x20</size>
         <input_file_ref idref="fl-10"/>
      </object_component>
      <object_component id="oc-212">
         <name>.const:GPIO_PORT_TO_INT</name>
         <load_address>0x324c0</load_address>
         <run_address>0x324c0</run_address>
         <size>0x1c</size>
         <input_file_ref idref="fl-e"/>
      </object_component>
      <object_component id="oc-104">
         <name>.const:$P$T1$2</name>
         <load_address>0x324dc</load_address>
         <run_address>0x324dc</run_address>
         <size>0x14</size>
         <input_file_ref idref="fl-9"/>
      </object_component>
      <object_component id="oc-1f7">
         <name>.const:.string:$P$T0$1</name>
         <load_address>0x324f0</load_address>
         <run_address>0x324f0</run_address>
         <size>0x9</size>
         <input_file_ref idref="fl-6"/>
      </object_component>
      <object_component id="oc-23b">
         <name>.const:g_pulDisRegs</name>
         <load_address>0x324fc</load_address>
         <run_address>0x324fc</run_address>
         <size>0x8</size>
         <input_file_ref idref="fl-10"/>
      </object_component>
      <object_component id="oc-238">
         <name>.const:g_pulEnRegs</name>
         <load_address>0x32504</load_address>
         <run_address>0x32504</run_address>
         <size>0x8</size>
         <input_file_ref idref="fl-10"/>
      </object_component>
      <object_component id="oc-23e">
         <name>.const:g_pulPendRegs</name>
         <load_address>0x3250c</load_address>
         <run_address>0x3250c</run_address>
         <size>0x8</size>
         <input_file_ref idref="fl-10"/>
      </object_component>
      <object_component id="oc-241">
         <name>.const:g_pulUnpendRegs</name>
         <load_address>0x32514</load_address>
         <run_address>0x32514</run_address>
         <size>0x8</size>
         <input_file_ref idref="fl-10"/>
      </object_component>
      <object_component id="oc-8ed">
         <name>.constdata</name>
         <load_address>0x3251c</load_address>
         <run_address>0x3251c</run_address>
         <size>0x3c</size>
         <input_file_ref idref="fl-fa"/>
      </object_component>
      <object_component id="oc-92b">
         <name>.constdata</name>
         <load_address>0x32558</load_address>
         <run_address>0x32558</run_address>
         <size>0x34</size>
         <input_file_ref idref="fl-103"/>
      </object_component>
      <object_component id="oc-8b0">
         <name>.constdata</name>
         <load_address>0x3258c</load_address>
         <run_address>0x3258c</run_address>
         <size>0x30</size>
         <input_file_ref idref="fl-108"/>
      </object_component>
      <object_component id="oc-9ad">
         <name>.constdata</name>
         <load_address>0x325bc</load_address>
         <run_address>0x325bc</run_address>
         <size>0x28</size>
         <input_file_ref idref="fl-10a"/>
      </object_component>
      <object_component id="oc-503">
         <name>.constdata</name>
         <load_address>0x325e4</load_address>
         <run_address>0x325e4</run_address>
         <size>0x1e</size>
         <input_file_ref idref="fl-fd"/>
      </object_component>
      <object_component id="oc-a38">
         <name>.constdata</name>
         <load_address>0x32604</load_address>
         <run_address>0x32604</run_address>
         <size>0x18</size>
         <input_file_ref idref="fl-100"/>
      </object_component>
      <object_component id="oc-4a2">
         <name>.constdata</name>
         <load_address>0x3261c</load_address>
         <run_address>0x3261c</run_address>
         <size>0x18</size>
         <input_file_ref idref="fl-10b"/>
      </object_component>
      <object_component id="oc-9f4">
         <name>.constdata</name>
         <load_address>0x32634</load_address>
         <run_address>0x32634</run_address>
         <size>0x8</size>
         <input_file_ref idref="fl-10e"/>
      </object_component>
      <object_component id="oc-9e7">
         <name>.constdata</name>
         <load_address>0x3263c</load_address>
         <run_address>0x3263c</run_address>
         <size>0x5</size>
         <input_file_ref idref="fl-103"/>
      </object_component>
      <object_component id="oc-9e8">
         <name>.constdata</name>
         <load_address>0x32641</load_address>
         <run_address>0x32641</run_address>
         <size>0x5</size>
         <input_file_ref idref="fl-103"/>
      </object_component>
      <object_component id="oc-9e9">
         <name>.constdata</name>
         <load_address>0x32646</load_address>
         <run_address>0x32646</run_address>
         <size>0x5</size>
         <input_file_ref idref="fl-103"/>
      </object_component>
      <object_component id="oc-a23">
         <name>.constdata</name>
         <load_address>0x3264b</load_address>
         <run_address>0x3264b</run_address>
         <size>0x4</size>
         <input_file_ref idref="fl-109"/>
      </object_component>
      <object_component id="oc-a98">
         <name>.cinit..data.load</name>
         <load_address>0x32650</load_address>
         <run_address>0x32650</run_address>
         <size>0xa6</size>
      </object_component>
      <object_component id="oc-a95">
         <name>__TI_handler_table</name>
         <load_address>0x326f8</load_address>
         <run_address>0x326f8</run_address>
         <size>0xc</size>
      </object_component>
      <object_component id="oc-a99">
         <name>.cinit..bss.load</name>
         <load_address>0x32708</load_address>
         <run_address>0x32708</run_address>
         <size>0x8</size>
      </object_component>
      <object_component id="oc-a97">
         <name>.cinit..vtable.load</name>
         <load_address>0x32710</load_address>
         <run_address>0x32710</run_address>
         <size>0x8</size>
      </object_component>
      <object_component id="oc-a96">
         <name>__TI_cinit_table</name>
         <load_address>0x32718</load_address>
         <run_address>0x32718</run_address>
         <size>0x18</size>
      </object_component>
      <object_component id="oc-812">
         <name>i.L2CA_Event_Callback</name>
         <load_address>0x144</load_address>
         <run_address>0x144</run_address>
         <size>0xa0e</size>
         <input_file_ref idref="fl-10e"/>
      </object_component>
      <object_component id="oc-5ed">
         <name>i.L2CA_Event_Callback</name>
         <load_address>0xb52</load_address>
         <run_address>0xb52</run_address>
         <size>0x6f0</size>
         <input_file_ref idref="fl-103"/>
      </object_component>
      <object_component id="oc-47b">
         <name>i.BSC_ReleaseListLock</name>
         <load_address>0x1242</load_address>
         <run_address>0x1242</run_address>
         <size>0x2</size>
         <input_file_ref idref="fl-fa"/>
      </object_component>
      <object_component id="oc-5f3">
         <name>i.HCI_Event_Callback</name>
         <load_address>0x1244</load_address>
         <run_address>0x1244</run_address>
         <size>0x6b0</size>
         <input_file_ref idref="fl-fd"/>
      </object_component>
      <object_component id="oc-5cb">
         <name>i.AsynchronousHCIEventCallback</name>
         <load_address>0x18f4</load_address>
         <run_address>0x18f4</run_address>
         <size>0x5c0</size>
         <input_file_ref idref="fl-ff"/>
      </object_component>
      <object_component id="oc-647">
         <name>i.L2CA_Event_Callback_Control_Channel</name>
         <load_address>0x1eb4</load_address>
         <run_address>0x1eb4</run_address>
         <size>0x4b0</size>
         <input_file_ref idref="fl-10c"/>
      </object_component>
      <object_component id="oc-5e5">
         <name>i.HCI_Event_Callback</name>
         <load_address>0x2364</load_address>
         <run_address>0x2364</run_address>
         <size>0x464</size>
         <input_file_ref idref="fl-100"/>
      </object_component>
      <object_component id="oc-2de">
         <name>i.AUD_Initialize</name>
         <load_address>0x27c8</load_address>
         <run_address>0x27c8</run_address>
         <size>0x43a</size>
         <input_file_ref idref="fl-10b"/>
      </object_component>
      <object_component id="oc-952">
         <name>i.ReportingDataEvent</name>
         <load_address>0x2c02</load_address>
         <run_address>0x2c02</run_address>
         <size>0x3ca</size>
         <input_file_ref idref="fl-10e"/>
      </object_component>
      <object_component id="oc-a0d">
         <name>i.BuildAACConfiguration</name>
         <load_address>0x2fcc</load_address>
         <run_address>0x2fcc</run_address>
         <size>0x3a6</size>
         <input_file_ref idref="fl-10b"/>
      </object_component>
      <object_component id="oc-9ec">
         <name>i.ProcessSignallingMessage</name>
         <load_address>0x3372</load_address>
         <run_address>0x3372</run_address>
         <size>0x37c</size>
         <input_file_ref idref="fl-10e"/>
      </object_component>
      <object_component id="oc-4a3">
         <name>i.BSC_UnLockBluetoothStack</name>
         <load_address>0x36ee</load_address>
         <run_address>0x36ee</run_address>
         <size>0x2</size>
         <input_file_ref idref="fl-fa"/>
      </object_component>
      <object_component id="oc-2b1">
         <name>i.BSC_Initialize</name>
         <load_address>0x36f0</load_address>
         <run_address>0x36f0</run_address>
         <size>0x310</size>
         <input_file_ref idref="fl-fa"/>
      </object_component>
      <object_component id="oc-83a">
         <name>i.CleanupGAVDStreamEndPoint</name>
         <load_address>0x3a00</load_address>
         <run_address>0x3a00</run_address>
         <size>0x2fc</size>
         <input_file_ref idref="fl-10e"/>
      </object_component>
      <object_component id="oc-7c7">
         <name>i.ProcessL2CAPDataPacket</name>
         <load_address>0x3cfc</load_address>
         <run_address>0x3cfc</run_address>
         <size>0x2c6</size>
         <input_file_ref idref="fl-100"/>
      </object_component>
      <object_component id="oc-96d">
         <name>i.ParseAPIAttributes</name>
         <load_address>0x3fc2</load_address>
         <run_address>0x3fc2</run_address>
         <size>0x2a6</size>
         <input_file_ref idref="fl-103"/>
      </object_component>
      <object_component id="oc-48b">
         <name>i.InitializeAudioEndpoint</name>
         <load_address>0x4268</load_address>
         <run_address>0x4268</run_address>
         <size>0x294</size>
         <input_file_ref idref="fl-10b"/>
      </object_component>
      <object_component id="oc-68d">
         <name>i.ProcessOpenEndPointConfirmation</name>
         <load_address>0x44fc</load_address>
         <run_address>0x44fc</run_address>
         <size>0x26c</size>
         <input_file_ref idref="fl-10b"/>
      </object_component>
      <object_component id="oc-a0f">
         <name>i.BuildMP3Configuration</name>
         <load_address>0x4768</load_address>
         <run_address>0x4768</run_address>
         <size>0x25e</size>
         <input_file_ref idref="fl-10b"/>
      </object_component>
      <object_component id="oc-7f2">
         <name>i.ProcessServiceSearchAttributeRequest</name>
         <load_address>0x49c6</load_address>
         <run_address>0x49c6</run_address>
         <size>0x25a</size>
         <input_file_ref idref="fl-103"/>
      </object_component>
      <object_component id="oc-a43">
         <name>i.SetConfigurationRequestEvent</name>
         <load_address>0x4c20</load_address>
         <run_address>0x4c20</run_address>
         <size>0x258</size>
         <input_file_ref idref="fl-10e"/>
      </object_component>
      <object_component id="oc-840">
         <name>i.SignalPacketDataWrite</name>
         <load_address>0x4e78</load_address>
         <run_address>0x4e78</run_address>
         <size>0x250</size>
         <input_file_ref idref="fl-10e"/>
      </object_component>
      <object_component id="oc-9ff">
         <name>i.OpenResponseEvent</name>
         <load_address>0x50c8</load_address>
         <run_address>0x50c8</run_address>
         <size>0x248</size>
         <input_file_ref idref="fl-10e"/>
      </object_component>
      <object_component id="oc-a0b">
         <name>i.BuildSBCConfiguration</name>
         <load_address>0x5310</load_address>
         <run_address>0x5310</run_address>
         <size>0x236</size>
         <input_file_ref idref="fl-10b"/>
      </object_component>
      <object_component id="oc-418">
         <name>i.CleanupCertificateModule</name>
         <load_address>0x5546</load_address>
         <run_address>0x5546</run_address>
         <size>0x2</size>
         <input_file_ref idref="fl-106"/>
      </object_component>
      <object_component id="oc-9a1">
         <name>i.DecodeControlChannelMessage</name>
         <load_address>0x5548</load_address>
         <run_address>0x5548</run_address>
         <size>0x234</size>
         <input_file_ref idref="fl-10d"/>
      </object_component>
      <object_component id="oc-999">
         <name>i.GAVD_Connect_Remote_End_Point</name>
         <load_address>0x577c</load_address>
         <run_address>0x577c</run_address>
         <size>0x22c</size>
         <input_file_ref idref="fl-10e"/>
      </object_component>
      <object_component id="oc-5d1">
         <name>i.UpdateHCICallbackThread</name>
         <load_address>0x59a8</load_address>
         <run_address>0x59a8</run_address>
         <size>0x21e</size>
         <input_file_ref idref="fl-ff"/>
      </object_component>
      <object_component id="oc-428">
         <name>i.OTP_Cleanup</name>
         <load_address>0x5bc6</load_address>
         <run_address>0x5bc6</run_address>
         <size>0x2</size>
         <input_file_ref idref="fl-105"/>
      </object_component>
      <object_component id="oc-83c">
         <name>i.AVCTP_Register_Profile_SDP_Record</name>
         <load_address>0x5bc8</load_address>
         <run_address>0x5bc8</run_address>
         <size>0x218</size>
         <input_file_ref idref="fl-10c"/>
      </object_component>
      <object_component id="oc-90d">
         <name>i.L2CAP_ConfigRequestEvent</name>
         <load_address>0x5de0</load_address>
         <run_address>0x5de0</run_address>
         <size>0x214</size>
         <input_file_ref idref="fl-100"/>
      </object_component>
      <object_component id="oc-8ae">
         <name>i.ProtocolEventCallback</name>
         <load_address>0x5ff4</load_address>
         <run_address>0x5ff4</run_address>
         <size>0x214</size>
         <input_file_ref idref="fl-108"/>
      </object_component>
      <object_component id="oc-2f0">
         <name>i.AUD_Send_Remote_Control_Command</name>
         <load_address>0x6208</load_address>
         <run_address>0x6208</run_address>
         <size>0x208</size>
         <input_file_ref idref="fl-10b"/>
      </object_component>
      <object_component id="oc-929">
         <name>i.CompareServiceRecordWithServiceList</name>
         <load_address>0x6410</load_address>
         <run_address>0x6410</run_address>
         <size>0x202</size>
         <input_file_ref idref="fl-103"/>
      </object_component>
      <object_component id="oc-328">
         <name>i.ReleaseBluetoothStackInformation</name>
         <load_address>0x6612</load_address>
         <run_address>0x6612</run_address>
         <size>0x2</size>
         <input_file_ref idref="fl-fa"/>
      </object_component>
      <object_component id="oc-6ad">
         <name>i.AVCTP_Send_Message</name>
         <load_address>0x6614</load_address>
         <run_address>0x6614</run_address>
         <size>0x1fc</size>
         <input_file_ref idref="fl-10c"/>
      </object_component>
      <object_component id="oc-6a1">
         <name>i.ProcessAVCTPMessageCommandIndication</name>
         <load_address>0x6810</load_address>
         <run_address>0x6810</run_address>
         <size>0x1f0</size>
         <input_file_ref idref="fl-10b"/>
      </object_component>
      <object_component id="oc-a13">
         <name>i._L2CA_Connect_Request</name>
         <load_address>0x6a00</load_address>
         <run_address>0x6a00</run_address>
         <size>0x1f0</size>
         <input_file_ref idref="fl-100"/>
      </object_component>
      <object_component id="oc-82c">
         <name>i.ProcessReceivedPacket</name>
         <load_address>0x6bf0</load_address>
         <run_address>0x6bf0</run_address>
         <size>0x1ec</size>
         <input_file_ref idref="fl-10c"/>
      </object_component>
      <object_component id="oc-677">
         <name>i.ProcessGetCapabilitiesConfirmation</name>
         <load_address>0x6ddc</load_address>
         <run_address>0x6ddc</run_address>
         <size>0x1ea</size>
         <input_file_ref idref="fl-10b"/>
      </object_component>
      <object_component id="oc-6b3">
         <name>i.BSC_Timer_Callback</name>
         <load_address>0x6fc8</load_address>
         <run_address>0x6fc8</run_address>
         <size>0x1e8</size>
         <input_file_ref idref="fl-10b"/>
      </object_component>
      <object_component id="oc-9f7">
         <name>i.GetCapabilitiesResponseEvent</name>
         <load_address>0x71b0</load_address>
         <run_address>0x71b0</run_address>
         <size>0x1e0</size>
         <input_file_ref idref="fl-10e"/>
      </object_component>
      <object_component id="oc-408">
         <name>i.HCI_Initialize</name>
         <load_address>0x7390</load_address>
         <run_address>0x7390</run_address>
         <size>0x1e0</size>
         <input_file_ref idref="fl-ff"/>
      </object_component>
      <object_component id="oc-77b">
         <name>i.HCITR_COMDataCallback_UART</name>
         <load_address>0x7570</load_address>
         <run_address>0x7570</run_address>
         <size>0x1d6</size>
         <input_file_ref idref="fl-108"/>
      </object_component>
      <object_component id="oc-4c7">
         <name>i.GAPInquiryEventHandler</name>
         <load_address>0x7746</load_address>
         <run_address>0x7746</run_address>
         <size>0x1d4</size>
         <input_file_ref idref="fl-fd"/>
      </object_component>
      <object_component id="oc-983">
         <name>i.TransactionResponseTimeout</name>
         <load_address>0x791c</load_address>
         <run_address>0x791c</run_address>
         <size>0x1d0</size>
         <input_file_ref idref="fl-10e"/>
      </object_component>
      <object_component id="oc-49e">
         <name>i.GAVD_Event_Callback</name>
         <load_address>0x7aec</load_address>
         <run_address>0x7aec</run_address>
         <size>0x1cc</size>
         <input_file_ref idref="fl-10b"/>
      </object_component>
      <object_component id="oc-5b6">
         <name>i.HCI_DriverCallback</name>
         <load_address>0x7cb8</load_address>
         <run_address>0x7cb8</run_address>
         <size>0x1c8</size>
         <input_file_ref idref="fl-107"/>
      </object_component>
      <object_component id="oc-67b">
         <name>i.ProcessSignallingDisconnectIndication</name>
         <load_address>0x7e80</load_address>
         <run_address>0x7e80</run_address>
         <size>0x1c8</size>
         <input_file_ref idref="fl-10b"/>
      </object_component>
      <object_component id="oc-675">
         <name>i.ProcessDiscoverConfirmation</name>
         <load_address>0x8048</load_address>
         <run_address>0x8048</run_address>
         <size>0x1c2</size>
         <input_file_ref idref="fl-10b"/>
      </object_component>
      <object_component id="oc-9fb">
         <name>i.GetConfigurationResponseEvent</name>
         <load_address>0x820c</load_address>
         <run_address>0x820c</run_address>
         <size>0x1bc</size>
         <input_file_ref idref="fl-10e"/>
      </object_component>
      <object_component id="oc-a45">
         <name>i.ReconfigureRequestEvent</name>
         <load_address>0x83c8</load_address>
         <run_address>0x83c8</run_address>
         <size>0x1bc</size>
         <input_file_ref idref="fl-10e"/>
      </object_component>
      <object_component id="oc-64d">
         <name>i.ParseAACStreamFormatList</name>
         <load_address>0x8584</load_address>
         <run_address>0x8584</run_address>
         <size>0x1b8</size>
         <input_file_ref idref="fl-10b"/>
      </object_component>
      <object_component id="oc-882">
         <name>i.AVRCP_Format_Subunit_Info_Response</name>
         <load_address>0x873c</load_address>
         <run_address>0x873c</run_address>
         <size>0x1b0</size>
         <input_file_ref idref="fl-10d"/>
      </object_component>
      <object_component id="oc-65b">
         <name>i.GAVD_Create_End_Point_Group</name>
         <load_address>0x88ec</load_address>
         <run_address>0x88ec</run_address>
         <size>0x1b0</size>
         <input_file_ref idref="fl-10e"/>
      </object_component>
      <object_component id="oc-655">
         <name>i.GAVD_Register_SDP_Record</name>
         <load_address>0x8a9c</load_address>
         <run_address>0x8a9c</run_address>
         <size>0x1b0</size>
         <input_file_ref idref="fl-10e"/>
      </object_component>
      <object_component id="oc-909">
         <name>i.L2CAP_ConnectRequestEvent</name>
         <load_address>0x8c4c</load_address>
         <run_address>0x8c4c</run_address>
         <size>0x1b0</size>
         <input_file_ref idref="fl-100"/>
      </object_component>
      <object_component id="oc-82e">
         <name>i.CreateStreamEndPoint</name>
         <load_address>0x8dfc</load_address>
         <run_address>0x8dfc</run_address>
         <size>0x1ae</size>
         <input_file_ref idref="fl-10e"/>
      </object_component>
      <object_component id="oc-41a">
         <name>i.SCO_Initialize</name>
         <load_address>0x8fac</load_address>
         <run_address>0x8fac</run_address>
         <size>0x1ac</size>
         <input_file_ref idref="fl-102"/>
      </object_component>
      <object_component id="oc-7ee">
         <name>i.ProcessServiceAttributeRequest</name>
         <load_address>0x9158</load_address>
         <run_address>0x9158</run_address>
         <size>0x1aa</size>
         <input_file_ref idref="fl-103"/>
      </object_component>
      <object_component id="oc-41c">
         <name>i.L2CAP_Initialize</name>
         <load_address>0x9304</load_address>
         <run_address>0x9304</run_address>
         <size>0x1a0</size>
         <input_file_ref idref="fl-100"/>
      </object_component>
      <object_component id="oc-7ea">
         <name>i.ProcessServiceSearchRequest</name>
         <load_address>0x94a4</load_address>
         <run_address>0x94a4</run_address>
         <size>0x19c</size>
         <input_file_ref idref="fl-103"/>
      </object_component>
      <object_component id="oc-956">
         <name>i.MultiplexedDataEvent</name>
         <load_address>0x9640</load_address>
         <run_address>0x9640</run_address>
         <size>0x19a</size>
         <input_file_ref idref="fl-10e"/>
      </object_component>
      <object_component id="oc-657">
         <name>i.GAVD_Un_Register_End_Point</name>
         <load_address>0x97dc</load_address>
         <run_address>0x97dc</run_address>
         <size>0x194</size>
         <input_file_ref idref="fl-10e"/>
      </object_component>
      <object_component id="oc-64f">
         <name>i.ParseMP3StreamFormatList</name>
         <load_address>0x9970</load_address>
         <run_address>0x9970</run_address>
         <size>0x190</size>
         <input_file_ref idref="fl-10b"/>
      </object_component>
      <object_component id="oc-7de">
         <name>i._L2CA_Config_Request</name>
         <load_address>0x9b00</load_address>
         <run_address>0x9b00</run_address>
         <size>0x190</size>
         <input_file_ref idref="fl-100"/>
      </object_component>
      <object_component id="oc-2c8">
         <name>i.GAP_Set_Discoverability_Mode</name>
         <load_address>0x9c90</load_address>
         <run_address>0x9c90</run_address>
         <size>0x18c</size>
         <input_file_ref idref="fl-fd"/>
      </object_component>
      <object_component id="oc-a15">
         <name>i.GAVD_Connect</name>
         <load_address>0x9e1c</load_address>
         <run_address>0x9e1c</run_address>
         <size>0x18c</size>
         <input_file_ref idref="fl-10e"/>
      </object_component>
      <object_component id="oc-88e">
         <name>i.AVCTP_Connect_Device</name>
         <load_address>0x9fa8</load_address>
         <run_address>0x9fa8</run_address>
         <size>0x184</size>
         <input_file_ref idref="fl-10c"/>
      </object_component>
      <object_component id="oc-30c">
         <name>i.GAP_Authentication_Response</name>
         <load_address>0xa12c</load_address>
         <run_address>0xa12c</run_address>
         <size>0x174</size>
         <input_file_ref idref="fl-fd"/>
      </object_component>
      <object_component id="oc-1f5">
         <name>i.HCI_Send_Raw_Command</name>
         <load_address>0xa2a0</load_address>
         <run_address>0xa2a0</run_address>
         <size>0x174</size>
         <input_file_ref idref="fl-ff"/>
      </object_component>
      <object_component id="oc-8fb">
         <name>i.ProcessSendQueueData</name>
         <load_address>0xa414</load_address>
         <run_address>0xa414</run_address>
         <size>0x174</size>
         <input_file_ref idref="fl-100"/>
      </object_component>
      <object_component id="oc-a3f">
         <name>i.GetCapabilitiesRequestEvent</name>
         <load_address>0xa588</load_address>
         <run_address>0xa588</run_address>
         <size>0x170</size>
         <input_file_ref idref="fl-10e"/>
      </object_component>
      <object_component id="oc-685">
         <name>i.ProcessReconfigureConfigurationIndication</name>
         <load_address>0xa6f8</load_address>
         <run_address>0xa6f8</run_address>
         <size>0x16e</size>
         <input_file_ref idref="fl-10b"/>
      </object_component>
      <object_component id="oc-9c2">
         <name>i.TWUART_ReceiveBytes</name>
         <load_address>0xa868</load_address>
         <run_address>0xa868</run_address>
         <size>0x16c</size>
         <input_file_ref idref="fl-10a"/>
      </object_component>
      <object_component id="oc-5e7">
         <name>i.HCI_ACL_Data_Callback</name>
         <load_address>0xa9d4</load_address>
         <run_address>0xa9d4</run_address>
         <size>0x168</size>
         <input_file_ref idref="fl-100"/>
      </object_component>
      <object_component id="oc-4bd">
         <name>i.ProcessRemoteControlCommandQueue</name>
         <load_address>0xab3c</load_address>
         <run_address>0xab3c</run_address>
         <size>0x168</size>
         <input_file_ref idref="fl-10b"/>
      </object_component>
      <object_component id="oc-9df">
         <name>i.ParseOptionsToAPI</name>
         <load_address>0xaca4</load_address>
         <run_address>0xaca4</run_address>
         <size>0x164</size>
         <input_file_ref idref="fl-100"/>
      </object_component>
      <object_component id="oc-2e0">
         <name>i.AUD_Change_Media_Codec_Parameters</name>
         <load_address>0xae08</load_address>
         <run_address>0xae08</run_address>
         <size>0x160</size>
         <input_file_ref idref="fl-10b"/>
      </object_component>
      <object_component id="oc-6b7">
         <name>i.HCIInquiryEventHandler</name>
         <load_address>0xaf68</load_address>
         <run_address>0xaf68</run_address>
         <size>0x160</size>
         <input_file_ref idref="fl-ff"/>
      </object_component>
      <object_component id="oc-a49">
         <name>i.StartStreamRequestEvent</name>
         <load_address>0xb0c8</load_address>
         <run_address>0xb0c8</run_address>
         <size>0x15e</size>
         <input_file_ref idref="fl-10e"/>
      </object_component>
      <object_component id="oc-66d">
         <name>i.CleanupConnection</name>
         <load_address>0xb226</load_address>
         <run_address>0xb226</run_address>
         <size>0x15c</size>
         <input_file_ref idref="fl-10c"/>
      </object_component>
      <object_component id="oc-a34">
         <name>i.ProcessReceivedPacket</name>
         <load_address>0xb382</load_address>
         <run_address>0xb382</run_address>
         <size>0x15a</size>
         <input_file_ref idref="fl-10a"/>
      </object_component>
      <object_component id="oc-a41">
         <name>i.GetConfigurationRequestEvent</name>
         <load_address>0xb4dc</load_address>
         <run_address>0xb4dc</run_address>
         <size>0x158</size>
         <input_file_ref idref="fl-10e"/>
      </object_component>
      <object_component id="oc-830">
         <name>i.SDP_Create_Service_Record</name>
         <load_address>0xb634</load_address>
         <run_address>0xb634</run_address>
         <size>0x158</size>
         <input_file_ref idref="fl-103"/>
      </object_component>
      <object_component id="oc-87c">
         <name>i.ProcessAVRCPResponse</name>
         <load_address>0xb78c</load_address>
         <run_address>0xb78c</run_address>
         <size>0x156</size>
         <input_file_ref idref="fl-10b"/>
      </object_component>
      <object_component id="oc-30a">
         <name>i.GAP_Initiate_Bonding</name>
         <load_address>0xb8e4</load_address>
         <run_address>0xb8e4</run_address>
         <size>0x154</size>
         <input_file_ref idref="fl-fd"/>
      </object_component>
      <object_component id="oc-930">
         <name>i.ParseRecordAttributes</name>
         <load_address>0xba38</load_address>
         <run_address>0xba38</run_address>
         <size>0x14a</size>
         <input_file_ref idref="fl-103"/>
      </object_component>
      <object_component id="oc-85e">
         <name>i.RetrieveCapabilities</name>
         <load_address>0xbb82</load_address>
         <run_address>0xbb82</run_address>
         <size>0x14a</size>
         <input_file_ref idref="fl-10b"/>
      </object_component>
      <object_component id="oc-2f4">
         <name>i.GAP_Perform_Inquiry</name>
         <load_address>0xbccc</load_address>
         <run_address>0xbccc</run_address>
         <size>0x144</size>
         <input_file_ref idref="fl-fd"/>
      </object_component>
      <object_component id="oc-94a">
         <name>i.SetConfigurationRequest</name>
         <load_address>0xbe10</load_address>
         <run_address>0xbe10</run_address>
         <size>0x144</size>
         <input_file_ref idref="fl-10e"/>
      </object_component>
      <object_component id="oc-907">
         <name>i.L2CAP_RequestTimeout</name>
         <load_address>0xbf54</load_address>
         <run_address>0xbf54</run_address>
         <size>0x13a</size>
         <input_file_ref idref="fl-100"/>
      </object_component>
      <object_component id="oc-7b5">
         <name>i.LP_ConnectCfm</name>
         <load_address>0xc08e</load_address>
         <run_address>0xc08e</run_address>
         <size>0x13a</size>
         <input_file_ref idref="fl-100"/>
      </object_component>
      <object_component id="oc-693">
         <name>i.DisconnectEndpoint</name>
         <load_address>0xc1c8</load_address>
         <run_address>0xc1c8</run_address>
         <size>0x138</size>
         <input_file_ref idref="fl-10b"/>
      </object_component>
      <object_component id="oc-a47">
         <name>i.OpenRequestEvent</name>
         <load_address>0xc300</load_address>
         <run_address>0xc300</run_address>
         <size>0x134</size>
         <input_file_ref idref="fl-10e"/>
      </object_component>
      <object_component id="oc-894">
         <name>i.ConnectRemoteEndpoint</name>
         <load_address>0xc434</load_address>
         <run_address>0xc434</run_address>
         <size>0x130</size>
         <input_file_ref idref="fl-10b"/>
      </object_component>
      <object_component id="oc-94e">
         <name>i.SignallingDataEvent</name>
         <load_address>0xc564</load_address>
         <run_address>0xc564</run_address>
         <size>0x130</size>
         <input_file_ref idref="fl-10e"/>
      </object_component>
      <object_component id="oc-870">
         <name>i.GAVD_Set_Configuration_Response</name>
         <load_address>0xc694</load_address>
         <run_address>0xc694</run_address>
         <size>0x12c</size>
         <input_file_ref idref="fl-10e"/>
      </object_component>
      <object_component id="oc-90b">
         <name>i.L2CAP_ConnectResponseEvent</name>
         <load_address>0xc7c0</load_address>
         <run_address>0xc7c0</run_address>
         <size>0x12c</size>
         <input_file_ref idref="fl-100"/>
      </object_component>
      <object_component id="oc-689">
         <name>i.ProcessOpenEndPointIndication</name>
         <load_address>0xc8ec</load_address>
         <run_address>0xc8ec</run_address>
         <size>0x12c</size>
         <input_file_ref idref="fl-10b"/>
      </object_component>
      <object_component id="oc-683">
         <name>i.ProcessSetConfigurationIndication</name>
         <load_address>0xca18</load_address>
         <run_address>0xca18</run_address>
         <size>0x128</size>
         <input_file_ref idref="fl-10b"/>
      </object_component>
      <object_component id="oc-99d">
         <name>i.MapAACConfigurationToFormat</name>
         <load_address>0xcb40</load_address>
         <run_address>0xcb40</run_address>
         <size>0x124</size>
         <input_file_ref idref="fl-10b"/>
      </object_component>
      <object_component id="oc-679">
         <name>i.ProcessSignallingConnectIndication</name>
         <load_address>0xcc64</load_address>
         <run_address>0xcc64</run_address>
         <size>0x120</size>
         <input_file_ref idref="fl-10b"/>
      </object_component>
      <object_component id="oc-a3d">
         <name>i.DiscoverRequestEvent</name>
         <load_address>0xcd84</load_address>
         <run_address>0xcd84</run_address>
         <size>0x118</size>
         <input_file_ref idref="fl-10e"/>
      </object_component>
      <object_component id="oc-a4d">
         <name>i.SuspendStreamRequestEvent</name>
         <load_address>0xce9c</load_address>
         <run_address>0xce9c</run_address>
         <size>0x116</size>
         <input_file_ref idref="fl-10e"/>
      </object_component>
      <object_component id="oc-6cf">
         <name>i.AVCTP_Close_Connection</name>
         <load_address>0xcfb4</load_address>
         <run_address>0xcfb4</run_address>
         <size>0x114</size>
         <input_file_ref idref="fl-10c"/>
      </object_component>
      <object_component id="oc-844">
         <name>i.CleanupGAVDSignallingChannel</name>
         <load_address>0xd0c8</load_address>
         <run_address>0xd0c8</run_address>
         <size>0x114</size>
         <input_file_ref idref="fl-10e"/>
      </object_component>
      <object_component id="oc-64b">
         <name>i.ParseSBCStreamFormatList</name>
         <load_address>0xd1dc</load_address>
         <run_address>0xd1dc</run_address>
         <size>0x10c</size>
         <input_file_ref idref="fl-10b"/>
      </object_component>
      <object_component id="oc-921">
         <name>i.L2CAP_ConfigRequestResponse</name>
         <load_address>0xd2e8</load_address>
         <run_address>0xd2e8</run_address>
         <size>0x10a</size>
         <input_file_ref idref="fl-100"/>
      </object_component>
      <object_component id="oc-a39">
         <name>i.CheckQueuedDataWrite</name>
         <load_address>0xd3f2</load_address>
         <run_address>0xd3f2</run_address>
         <size>0x104</size>
         <input_file_ref idref="fl-100"/>
      </object_component>
      <object_component id="oc-30e">
         <name>i.AUD_Un_Initialize</name>
         <load_address>0xd4f8</load_address>
         <run_address>0xd4f8</run_address>
         <size>0x100</size>
         <input_file_ref idref="fl-10b"/>
      </object_component>
      <object_component id="oc-4e7">
         <name>i.GAPBondingEventHandler</name>
         <load_address>0xd5f8</load_address>
         <run_address>0xd5f8</run_address>
         <size>0xfe</size>
         <input_file_ref idref="fl-fd"/>
      </object_component>
      <object_component id="oc-a36">
         <name>i.SendDataPacket</name>
         <load_address>0xd6f6</load_address>
         <run_address>0xd6f6</run_address>
         <size>0xfe</size>
         <input_file_ref idref="fl-ff"/>
      </object_component>
      <object_component id="oc-962">
         <name>i.CreateServiceCapabilitiesElement</name>
         <load_address>0xd7f4</load_address>
         <run_address>0xd7f4</run_address>
         <size>0xfc</size>
         <input_file_ref idref="fl-10e"/>
      </object_component>
      <object_component id="oc-6cb">
         <name>i.GAVD_Disconnect_Signalling_Connection</name>
         <load_address>0xd8f0</load_address>
         <run_address>0xd8f0</run_address>
         <size>0xfc</size>
         <input_file_ref idref="fl-10e"/>
      </object_component>
      <object_component id="oc-5b2">
         <name>i.OpenComm</name>
         <load_address>0xd9ec</load_address>
         <run_address>0xd9ec</run_address>
         <size>0xfc</size>
         <input_file_ref idref="fl-108"/>
      </object_component>
      <object_component id="oc-2e9">
         <name>i.AUD_Query_Stream_Configuration</name>
         <load_address>0xdae8</load_address>
         <run_address>0xdae8</run_address>
         <size>0xf8</size>
         <input_file_ref idref="fl-10b"/>
      </object_component>
      <object_component id="oc-85a">
         <name>i.CheckAndDispatchFailedConnection</name>
         <load_address>0xdbe0</load_address>
         <run_address>0xdbe0</run_address>
         <size>0xf8</size>
         <input_file_ref idref="fl-10b"/>
      </object_component>
      <object_component id="oc-872">
         <name>i.GAVD_Reconfigure_Response</name>
         <load_address>0xdcd8</load_address>
         <run_address>0xdcd8</run_address>
         <size>0xf8</size>
         <input_file_ref idref="fl-10e"/>
      </object_component>
      <object_component id="oc-954">
         <name>i.RecoveryDataEvent</name>
         <load_address>0xddd0</load_address>
         <run_address>0xddd0</run_address>
         <size>0xf6</size>
         <input_file_ref idref="fl-10e"/>
      </object_component>
      <object_component id="oc-5df">
         <name>i._HCI_Event_Callback</name>
         <load_address>0xdec6</load_address>
         <run_address>0xdec6</run_address>
         <size>0xf6</size>
         <input_file_ref idref="fl-102"/>
      </object_component>
      <object_component id="oc-79f">
         <name>i.LP_ConnectCfmNeg</name>
         <load_address>0xdfbc</load_address>
         <run_address>0xdfbc</run_address>
         <size>0xf4</size>
         <input_file_ref idref="fl-100"/>
      </object_component>
      <object_component id="oc-828">
         <name>i.OpenEventCallback</name>
         <load_address>0xe0b0</load_address>
         <run_address>0xe0b0</run_address>
         <size>0xf2</size>
         <input_file_ref idref="fl-10c"/>
      </object_component>
      <object_component id="oc-4a9">
         <name>i.GAVD_Get_Channel_Information</name>
         <load_address>0xe1a4</load_address>
         <run_address>0xe1a4</run_address>
         <size>0xf0</size>
         <input_file_ref idref="fl-10e"/>
      </object_component>
      <object_component id="oc-96a">
         <name>i.ParseAPIUUIDs</name>
         <load_address>0xe294</load_address>
         <run_address>0xe294</run_address>
         <size>0xf0</size>
         <input_file_ref idref="fl-103"/>
      </object_component>
      <object_component id="oc-832">
         <name>i.SDP_Add_Attribute</name>
         <load_address>0xe384</load_address>
         <run_address>0xe384</run_address>
         <size>0xf0</size>
         <input_file_ref idref="fl-103"/>
      </object_component>
      <object_component id="oc-631">
         <name>i.L2CA_Get_Link_Connection_State</name>
         <load_address>0xe474</load_address>
         <run_address>0xe474</run_address>
         <size>0xee</size>
         <input_file_ref idref="fl-100"/>
      </object_component>
      <object_component id="oc-7ad">
         <name>i.LP_DisconnectCfm</name>
         <load_address>0xe562</load_address>
         <run_address>0xe562</run_address>
         <size>0xec</size>
         <input_file_ref idref="fl-100"/>
      </object_component>
      <object_component id="oc-7ec">
[...]
         <name>_L2CA_Connect_Request</name>
         <value>0x6a01</value>
         <object_component_ref idref="oc-a13"/>
      </symbol>
      <symbol id="sm-1992">
         <name>_L2CA_Connect_Response</name>
         <value>0x10e09</value>
         <object_component_ref idref="oc-7d8"/>
      </symbol>
      <symbol id="sm-1993">
         <name>_L2CA_Data_Write</name>
         <value>0x18db1</value>
         <object_component_ref idref="oc-936"/>
      </symbol>
      <symbol id="sm-1994">
         <name>_L2CA_Disconnect_Request</name>
         <value>0x125e1</value>
         <object_component_ref idref="oc-7f6"/>
      </symbol>
      <symbol id="sm-1995">
         <name>_L2CA_Disconnect_Response</name>
         <value>0x184f5</value>
         <object_component_ref idref="oc-7e4"/>
      </symbol>
      <symbol id="sm-1996">
         <name>_L2CA_Enhanced_Data_Write</name>
         <value>0x10235</value>
         <object_component_ref idref="oc-9ea"/>
      </symbol>
      <symbol id="sm-1997">
         <name>_L2CA_Flush_Channel_Data</name>
         <value>0x14717</value>
         <object_component_ref idref="oc-93e"/>
      </symbol>
      <symbol id="sm-1998">
         <name>_L2CA_Register_PSM</name>
         <value>0x14b65</value>
         <object_component_ref idref="oc-5eb"/>
      </symbol>
      <symbol id="sm-1999">
         <name>_L2CA_Un_Register_PSM</name>
         <value>0x14631</value>
         <object_component_ref idref="oc-814"/>
      </symbol>
      <symbol id="sm-19ad">
         <name>RFCOMM_Cleanup</name>
         <value>0x17a6d</value>
         <object_component_ref idref="oc-430"/>
      </symbol>
      <symbol id="sm-19ae">
         <name>RFCOMM_Initialize</name>
         <value>0x1084d</value>
         <object_component_ref idref="oc-420"/>
      </symbol>
      <symbol id="sm-19af">
         <name>_RFCOMM_Set_System_Parameters</name>
         <value>0x160ed</value>
         <object_component_ref idref="oc-5f7"/>
      </symbol>
      <symbol id="sm-19c4">
         <name>SCO_Cleanup</name>
         <value>0x12f65</value>
         <object_component_ref idref="oc-434"/>
      </symbol>
      <symbol id="sm-19c5">
         <name>SCO_Initialize</name>
         <value>0x8fad</value>
         <object_component_ref idref="oc-41a"/>
      </symbol>
      <symbol id="sm-1a80">
         <name>SDP_Add_Attribute</name>
         <value>0xe385</value>
         <object_component_ref idref="oc-832"/>
      </symbol>
      <symbol id="sm-1a81">
         <name>SDP_Cleanup</name>
         <value>0x163e1</value>
         <object_component_ref idref="oc-432"/>
      </symbol>
      <symbol id="sm-1a82">
         <name>SDP_Create_Service_Record</name>
         <value>0xb635</value>
         <object_component_ref idref="oc-830"/>
      </symbol>
      <symbol id="sm-1a83">
         <name>SDP_Delete_Service_Record</name>
         <value>0x1541b</value>
         <object_component_ref idref="oc-497"/>
      </symbol>
      <symbol id="sm-1a84">
         <name>SDP_Initialize</name>
         <value>0x112bd</value>
         <object_component_ref idref="oc-41e"/>
      </symbol>
      <symbol id="sm-1a85">
         <name>WriteDataElementSequenceHeader</name>
         <value>0x15475</value>
         <object_component_ref idref="oc-932"/>
      </symbol>
      <symbol id="sm-1a95">
         <name>SPP_Cleanup</name>
         <value>0x17cf1</value>
         <object_component_ref idref="oc-42c"/>
      </symbol>
      <symbol id="sm-1a96">
         <name>SPP_Initialize</name>
         <value>0x13299</value>
         <object_component_ref idref="oc-424"/>
      </symbol>
      <symbol id="sm-1a9e">
         <name>OTP_Cleanup</name>
         <value>0x5bc7</value>
         <object_component_ref idref="oc-428"/>
      </symbol>
      <symbol id="sm-1a9f">
         <name>OTP_Initialize</name>
         <value>0x18e91</value>
         <object_component_ref idref="oc-43a"/>
      </symbol>
      <symbol id="sm-1ab4">
         <name>CleanupCertificateModule</name>
         <value>0x5547</value>
         <object_component_ref idref="oc-418"/>
      </symbol>
      <symbol id="sm-1ab5">
         <name>GetAccess</name>
         <value>0x18331</value>
         <object_component_ref idref="oc-416"/>
      </symbol>
      <symbol id="sm-1ab6">
         <name>GetCertCurrentDate</name>
         <value>0x18e81</value>
         <object_component_ref idref="oc-414"/>
      </symbol>
      <symbol id="sm-1ab7">
         <name>GetCertLength</name>
         <value>0x18e85</value>
         <object_component_ref idref="oc-410"/>
      </symbol>
      <symbol id="sm-1ab8">
         <name>GetCertPtr</name>
         <value>0x18e11</value>
         <object_component_ref idref="oc-412"/>
      </symbol>
      <symbol id="sm-1ab9">
         <name>InitializeCertificateModule</name>
         <value>0x18e8d</value>
         <object_component_ref idref="oc-40e"/>
      </symbol>
      <symbol id="sm-1b16">
         <name>HCI_CancelPacket</name>
         <value>0x15021</value>
         <object_component_ref idref="oc-596"/>
      </symbol>
      <symbol id="sm-1b17">
         <name>HCI_ChangeSCOConfiguration</name>
         <value>0x160a5</value>
         <object_component_ref idref="oc-799"/>
      </symbol>
      <symbol id="sm-1b18">
         <name>HCI_ChangeSCOConfigurationHandles</name>
         <value>0x1749d</value>
         <object_component_ref idref="oc-79b"/>
      </symbol>
      <symbol id="sm-1b19">
         <name>HCI_CloseDriver</name>
         <value>0x10d59</value>
         <object_component_ref idref="oc-43e"/>
      </symbol>
      <symbol id="sm-1b1a">
         <name>HCI_OpenDriver</name>
         <value>0x1078d</value>
         <object_component_ref idref="oc-404"/>
      </symbol>
      <symbol id="sm-1b1b">
         <name>HCI_ProcessHCIDriverInformation</name>
         <value>0x16865</value>
         <object_component_ref idref="oc-592"/>
      </symbol>
      <symbol id="sm-1b1c">
         <name>HCI_ReconfigureDriver</name>
         <value>0x151f5</value>
         <object_component_ref idref="oc-326"/>
      </symbol>
      <symbol id="sm-1b1d">
         <name>HCI_RegisterACLDataCallback</name>
         <value>0x18ddd</value>
         <object_component_ref idref="oc-5be"/>
      </symbol>
      <symbol id="sm-1b1e">
         <name>HCI_RegisterEventCallback</name>
         <value>0x18de7</value>
         <object_component_ref idref="oc-5bc"/>
      </symbol>
      <symbol id="sm-1b1f">
         <name>HCI_RegisterSCODataCallback</name>
         <value>0x18df1</value>
         <object_component_ref idref="oc-5c0"/>
      </symbol>
      <symbol id="sm-1b20">
         <name>HCI_SendPacket</name>
         <value>0x119d1</value>
         <object_component_ref idref="oc-590"/>
      </symbol>
      <symbol id="sm-1b21">
         <name>HCI_UnRegisterCallback</name>
         <value>0x15251</value>
         <object_component_ref idref="oc-5c8"/>
      </symbol>
      <symbol id="sm-1b70">
         <name>ChangeCommSCOConfiguration</name>
         <value>0x173ad</value>
         <object_component_ref idref="oc-8f1"/>
      </symbol>
      <symbol id="sm-1b71">
         <name>CleanupCOMMList</name>
         <value>0x1605d</value>
         <object_component_ref idref="oc-627"/>
      </symbol>
      <symbol id="sm-1b72">
         <name>CloseComm</name>
         <value>0x1628d</value>
         <object_component_ref idref="oc-5b4"/>
      </symbol>
      <symbol id="sm-1b73">
         <name>InitializeCOMMList</name>
         <value>0x187f9</value>
         <object_component_ref idref="oc-5ae"/>
      </symbol>
      <symbol id="sm-1b74">
         <name>OpenComm</name>
         <value>0xd9ed</value>
         <object_component_ref idref="oc-5b2"/>
      </symbol>
      <symbol id="sm-1b75">
         <name>ProcessComm</name>
         <value>0x18215</value>
         <object_component_ref idref="oc-76b"/>
      </symbol>
      <symbol id="sm-1b76">
         <name>ReconfigureComm</name>
         <value>0xff11</value>
         <object_component_ref idref="oc-513"/>
      </symbol>
      <symbol id="sm-1b77">
         <name>SendCommPacket</name>
         <value>0x109c9</value>
         <object_component_ref idref="oc-8eb"/>
      </symbol>
      <symbol id="sm-1b9f">
         <name>HCILL_Initialize</name>
         <value>0x17c9d</value>
         <object_component_ref idref="oc-8aa"/>
      </symbol>
      <symbol id="sm-1ba0">
         <name>HCILL_ReceiveBytes</name>
         <value>0x139d9</value>
         <object_component_ref idref="oc-9b8"/>
      </symbol>
      <symbol id="sm-1ba1">
         <name>HCILL_Reconfigure</name>
         <value>0x18455</value>
         <object_component_ref idref="oc-9b2"/>
      </symbol>
      <symbol id="sm-1ba2">
         <name>HCILL_Resynchronize</name>
         <value>0x18dd3</value>
         <object_component_ref idref="oc-9b4"/>
      </symbol>
      <symbol id="sm-1ba3">
         <name>HCILL_Shutdown</name>
         <value>0x18475</value>
         <object_component_ref idref="oc-9b0"/>
      </symbol>
      <symbol id="sm-1ba4">
         <name>HCILL_TransmitBytes</name>
         <value>0x13211</value>
         <object_component_ref idref="oc-9b6"/>
      </symbol>
      <symbol id="sm-1c1b">
         <name>TWUART_Initialize</name>
         <value>0x11169</value>
         <object_component_ref idref="oc-8ac"/>
      </symbol>
      <symbol id="sm-1c1c">
         <name>TWUART_ReceiveBytes</name>
         <value>0xa869</value>
         <object_component_ref idref="oc-9c2"/>
      </symbol>
      <symbol id="sm-1c1d">
         <name>TWUART_Reconfigure</name>
         <value>0x12a6d</value>
         <object_component_ref idref="oc-9bc"/>
      </symbol>
      <symbol id="sm-1c1e">
         <name>TWUART_Resynchronize</name>
         <value>0x15689</value>
         <object_component_ref idref="oc-9be"/>
      </symbol>
      <symbol id="sm-1c1f">
         <name>TWUART_Shutdown</name>
         <value>0x17903</value>
         <object_component_ref idref="oc-9ba"/>
      </symbol>
      <symbol id="sm-1c20">
         <name>TWUART_TransmitBytes</name>
         <value>0x11ceb</value>
         <object_component_ref idref="oc-9c0"/>
      </symbol>
      <symbol id="sm-1daa">
         <name>AUD_Change_Media_Codec_Parameters</name>
         <value>0xae09</value>
         <object_component_ref idref="oc-2e0"/>
      </symbol>
      <symbol id="sm-1dab">
         <name>AUD_Initialize</name>
         <value>0x27c9</value>
         <object_component_ref idref="oc-2de"/>
      </symbol>
      <symbol id="sm-1dac">
         <name>AUD_Query_Stream_Channel_Information</name>
         <value>0xf6fd</value>
         <object_component_ref idref="oc-2e5"/>
      </symbol>
      <symbol id="sm-1dad">
         <name>AUD_Query_Stream_Configuration</name>
         <value>0xdae9</value>
         <object_component_ref idref="oc-2e9"/>
      </symbol>
      <symbol id="sm-1dae">
         <name>AUD_Send_Remote_Control_Command</name>
         <value>0x6209</value>
         <object_component_ref idref="oc-2f0"/>
      </symbol>
      <symbol id="sm-1daf">
         <name>AUD_Un_Initialize</name>
         <value>0xd4f9</value>
         <object_component_ref idref="oc-30e"/>
      </symbol>
      <symbol id="sm-1db0">
         <name>InitializeAudioModule</name>
         <value>0x187c9</value>
         <object_component_ref idref="oc-473"/>
      </symbol>
      <symbol id="sm-1e2c">
         <name>AVCTP_Cleanup</name>
         <value>0xfbe1</value>
         <object_component_ref idref="oc-49b"/>
      </symbol>
      <symbol id="sm-1e2d">
         <name>AVCTP_Close_Connection</name>
         <value>0xcfb5</value>
         <object_component_ref idref="oc-6cf"/>
      </symbol>
      <symbol id="sm-1e2e">
         <name>AVCTP_Connect_Device</name>
         <value>0x9fa9</value>
         <object_component_ref idref="oc-88e"/>
      </symbol>
      <symbol id="sm-1e2f">
         <name>AVCTP_Connect_Request_Response</name>
         <value>0x1060d</value>
         <object_component_ref idref="oc-6cd"/>
      </symbol>
      <symbol id="sm-1e30">
         <name>AVCTP_Initialize</name>
         <value>0xffdd</value>
         <object_component_ref idref="oc-483"/>
      </symbol>
      <symbol id="sm-1e31">
         <name>AVCTP_Register_Profile</name>
         <value>0xee71</value>
         <object_component_ref idref="oc-487"/>
      </symbol>
      <symbol id="sm-1e32">
         <name>AVCTP_Register_Profile_SDP_Record</name>
         <value>0x5bc9</value>
         <object_component_ref idref="oc-83c"/>
      </symbol>
      <symbol id="sm-1e33">
         <name>AVCTP_Send_Message</name>
         <value>0x6615</value>
         <object_component_ref idref="oc-6ad"/>
      </symbol>
      <symbol id="sm-1e34">
         <name>AVCTP_Set_Profile_Server_Connection_Mode</name>
         <value>0x13f3d</value>
         <object_component_ref idref="oc-485"/>
      </symbol>
      <symbol id="sm-1e35">
         <name>AVCTP_UnRegister_Profile</name>
         <value>0x11891</value>
         <object_component_ref idref="oc-499"/>
      </symbol>
      <symbol id="sm-1e36">
         <name>InitializeAVCTPModule</name>
         <value>0x187b1</value>
         <object_component_ref idref="oc-63e"/>
      </symbol>
      <symbol id="sm-1e6d">
         <name>AVRCP_Decode_Message</name>
         <value>0x16e21</value>
         <object_component_ref idref="oc-87a"/>
      </symbol>
      <symbol id="sm-1e6e">
         <name>AVRCP_Format_Abort_Continuing_Response_Command</name>
         <value>0x18e19</value>
         <object_component_ref idref="oc-892"/>
      </symbol>
      <symbol id="sm-1e6f">
         <name>AVRCP_Format_Command_Reject_Response</name>
         <value>0x18e1f</value>
         <object_component_ref idref="oc-884"/>
      </symbol>
      <symbol id="sm-1e70">
         <name>AVRCP_Format_Group_Navigation_Command</name>
         <value>0x134b5</value>
         <object_component_ref idref="oc-4bb"/>
      </symbol>
      <symbol id="sm-1e71">
         <name>AVRCP_Format_Pass_Through_Command</name>
         <value>0x11d89</value>
         <object_component_ref idref="oc-4b9"/>
      </symbol>
      <symbol id="sm-1e72">
         <name>AVRCP_Format_Subunit_Info_Command</name>
         <value>0x12ff1</value>
         <object_component_ref idref="oc-4b7"/>
      </symbol>
      <symbol id="sm-1e73">
         <name>AVRCP_Format_Subunit_Info_Response</name>
         <value>0x873d</value>
         <object_component_ref idref="oc-882"/>
      </symbol>
      <symbol id="sm-1e74">
         <name>AVRCP_Format_Unit_Info_Command</name>
         <value>0x150e1</value>
         <object_component_ref idref="oc-4b3"/>
      </symbol>
      <symbol id="sm-1e75">
         <name>AVRCP_Format_Unit_Info_Response</name>
         <value>0x1279d</value>
         <object_component_ref idref="oc-880"/>
      </symbol>
      <symbol id="sm-1e76">
         <name>AVRCP_Free_Decoded_Message</name>
         <value>0x1734d</value>
         <object_component_ref idref="oc-87e"/>
      </symbol>
      <symbol id="sm-1e77">
         <name>AVRCP_Free_Fragmented_Message_List</name>
         <value>0x182ed</value>
         <object_component_ref idref="oc-88c"/>
      </symbol>
      <symbol id="sm-1e78">
         <name>AVRCP_Register_SDP_Record_Version</name>
         <value>0x16e55</value>
         <object_component_ref idref="oc-48f"/>
      </symbol>
      <symbol id="sm-2081">
         <name>GAVD_Abort_Stream_Request</name>
         <value>0x10a85</value>
         <object_component_ref idref="oc-834"/>
      </symbol>
      <symbol id="sm-2082">
         <name>GAVD_Cleanup</name>
         <value>0x10f65</value>
         <object_component_ref idref="oc-495"/>
      </symbol>
      <symbol id="sm-2083">
         <name>GAVD_Close_End_Point</name>
         <value>0xfcad</value>
         <object_component_ref idref="oc-65f"/>
      </symbol>
      <symbol id="sm-2084">
         <name>GAVD_Connect</name>
         <value>0x9e1d</value>
         <object_component_ref idref="oc-a15"/>
      </symbol>
      <symbol id="sm-2085">
         <name>GAVD_Connect_Remote_End_Point</name>
         <value>0x577d</value>
         <object_component_ref idref="oc-999"/>
      </symbol>
      <symbol id="sm-2086">
         <name>GAVD_Connect_Request_Response</name>
         <value>0x106cd</value>
         <object_component_ref idref="oc-856"/>
      </symbol>
      <symbol id="sm-2087">
         <name>GAVD_Create_End_Point_Group</name>
         <value>0x88ed</value>
         <object_component_ref idref="oc-65b"/>
      </symbol>
      <symbol id="sm-2088">
         <name>GAVD_Disconnect</name>
         <value>0xe90d</value>
         <object_component_ref idref="oc-6c9"/>
      </symbol>
      <symbol id="sm-2089">
         <name>GAVD_Disconnect_Signalling_Connection</name>
         <value>0xd8f1</value>
         <object_component_ref idref="oc-6cb"/>
      </symbol>
      <symbol id="sm-208a">
         <name>GAVD_Discover_End_Points</name>
         <value>0x12259</value>
         <object_component_ref idref="oc-98b"/>
      </symbol>
      <symbol id="sm-208b">
         <name>GAVD_Get_Channel_Information</name>
         <value>0xe1a5</value>
         <object_component_ref idref="oc-4a9"/>
      </symbol>
      <symbol id="sm-208c">
         <name>GAVD_Get_End_Point_Capabilities</name>
         <value>0x11011</value>
         <object_component_ref idref="oc-98d"/>
      </symbol>
      <symbol id="sm-208d">
         <name>GAVD_Initialize</name>
         <value>0x14c39</value>
         <object_component_ref idref="oc-47d"/>
      </symbol>
      <symbol id="sm-208e">
         <name>GAVD_Reconfigure_Response</name>
         <value>0xdcd9</value>
         <object_component_ref idref="oc-872"/>
      </symbol>
      <symbol id="sm-208f">
         <name>GAVD_Register_End_Point</name>
         <value>0x12d35</value>
         <object_component_ref idref="oc-651"/>
      </symbol>
      <symbol id="sm-2090">
         <name>GAVD_Register_SDP_Record</name>
         <value>0x8a9d</value>
         <object_component_ref idref="oc-655"/>
      </symbol>
      <symbol id="sm-2091">
         <name>GAVD_Register_Signalling_Connection_Status</name>
         <value>0x14a21</value>
         <object_component_ref idref="oc-481"/>
      </symbol>
      <symbol id="sm-2092">
         <name>GAVD_Set_Configuration_Response</name>
         <value>0xc695</value>
         <object_component_ref idref="oc-870"/>
      </symbol>
      <symbol id="sm-2093">
         <name>GAVD_Set_Server_Connection_Mode</name>
         <value>0x1420d</value>
         <object_component_ref idref="oc-47f"/>
      </symbol>
      <symbol id="sm-2094">
         <name>GAVD_Start_Stream_Response</name>
         <value>0x13641</value>
         <object_component_ref idref="oc-874"/>
      </symbol>
      <symbol id="sm-2095">
         <name>GAVD_Suspend_Stream_Response</name>
         <value>0x136c5</value>
         <object_component_ref idref="oc-876"/>
      </symbol>
      <symbol id="sm-2096">
         <name>GAVD_Un_Register_End_Point</name>
         <value>0x97dd</value>
         <object_component_ref idref="oc-657"/>
      </symbol>
      <symbol id="sm-2097">
         <name>GAVD_Un_Register_Signalling_Connection_Status</name>
         <value>0x15199</value>
         <object_component_ref idref="oc-493"/>
      </symbol>
      <symbol id="sm-2098">
         <name>InitializeGAVDModule</name>
         <value>0x18811</value>
         <object_component_ref idref="oc-637"/>
      </symbol>
      <symbol id="sm-2099">
         <name>__TI_static_base__</name>
         <value>0x0</value>
      </symbol>
      <symbol id="sm-209c">
         <name>__mpu_init</name>
         <value>0x0</value>
      </symbol>
      <symbol id="sm-209d">
         <name>_system_post_cinit</name>
         <value>0x0</value>
      </symbol>
   </symbol_table>
   <title>Link successful</title>
</link_info>
